******************************************************************************
                  TI ARM Linker PC v18.12.3                    
******************************************************************************
>> Linked Sun Nov  3 22:51:37 2019

OUTPUT FILE NAME:   <gpiointerrupt_CC3220S_LAUNCHXL_tirtos_ccs.out>
ENTRY POINT SYMBOL: "_c_int00"  address: 2000a799


MEMORY CONFIGURATION

         name            origin    length      used     unused   attr    fill
----------------------  --------  ---------  --------  --------  ----  --------
  SRAM0                 20000000   00004000  0000070c  000038f4  RW X
  SRAM                  20004000   0003c000  00012406  00029bfa  RW X


SEGMENT ALLOCATION MAP

run origin  load origin   length   init length attrs members
----------  ----------- ---------- ----------- ----- -------
20003c00    20003c00    00000400   00000000    rw-
  20003c00    20003c00    00000400   00000000    rw- .stack
20004000    20004000    00010520   0000851a    r-x
  20004000    20004000    0000003c   0000003c    r-- .resetVecs
  20004040    20004040    000084da   000084da    r-x .text
  2000c520    2000c520    00008000   00000000    r-- .priheap
20014520    20014520    000013d5   00000000    rw-
  20014520    20014520    00000b39   00000000    rw- .bss
  2001505c    2001505c    00000899   00000000    rw- .data
200158f8    200158f8    00000b20   00000b20    r--
  200158f8    200158f8    00000876   00000876    r-- .const
  20016170    20016170    000002a8   000002a8    r-- .cinit


SECTION ALLOCATION MAP

 output                                  attributes/
section   page    origin      length       input sections
--------  ----  ----------  ----------   ----------------
.vecs      0    20000000    0000030c     NOLOAD SECTION
                  20000000    0000030c     release_pem4.oem4 (.vecs)

.stack     0    20003c00    00000400     UNINITIALIZED
                  20003c00    00000400     --HOLE--

.text      0    20004040    000084da     
                  20004040    00000a4e     rtsv7M4_T_le_eabi.lib : _printfi.c.obj (.text:__TI_printfi)
                  20004a8e    00000002     ti_drivers_config.obj (.text:Board_initHook)
                  20004a90    0000042c     driverlib.a : prcm.obj (.text:PRCMCC3200MCUInit)
                  20004ebc    00000280     drivers_cc32xx.aem4 : UARTCC32XX.oem4 (.text:UARTCC32XX_open)
                  2000513c    00000268     rtsv7M4_T_le_eabi.lib : _printfi.c.obj (.text:_pconv_a)
                  200053a4    000001d8     dht22.obj (.text:DHT_translateData)
                  2000557c    000001d4     drivers_cc32xx.aem4 : GPIOCC32XX.oem4 (.text:GPIO_setConfig)
                  20005750    000001cc     rtsv7M4_T_le_eabi.lib : _printfi.c.obj (.text:_pconv_g)
                  2000591c    000001b6                           : fd_add_t2.asm.obj (.text)
                  20005ad2    00000002     drivers_cc32xx.aem4 : CaptureCC32XX.oem4 (.text:CaptureCC32XX_init)
                  20005ad4    0000014c     dpl_cc32xx.aem4 : PowerCC32XX_tirtos.oem4 (.text:PowerCC32XX_sleepPolicy)
                  20005c20    00000148     drivers_cc32xx.aem4 : PowerCC32XX.oem4 (.text:parkPins)
                  20005d68    0000013c     rtsv7M4_T_le_eabi.lib : _printfi.c.obj (.text:_pconv_e)
                  20005ea4    00000138     drivers_cc32xx.aem4 : PowerCC32XX.oem4 (.text:Power_sleep)
                  20005fdc    00000136     rtsv7M4_T_le_eabi.lib : fd_div_t2.asm.obj (.text)
                  20006112    00000006     drivers_cc32xx.aem4 : CaptureCC32XX.oem4 (.text:CaptureCC32XX_control)
                  20006118    00000130     sysbios.aem4 : BIOS.obj (.text:ti_sysbios_knl_Semaphore_pend__E)
                  20006248    00000120     drivers_cc32xx.aem4 : UARTCC32XX.oem4 (.text:UARTCC32XX_close)
                  20006368    00000120     rtsv7M4_T_le_eabi.lib : _printfi.c.obj (.text:fcvt)
                  20006488    00000120     sysbios.aem4 : BIOS.obj (.text:xdc_runtime_Startup_startMods__I)
                  200065a8    00000114     rtsv7M4_T_le_eabi.lib : fputs.c.obj (.text:fputs)
                  200066bc    00000004     dpl_cc32xx.aem4 : ClockP_tirtos.oem4 (.text:ClockP_getCpuFreq)
                  200066c0    00000110     sysbios.aem4 : BIOS.obj (.text:ti_sysbios_knl_Task_postInit__I)
                  200067d0    00000104                  : BIOS.obj (.text:ti_sysbios_knl_Task_Instance_finalize__E)
                  200068d4    000000fc     rtsv7M4_T_le_eabi.lib : fd_mul_t2.asm.obj (.text)
                  200069d0    000000f2     drivers_cc32xx.aem4 : UARTCC32XX.oem4 (.text:UARTCC32XX_control)
                  20006ac2    00000006     driverlib.a : utils.obj (.text:UtilsDelay)
                  20006ac8    000000f0     sysbios.aem4 : BIOS.obj (.text:pthread_create)
                  20006bb8    000000f0                  : BIOS.obj (.text:ti_sysbios_knl_Task_Instance_init__E)
                  20006ca8    000000e4     drivers_cc32xx.aem4 : CaptureCC32XX.oem4 (.text:CaptureCC32XX_open)
                  20006d8c    000000dc     rtsv7M4_T_le_eabi.lib : setvbuf.c.obj (.text:setvbuf)
                  20006e68    000000d0                           : s_scalbn.c.obj (.text:scalbn)
                  20006f38    000000d0     sysbios.aem4 : BIOS.obj (.text:ti_sysbios_heaps_HeapMem_alloc__E)
                  20007008    000000cc                  : m3_Hwi_asm.obj (.text:ti_sysbios_family_arm_m3_Hwi_dispatch__I)
                  200070d4    000000ca     drivers_cc32xx.aem4 : UARTCC32XX.oem4 (.text:UARTCC32XX_write)
                  2000719e    00000002                         : UARTCC32XX.oem4 (.text:UARTCC32XX_init)
                  200071a0    000000c4                         : GPIOCC32XX.oem4 (.text:GPIO_init)
                  20007264    00000004     dpl_cc32xx.aem4 : ClockP_tirtos.oem4 (.text:ClockP_setTimeout)
                  20007268    000000c4     sysbios.aem4 : BIOS.obj (.text:ti_sysbios_knl_Task_sleep__E)
                  2000732c    000000c0     drivers_cc32xx.aem4 : PowerCC32XX.oem4 (.text:restoreParkedPins)
                  200073ec    00000004     dpl_cc32xx.aem4 : ClockP_tirtos.oem4 (.text:ClockP_start)
                  200073f0    000000bc     sysbios.aem4 : BIOS.obj (.text:xdc_runtime_Core_createObject__I)
                  200074ac    000000ba     drivers_cc32xx.aem4 : UARTCC32XX.oem4 (.text:UARTCC32XX_readPolling)
                  20007566    00000002     rtsv7M4_T_le_eabi.lib : _lock.c.obj (.text:_nop)
                  20007568    000000b8     drivers_cc32xx.aem4 : UARTCC32XX.oem4 (.text:initHw)
                  20007620    000000b8     sysbios.aem4 : BIOS.obj (.text:ti_sysbios_family_arm_m3_Hwi_Instance_init__E)
                  200076d8    000000b6     drivers_cc32xx.aem4 : UARTCC32XX.oem4 (.text:readTaskCallback)
                  2000778e    00000002     rtsv7M4_T_le_eabi.lib : div0.asm.obj (.text)
                  20007790    000000b4     dht22.obj (.text:DHT_read)
                  20007844    000000b1     rtsv7M4_T_le_eabi.lib : _printfi.c.obj (.text:_ltostr)
                  200078f5    00000001     --HOLE-- [fill = 0]
                  200078f6    000000ae     drivers_cc32xx.aem4 : UARTCC32XX.oem4 (.text:readIsrTextBlocking)
                  200079a4    000000ac     MHZ16.obj (.text:UART_CO2_init)
                  20007a50    000000a8     drivers_cc32xx.aem4 : PowerCC32XX.oem4 (.text:PowerCC32XX_configureWakeup)
                  20007af8    000000a8                         : UARTCC32XX.oem4 (.text:readTaskBlocking)
                  20007ba0    000000a4     sysbios.aem4 : BIOS.obj (.text:ti_sysbios_knl_Task_setPri__E)
                  20007c44    000000a2     drivers_cc32xx.aem4 : UARTCC32XX.oem4 (.text:readIsrTextCallback)
                  20007ce6    000000a2                         : UARTCC32XX.oem4 (.text:writeData)
                  20007d88    000000a0     auto_init.aem4 : auto_init.oem4 (.text)
                  20007e28    0000009c     sysbios.aem4 : BIOS.obj (.text:_pthread_removeThreadKeys)
                  20007ec4    0000009c     rtsv7M4_T_le_eabi.lib : memcpy_t2.asm.obj (.text)
                  20007f60    00000098     drivers_cc32xx.aem4 : GPIOCC32XX.oem4 (.text:powerNotifyFxn)
                  20007ff8    00000096     rtsv7M4_T_le_eabi.lib : ull_div_t2.asm.obj (.text)
                  2000808e    00000002     release_pem4.oem4 (.text:ti_sysbios_BIOS_nullFunc__I)
                  20008090    00000094     sysbios.aem4 : BIOS.obj (.text:ti_sysbios_knl_Task_exit__E)
                  20008124    00000090     drivers_cc32xx.aem4 : CaptureCC32XX.oem4 (.text:CaptureCC32XX_hwiIntFunction)
                  200081b4    00000090     pems.obj (.text:mainThread)
                  20008244    00000090     drivers_cc32xx.aem4 : PowerCC32XX.oem4 (.text:restoreNVICRegs)
                  200082d4    00000004     dpl_cc32xx.aem4 : ClockP_tirtos.oem4 (.text:ClockP_stop)
                  200082d8    00000090     sysbios.aem4 : BIOS.obj (.text:ti_sysbios_knl_Task_Module_startup__E)
                  20008368    0000008c     rtsv7M4_T_le_eabi.lib : fputc.c.obj (.text:fputc)
                  200083f4    00000004     dpl_cc32xx.aem4 : HwiP_tirtos.oem4 (.text:HwiP_disable)
                  200083f8    0000008c     sysbios.aem4 : BIOS.obj (.text:xdc_runtime_Memory_alloc__E)
                  20008484    00000088     driverlib.a : pin.obj (.text:PinConfigSet)
                  2000850c    00000004     dpl_cc32xx.aem4 : SemaphoreP_tirtos.oem4 (.text:SemaphoreP_post)
                  20008510    00000088     sysbios.aem4 : BIOS.obj (.text:ti_sysbios_family_arm_m3_Hwi_initNVIC__E)
                  20008598    00000086     rtsv7M4_T_le_eabi.lib : fd_cmp_t2.asm.obj (.text:__aeabi_cdcmple)
                  2000861e    00000086                           : fd_cmp_t2.asm.obj (.text:__aeabi_cdrcmple)
                  200086a4    00000004                           : printf.c.obj (.text:_outc)
                  200086a8    00000086     sysbios.aem4 : BIOS.obj (.text:xdc_runtime_Core_constructObject__I)
                  2000872e    00000002     release_pem4.oem4 (.text:xdc_runtime_Startup_reset__I)
                  20008730    00000084     drivers_cc32xx.aem4 : PowerCC32XX.oem4 (.text:Power_init)
                  200087b4    00000084                         : PowerCC32XX.oem4 (.text:saveNVICRegs)
                  20008838    00000084     sysbios.aem4 : BIOS.obj (.text:ti_sysbios_family_arm_m3_Hwi_postInit__I)
                  200088bc    00000004     rtsv7M4_T_le_eabi.lib : printf.c.obj (.text:_outs)
                  200088c0    00000084     sysbios.aem4 : BIOS.obj (.text:ti_sysbios_heaps_HeapMem_free__E)
                  20008944    00000080     drivers_cc32xx.aem4 : PowerCC32XX.oem4 (.text:Power_setDependency)
                  200089c4    00000004     release_pem4.oem4 (.text:ti_sysbios_BIOS_RtsGateProxy_enter__E)
                  200089c8    00000080     sysbios.aem4 : BIOS.obj (.text:ti_sysbios_knl_Clock_workFunc__E)
                  20008a48    0000007c     drivers_cc32xx.aem4 : CaptureCC32XX.oem4 (.text:CaptureCC32XX_start)
                  20008ac4    0000007c                         : UARTCC32XX.oem4 (.text:readIsrBinaryBlocking)
                  20008b40    0000007a     rtsv7M4_T_le_eabi.lib : memset_t2.asm.obj (.text)
                  20008bba    00000002     --HOLE-- [fill = 0]
                  20008bbc    00000078     drivers_cc32xx.aem4 : GPIOCC32XX.oem4 (.text:GPIO_hwiIntFxn)
                  20008c34    00000078                         : CaptureCC32XX.oem4 (.text:initHw)
                  20008cac    00000078                         : UARTCC32XX.oem4 (.text:readIsrBinaryCallback)
                  20008d24    00000074                         : UARTCC32XX.oem4 (.text:UARTCC32XX_hwiIntFxn)
                  20008d98    00000074     rtsv7M4_T_le_eabi.lib : fclose.c.obj (.text:__TI_closefile)
                  20008e0c    00000004     release_pem4.oem4 (.text:ti_sysbios_BIOS_RtsGateProxy_leave__E)
                  20008e10    00000074     sysbios.aem4 : BIOS.obj (.text:xdc_runtime_Core_deleteObject__I)
                  20008e84    00000004     release_pem4.oem4 (.text:ti_sysbios_family_arm_m3_Hwi_delete)
                  20008e88    00000070     sysbios.aem4 : BIOS.obj (.text:ti_sysbios_heaps_HeapMem_initPrimary__I)
                  20008ef8    0000006e     rtsv7M4_T_le_eabi.lib : _printfi.c.obj (.text:_mcpy)
                  20008f66    00000002     --HOLE-- [fill = 0]
                  20008f68    0000006c     drivers_cc32xx.aem4 : CaptureCC32XX.oem4 (.text:CaptureCC32XX_close)
                  20008fd4    0000006c     rtsv7M4_T_le_eabi.lib : hostrename.c.obj (.text:HOSTrename)
                  20009040    0000006c     sysbios.aem4 : BIOS.obj (.text:ti_sysbios_knl_Swi_restoreHwi__E)
                  200090ac    00000068     rtsv7M4_T_le_eabi.lib : hostlseek.c.obj (.text:HOSTlseek)
                  20009114    00000068                           : copy_decompress_lzss.c.obj (.text:decompress:lzss:__TI_decompress_lzss)
                  2000917c    00000068                           : printf.c.obj (.text:printf)
                  200091e4    00000004     release_pem4.oem4 (.text:ti_sysbios_family_arm_m3_TaskSupport_Module__startupDone__S)
                  200091e8    00000068     sysbios.aem4 : BIOS.obj (.text:pthread_exit)
                  20009250    00000066     drivers_cc32xx.aem4 : UARTCC32XX.oem4 (.text:UARTCC32XX_writeCancel)
                  200092b6    00000002     --HOLE-- [fill = 0]
                  200092b8    00000064                         : PowerCC32XX.oem4 (.text:PowerCC32XX_setParkState)
                  2000931c    00000064     rtsv7M4_T_le_eabi.lib : fseek.c.obj (.text:fseek)
                  20009380    00000064     main_tirtos.obj (.text:main)
                  200093e4    00000004     release_pem4.oem4 (.text:ti_sysbios_heaps_HeapMem_Module_GateProxy_enter__E)
                  200093e8    00000064     sysbios.aem4 : BIOS.obj (.text:ti_sysbios_family_arm_m3_Hwi_dispatchC__I)
                  2000944c    00000062     drivers_cc32xx.aem4 : UARTCC32XX.oem4 (.text:UARTCC32XX_writePolling)
                  200094ae    00000062     rtsv7M4_T_le_eabi.lib : _io_perm.c.obj (.text:__TI_wrt_ok)
                  20009510    00000060                           : hostopen.c.obj (.text:HOSTopen)
                  20009570    00000060     driverlib.a : prcm.obj (.text:PRCMSysResetCauseGet)
                  200095d0    00000060     sysbios.aem4 : BIOS.obj (.text:ti_sysbios_knl_Semaphore_post__E)
                  20009630    00000060                  : BIOS.obj (.text:ti_sysbios_knl_Swi_run__I)
                  20009690    0000005c     drivers_cc32xx.aem4 : CaptureCC32XX.oem4 (.text:CaptureCC32XX_stop)
                  200096ec    0000005c                         : GPIOCC32XX.oem4 (.text:GPIO_setCallback)
                  20009748    0000005c     rtsv7M4_T_le_eabi.lib : close.c.obj (.text:close)
                  200097a4    0000005c                           : s_frexp.c.obj (.text:frexp)
                  20009800    0000005c     sysbios.aem4 : BIOS.obj (.text:ti_sysbios_family_arm_m3_Timer_start__E)
                  2000985c    00000004     release_pem4.oem4 (.text:ti_sysbios_heaps_HeapMem_Module_GateProxy_leave__E)
                  20009860    0000005c     sysbios.aem4 : BIOS.obj (.text:ti_sysbios_knl_Swi_schedule__I)
                  200098bc    00000004     release_pem4.oem4 (.text:ti_sysbios_knl_Clock_TimerProxy_getMaxTicks__E)
                  200098c0    0000005c     sysbios.aem4 : BIOS.obj (.text:ti_sysbios_knl_Task_startCore__E)
                  2000991c    00000004     release_pem4.oem4 (.text:ti_sysbios_knl_Clock_TimerProxy_setPeriodMicroSecs__E)
                  20009920    0000005c     sysbios.aem4 : BIOS.obj (.text:xdc_runtime_Startup_exec__E)
                  2000997c    00000058     rtsv7M4_T_le_eabi.lib : hostread.c.obj (.text:HOSTread)
                  200099d4    00000058                           : hostwrite.c.obj (.text:HOSTwrite)
                  20009a2c    00000058     driverlib.a : prcm.obj (.text:PRCMPeripheralReset)
                  20009a84    00000058     drivers_cc32xx.aem4 : PowerCC32XX.oem4 (.text:Power_releaseDependency)
                  20009adc    00000056     rtsv7M4_T_le_eabi.lib : _printfi.c.obj (.text:_pconv_f)
                  20009b32    00000054                           : ltoa.c.obj (.text:ltoa)
                  20009b86    00000054     drivers_cc32xx.aem4 : UARTCC32XX.oem4 (.text:ringBufGet)
                  20009bda    00000002     --HOLE-- [fill = 0]
                  20009bdc    00000054     release_pem4.oem4 (.text:ti_sysbios_family_arm_m3_Hwi_create)
                  20009c30    00000054     sysbios.aem4 : BIOS.obj (.text:ti_sysbios_family_arm_m3_Timer_setPeriod__E)
                  20009c84    00000052     drivers_cc32xx.aem4 : PowerCC32XX_asm.oem4 (.text:PowerCC32XX_resumeLPDS)
                  20009cd6    00000052     rtsv7M4_T_le_eabi.lib : _printfi.c.obj (.text:_ecpy)
                  20009d28    00000050     dpl_cc32xx.aem4 : ClockP_tirtos.oem4 (.text:ClockP_create)
                  20009d78    00000050     drivers_cc32xx.aem4 : TimerCC32XX.oem4 (.text:TimerCC32XX_allocateTimerResource)
                  20009dc8    00000050     sysbios.aem4 : BIOS.obj (.text:ti_sysbios_family_arm_m3_Hwi_Module_startup__E)
                  20009e18    00000050                  : BIOS.obj (.text:ti_sysbios_knl_Clock_Instance_init__E)
                  20009e68    00000050     release_pem4.oem4 (.text:ti_sysbios_knl_Task_create)
                  20009eb8    0000004c     drivers_cc32xx.aem4 : GPIOCC32XX.oem4 (.text:GPIO_enableInt)
                  20009f04    0000004c                         : PowerCC32XX.oem4 (.text:PowerCC32XX_parkPin)
                  20009f50    0000004c     rtsv7M4_T_le_eabi.lib : fflush.c.obj (.text:__TI_doflush)
                  20009f9c    0000004c                           : atoi.c.obj (.text:atoi)
                  20009fe8    0000004c                           : cpy_tbl.c.obj (.text:copy_in)
                  2000a034    0000004c     dht22.obj (.text:initCapture)
                  2000a080    0000004c     drivers_cc32xx.aem4 : PowerCC32XX.oem4 (.text:restorePeriphClocks)
                  2000a0cc    0000004c     sysbios.aem4 : m3_TaskSupport_asm.obj (.text:ti_sysbios_family_arm_m3_TaskSupport_buildTaskStack)
                  2000a118    0000004c                  : BIOS.obj (.text:ti_sysbios_heaps_HeapMem_getStats__E)
                  2000a164    00000004     release_pem4.oem4 (.text:ti_sysbios_knl_Clock_TimerProxy_start__E)
                  2000a168    0000004c     sysbios.aem4 : BIOS.obj (.text:ti_sysbios_knl_Swi_runLoop__I)
                  2000a1b4    00000004     release_pem4.oem4 (.text:ti_sysbios_knl_Clock_TimerProxy_stop__E)
                  2000a1b8    0000004c     sysbios.aem4 : BIOS.obj (.text:ti_sysbios_knl_Task_allBlockedFunction__I)
                  2000a204    00000004     release_pem4.oem4 (.text:ti_sysbios_knl_Clock_delete)
                  2000a208    0000004c     sysbios.aem4 : BIOS.obj (.text:ti_sysbios_knl_Task_schedule__I)
                  2000a254    00000048     driverlib.a : flash.obj (.text:FlashDisable)
                  2000a29c    00000048                 : prcm.obj (.text:PRCMLPDSEnter)
                  2000a2e4    00000048                 : prcm.obj (.text:PRCMPeripheralClkEnable)
                  2000a32c    00000048     drivers_cc32xx.aem4 : PowerCC32XX.oem4 (.text:Power_releaseConstraint)
                  2000a374    00000048     dht22.obj (.text:capture)
                  2000a3bc    00000048     rtsv7M4_T_le_eabi.lib : fd_toi_t2.asm.obj (.text)
                  2000a404    00000004     release_pem4.oem4 (.text:ti_sysbios_knl_Semaphore_delete)
                  2000a408    00000048     sysbios.aem4 : BIOS.obj (.text:ti_sysbios_family_arm_m3_Hwi_disableInterrupt__E)
                  2000a450    00000048                  : BIOS.obj (.text:ti_sysbios_family_arm_m3_Hwi_enableInterrupt__E)
                  2000a498    00000048                  : m3_Hwi_asm_switch.obj (.text:ti_sysbios_family_arm_m3_Hwi_initStacks__E)
                  2000a4e0    00000048                  : BIOS.obj (.text:ti_sysbios_family_arm_m3_Timer_initDevice__I)
                  2000a528    00000048                  : BIOS.obj (.text:ti_sysbios_knl_Mailbox_Module_startup__E)
                  2000a570    00000048                  : BIOS.obj (.text:xdc_runtime_Core_assignParams__I)
                  2000a5b8    00000046     drivers_cc32xx.aem4 : RingBuf.oem4 (.text:RingBuf_put)
                  2000a5fe    00000002     --HOLE-- [fill = 0]
                  2000a600    00000044                         : Capture.oem4 (.text:Capture_init)
                  2000a644    00000044     rtsv7M4_T_le_eabi.lib : hostclose.c.obj (.text:HOSTclose)
                  2000a688    00000044                           : hostunlink.c.obj (.text:HOSTunlink)
                  2000a6cc    00000044     driverlib.a : prcm.obj (.text:PRCMLPDSRestoreInfoSet)
                  2000a710    00000044     drivers_cc32xx.aem4 : PowerCC32XX_asm.oem4 (.text:PowerCC32XX_enterLPDS)
                  2000a754    00000044                         : UART.oem4 (.text:UART_init)
                  2000a798    00000044     boot.aem4 : boot.oem4 (.text)
                  2000a7dc    00000044     rtsv7M4_T_le_eabi.lib : getdevice.c.obj (.text:getdevice)
                  2000a820    00000044     sysbios.aem4 : BIOS.obj (.text:ti_sysbios_family_arm_m3_Hwi_getStackInfo__E)
                  2000a864    00000004     release_pem4.oem4 (.text:ti_sysbios_knl_Task_delete)
                  2000a868    00000044     sysbios.aem4 : BIOS.obj (.text:ti_sysbios_knl_Mailbox_postInit__I)
                  2000a8ac    00000004     release_pem4.oem4 (.text:xdc_runtime_System_Module_GateProxy_enter__E)
                  2000a8b0    00000044     sysbios.aem4 : BIOS.obj (.text:ti_sysbios_knl_Swi_post__E)
                  2000a8f4    00000004     release_pem4.oem4 (.text:xdc_runtime_System_Module_GateProxy_leave__E)
                  2000a8f8    00000044     sysbios.aem4 : BIOS.obj (.text:xdc_runtime_System_atexit__E)
                  2000a93c    00000040     drivers_cc32xx.aem4 : Capture.oem4 (.text:Capture_open)
                  2000a97c    00000040     dpl_cc32xx.aem4 : HwiP_tirtos.oem4 (.text:HwiP_create)
                  2000a9bc    00000040     driverlib.a : pin.obj (.text:PinModeSet)
                  2000a9fc    00000040     drivers_cc32xx.aem4 : RingBuf.oem4 (.text:RingBuf_get)
                  2000aa3c    00000040                         : UARTCC32XX.oem4 (.text:UARTCC32XX_read)
                  2000aa7c    00000040                         : UART.oem4 (.text:UART_open)
                  2000aabc    00000004     --HOLE-- [fill = 0]
                  2000aac0    00000040     sysbios.aem4 : BIOS.obj (.text:ti_sysbios_heaps_HeapMem_Instance_init__E)
                  2000ab00    0000003e     rtsv7M4_T_le_eabi.lib : _printfi.c.obj (.text:_fcpy)
                  2000ab3e    00000002     --HOLE-- [fill = 0]
                  2000ab40    0000003c     drivers_cc32xx.aem4 : PowerCC32XX.oem4 (.text:Power_setConstraint)
                  2000ab7c    0000003c     dpl_cc32xx.aem4 : SemaphoreP_tirtos.oem4 (.text:SemaphoreP_create)
                  2000abb8    0000003c     sysbios.aem4 : BIOS.obj (.text:sleep)
                  2000abf4    00000004     --HOLE-- [fill = 0]
                  2000abf8    0000003c                  : BIOS.obj (.text:ti_sysbios_family_arm_m3_Hwi_Instance_finalize__E)
                  2000ac34    00000004     --HOLE-- [fill = 0]
                  2000ac38    0000003c                  : BIOS.obj (.text:ti_sysbios_family_arm_m3_Timer_setPeriodMicroSecs__E)
                  2000ac74    0000003c     release_pem4.oem4 (.text:ti_sysbios_knl_Clock_create)
                  2000acb0    0000003c     sysbios.aem4 : BIOS.obj (.text:ti_sysbios_knl_Clock_walkQueuePeriodic__E)
                  2000acec    00000004     --HOLE-- [fill = 0]
                  2000acf0    0000003c                  : BIOS.obj (.text:ti_sysbios_knl_Swi_restore__E)
                  2000ad2c    00000004     --HOLE-- [fill = 0]
                  2000ad30    0000003c                  : BIOS.obj (.text:usleep)
                  2000ad6c    00000004     --HOLE-- [fill = 0]
                  2000ad70    0000003c                  : BIOS.obj (.text:xdc_runtime_System_processAtExit__E)
                  2000adac    0000003a     dpl_cc32xx.aem4 : PowerCC32XX_tirtos.oem4 (.text:getCountsRTC)
                  2000ade6    0000003a     drivers_cc32xx.aem4 : CaptureCC32XX.oem4 (.text:getPowerMgrId)
                  2000ae20    00000038                         : GPIOCC32XX.oem4 (.text:GPIO_read)
                  2000ae58    00000038     driverlib.a : prcm.obj (.text:PRCMLPDSEnterKeepDebugIf)
                  2000ae90    00000038     rtsv7M4_T_le_eabi.lib : trgmsg.c.obj (.text:__TI_writemsg)
                  2000aec8    00000038     drivers_cc32xx.aem4 : PowerCC32XX.oem4 (.text:notify)
                  2000af00    00000038     sysbios.aem4 : BIOS.obj (.text:ti_sysbios_knl_Task_processVitalTaskFlag__I)
                  2000af38    00000036     driverlib.a : timer.obj (.text:TimerControlStall)
                  2000af6e    00000036     drivers_cc32xx.aem4 : UARTCC32XX.oem4 (.text:UARTCC32XX_readCancel)
                  2000afa4    00000036     rtsv7M4_T_le_eabi.lib : strncpy.c.obj (.text:strncpy)
                  2000afda    00000002     --HOLE-- [fill = 0]
                  2000afdc    00000034     dht22.obj (.text:CtoF)
                  2000b010    00000034     driverlib.a : pin.obj (.text:PinModeGet)
                  2000b044    00000034     drivers_cc32xx.aem4 : PowerCC32XX.oem4 (.text:PowerCC32XX_restoreParkState)
                  2000b078    00000034                         : TimerCC32XX.oem4 (.text:TimerCC32XX_freeTimerResource)
                  2000b0ac    00000034     rtsv7M4_T_le_eabi.lib : fopen.c.obj (.text:__TI_cleanup)
                  2000b0e0    00000034                           : trgmsg.c.obj (.text:__TI_readmsg)
                  2000b114    00000004     --HOLE-- [fill = 0]
                  2000b118    00000034     sysbios.aem4 : BIOS.obj (.text:_pthread_delete$41)
                  2000b14c    00000034     drivers_cc32xx.aem4 : TimerCC32XX.oem4 (.text:getPowerMgrId)
                  2000b180    00000034     sysbios.aem4 : BIOS.obj (.text:ti_sysbios_family_arm_m3_Timer_periodicStub__I)
                  2000b1b4    00000034     release_pem4.oem4 (.text:ti_sysbios_knl_Semaphore_create)
                  2000b1e8    00000032     sysbios.aem4 : BIOS.obj (.text:ti_sysbios_hal_Hwi_initStack)
                  2000b21a    00000030     drivers_cc32xx.aem4 : PowerCC32XX.oem4 (.text:PowerCC32XX_restoreParkedPin)
                  2000b24a    00000002     --HOLE-- [fill = 0]
                  2000b24c    00000030     driverlib.a : timer.obj (.text:TimerControlEvent)
                  2000b27c    00000030     rtsv7M4_T_le_eabi.lib : getdevice.c.obj (.text:finddevice)
                  2000b2ac    00000030     release_pem4.oem4 (.text:ti_sysbios_BIOS_atExitFunc__I)
                  2000b2dc    00000030     release_pem4.oem4 (.text:ti_sysbios_BIOS_startFunc__I)
                  2000b30c    00000004     --HOLE-- [fill = 0]
                  2000b310    00000030     sysbios.aem4 : BIOS.obj (.text:ti_sysbios_family_arm_m3_TaskSupport_start__E)
                  2000b340    00000030     release_pem4.oem4 (.text:ti_sysbios_gates_GateHwi_Object__create__S)
                  2000b370    00000030     release_pem4.oem4 (.text:ti_sysbios_gates_GateMutex_Object__create__S)
                  2000b3a0    00000030     sysbios.aem4 : BIOS.obj (.text:ti_sysbios_gates_GateMutex_enter__E)
                  2000b3d0    00000030     release_pem4.oem4 (.text:ti_sysbios_heaps_HeapMem_Object__create__S)
                  2000b400    00000030     release_pem4.oem4 (.text:ti_sysbios_knl_Semaphore_construct)
                  2000b430    00000030     sysbios.aem4 : BIOS.obj (.text:ti_sysbios_knl_Semaphore_pendTimeout__I)
                  2000b460    00000030                  : BIOS.obj (.text:ti_sysbios_knl_Task_restore__E)
                  2000b490    00000030                  : BIOS.obj (.text:ti_sysbios_knl_Task_unblockI__E)
                  2000b4c0    0000002e     rtsv7M4_T_le_eabi.lib : i_tofd_t2.asm.obj (.text)
                  2000b4ee    0000002e     release_pem4.oem4 (.text:ti_sysbios_rts_MemAlloc_alloc)
                  2000b51c    0000002c     drivers_cc32xx.aem4 : PowerCC32XX.oem4 (.text:PowerCC32XX_getParkState)
                  2000b548    0000002c     dpl_cc32xx.aem4 : SemaphoreP_tirtos.oem4 (.text:SemaphoreP_createBinary)
                  2000b574    00000004     --HOLE-- [fill = 0]
                  2000b578    0000002c     sysbios.aem4 : BIOS.obj (.text:_pthread_cleanupFxn)
                  2000b5a4    0000002c     release_pem4.oem4 (.text:ti_sysbios_gates_GateHwi_Handle__label__S)
                  2000b5d0    0000002c     release_pem4.oem4 (.text:ti_sysbios_gates_GateMutex_Handle__label__S)
                  2000b5fc    0000002c     release_pem4.oem4 (.text:ti_sysbios_heaps_HeapMem_Handle__label__S)
                  2000b628    0000002c     release_pem4.oem4 (.text:ti_sysbios_knl_Clock_doTick__I)
                  2000b654    0000002c     release_pem4.oem4 (.text:ti_sysbios_knl_Queue_construct)
                  2000b680    0000002c     rtsv7M4_T_le_eabi.lib : unlink.c.obj (.text:unlink)
                  2000b6ac    00000028     dht22.obj (.text:DHT_begin)
                  2000b6d4    00000028     driverlib.a : prcm.obj (.text:PRCMPeripheralClkDisable)
                  2000b6fc    00000028     dpl_cc32xx.aem4 : PowerCC32XX_tirtos.oem4 (.text:PowerCC32XX_initPolicy)
                  2000b724    00000028     drivers_cc32xx.aem4 : PowerCC32XX.oem4 (.text:Power_registerNotify)
                  2000b74c    00000028     rtsv7M4_T_le_eabi.lib : lseek.c.obj (.text:lseek)
                  2000b774    00000028     sysbios.aem4 : m3_Hwi_asm.obj (.text:ti_sysbios_family_arm_m3_Hwi_excHandlerAsm__I)
                  2000b79c    00000004     --HOLE-- [fill = 0]
                  2000b7a0    00000028                  : BIOS.obj (.text:ti_sysbios_knl_Clock_addI__E)
                  2000b7c8    00000028                  : BIOS.obj (.text:ti_sysbios_knl_Swi_Module_startup__E)
                  2000b7f0    00000028     rtsv7M4_T_le_eabi.lib : write.c.obj (.text:write)
                  2000b818    00000026     drivers_cc32xx.aem4 : List.oem4 (.text:List_put)
                  2000b83e    00000026                         : List.oem4 (.text:List_remove)
                  2000b864    00000024                         : PowerCC32XX.oem4 (.text:PowerCC32XX_reset)
                  2000b888    00000024     sysbios.aem4 : BIOS.obj (.text:pthread_attr_init)
                  2000b8ac    00000024     release_pem4.oem4 (.text:ti_sysbios_BIOS_registerRTSLock__I)
                  2000b8d0    00000024     release_pem4.oem4 (.text:ti_sysbios_BIOS_removeRTSLock__I)
                  2000b8f4    00000004     --HOLE-- [fill = 0]
                  2000b8f8    00000024     sysbios.aem4 : BIOS.obj (.text:ti_sysbios_family_arm_m3_Timer_postInit__I)
                  2000b91c    00000004     --HOLE-- [fill = 0]
                  2000b920    00000024                  : BIOS.obj (.text:ti_sysbios_family_arm_m3_Timer_startup__E)
                  2000b944    00000024     release_pem4.oem4 (.text:ti_sysbios_gates_GateMutex_Object__delete__S)
                  2000b968    00000024     sysbios.aem4 : BIOS.obj (.text:ti_sysbios_knl_Clock_Module_startup__E)
                  2000b98c    00000024     release_pem4.oem4 (.text:ti_sysbios_knl_Clock_Object__delete__S)
                  2000b9b0    00000024     sysbios.aem4 : BIOS.obj (.text:ti_sysbios_knl_Clock_start__E)
                  2000b9d4    00000004     --HOLE-- [fill = 0]
                  2000b9d8    00000024                  : BIOS.obj (.text:ti_sysbios_knl_Semaphore_Instance_init__E)
                  2000b9fc    00000024     release_pem4.oem4 (.text:ti_sysbios_knl_Semaphore_Object__delete__S)
                  2000ba20    00000024     sysbios.aem4 : BIOS.obj (.text:ti_sysbios_knl_Task_restoreHwi__E)
                  2000ba44    00000004     --HOLE-- [fill = 0]
                  2000ba48    00000024                  : BIOS.obj (.text:xdc_runtime_Error_policyMin__E)
                  2000ba6c    00000022     driverlib.a : timer.obj (.text:TimerValueSet)
                  2000ba8e    00000002     --HOLE-- [fill = 0]
                  2000ba90    00000020     drivers_cc32xx.aem4 : PowerCC32XX.oem4 (.text:Power_unregisterNotify)
                  2000bab0    00000020                         : RingBuf.oem4 (.text:RingBuf_peek)
                  2000bad0    00000020                         : UARTCC32XX.oem4 (.text:getPowerMgrId)
                  2000baf0    00000020     rtsv7M4_T_le_eabi.lib : memchr.c.obj (.text:memchr)
                  2000bb10    00000020     dht22.obj (.text:restartCapture)
                  2000bb30    00000020     release_pem4.oem4 (.text:ti_sysbios_BIOS_rtsLock__I)
                  2000bb50    00000020     release_pem4.oem4 (.text:ti_sysbios_family_arm_m3_Hwi_Object__delete__S)
                  2000bb70    00000020     release_pem4.oem4 (.text:ti_sysbios_gates_GateHwi_Object__delete__S)
                  2000bb90    00000020     release_pem4.oem4 (.text:ti_sysbios_heaps_HeapMem_Object__delete__S)
                  2000bbb0    00000020     sysbios.aem4 : BIOS.obj (.text:ti_sysbios_knl_Idle_run__E)
                  2000bbd0    00000020     release_pem4.oem4 (.text:ti_sysbios_knl_Semaphore_destruct)
                  2000bbf0    00000020     release_pem4.oem4 (.text:ti_sysbios_knl_Task_Object__delete__S)
                  2000bc10    0000001e     driverlib.a : timer.obj (.text:TimerDisable)
                  2000bc2e    0000001e                 : timer.obj (.text:TimerEnable)
                  2000bc4c    0000001e     sysbios.aem4 : m3_Hwi_asm_switch.obj (.text:ti_sysbios_family_xxx_Hwi_switchAndRunFunc)
                  2000bc6a    00000002     --HOLE-- [fill = 0]
                  2000bc6c    0000001c     driverlib.a : pin.obj (.text:PinToPadGet)
                  2000bc88    0000001c                 : timer.obj (.text:TimerValueGet)
                  2000bca4    0000001c     rtsv7M4_T_le_eabi.lib : memccpy.c.obj (.text:memccpy)
                  2000bcc0    0000001c     sysbios.aem4 : BIOS.obj (.text:ti_sysbios_family_arm_m3_Hwi_excHandler__I)
                  2000bcdc    00000004     --HOLE-- [fill = 0]
                  2000bce0    0000001c                  : BIOS.obj (.text:ti_sysbios_family_arm_m3_Timer_Module_startup__E)
                  2000bcfc    00000004     --HOLE-- [fill = 0]
                  2000bd00    0000001c                  : BIOS.obj (.text:ti_sysbios_family_arm_m3_Timer_stop__E)
                  2000bd1c    00000004     --HOLE-- [fill = 0]
                  2000bd20    0000001c                  : BIOS.obj (.text:ti_sysbios_gates_GateMutex_Instance_init__E)
                  2000bd3c    00000004     --HOLE-- [fill = 0]
                  2000bd40    0000001c                  : BIOS.obj (.text:ti_sysbios_knl_Clock_Instance_finalize__E)
                  2000bd5c    0000001c     release_pem4.oem4 (.text:ti_sysbios_knl_Queue_destruct)
                  2000bd78    0000001c     sysbios.aem4 : BIOS.obj (.text:ti_sysbios_knl_Queue_put__E)
                  2000bd94    00000004     --HOLE-- [fill = 0]
                  2000bd98    0000001c                  : BIOS.obj (.text:ti_sysbios_knl_Task_enter__I)
                  2000bdb4    00000004     --HOLE-- [fill = 0]
                  2000bdb8    0000001c                  : BIOS.obj (.text:ti_sysbios_rts_ti_ReentSupport_getReent__F)
                  2000bdd4    0000001a     release_pem4.oem4 (.text:free)
                  2000bdee    0000001a     sysbios.aem4 : m3_Hwi_asm.obj (.text:ti_sysbios_family_arm_m3_Hwi_pendSV__I)
                  2000be08    00000018     drivers_cc32xx.aem4 : PowerCC32XX.oem4 (.text:Power_idleFunc)
                  2000be20    00000018     driverlib.a : timer.obj (.text:TimerIntDisable)
                  2000be38    00000018                 : timer.obj (.text:TimerIntEnable)
                  2000be50    00000018                 : uart.obj (.text:UARTBusy)
                  2000be68    00000018                 : uart.obj (.text:UARTIntEnable)
                  2000be80    00000018     drivers_cc32xx.aem4 : UART.oem4 (.text:UART_Params_init)
                  2000be98    00000018     rtsv7M4_T_le_eabi.lib : args_main.c.obj (.text:_args_main)
                  2000beb0    00000018                           : ll_mul_t2.asm.obj (.text)
                  2000bec8    00000018                           : strcmp.c.obj (.text:strcmp)
                  2000bee0    00000018     release_pem4.oem4 (.text:ti_sysbios_BIOS_rtsUnlock__I)
                  2000bef8    00000018     release_pem4.oem4 (.text:ti_sysbios_family_arm_m3_Hwi_Module__startupDone__F)
                  2000bf10    00000018     release_pem4.oem4 (.text:ti_sysbios_family_arm_m3_Timer_Module__startupDone__F)
                  2000bf28    00000018     sysbios.aem4 : BIOS.obj (.text:ti_sysbios_gates_GateMutex_leave__E)
                  2000bf40    00000018                  : BIOS.obj (.text:ti_sysbios_knl_Task_sleepTimeout__I)
                  2000bf58    00000018     release_pem4.oem4 (.text:ti_sysbios_rts_ti_ReentSupport_getTlsAddr__I)
                  2000bf70    00000018     sysbios.aem4 : BIOS.obj (.text:xdc_runtime_Error_init__E)
                  2000bf88    00000018                  : BIOS.obj (.text:xdc_runtime_System_exit__E)
                  2000bfa0    00000016     driverlib.a : prcm.obj (.text:PRCMHIBRegRead)
                  2000bfb6    00000016                 : prcm.obj (.text:PRCMHIBRegWrite)
                  2000bfcc    00000016     rtsv7M4_T_le_eabi.lib : strchr.c.obj (.text:strchr)
                  2000bfe2    00000016     release_pem4.oem4 (.text:ti_sysbios_BIOS_exitFunc__I)
                  2000bff8    00000014     drivers_cc32xx.aem4 : PowerCC32XX.oem4 (.text:Power_getDependencyCount)
                  2000c00c    00000004     --HOLE-- [fill = 0]
                  2000c010    00000014     sysbios.aem4 : BIOS.obj (.text:pthread_attr_setschedparam)
                  2000c024    00000014     drivers_cc32xx.aem4 : UARTCC32XX.oem4 (.text:releasePowerConstraint)
                  2000c038    00000014     rtsv7M4_T_le_eabi.lib : strcpy.c.obj (.text:strcpy)
                  2000c04c    00000014                           : strlen.c.obj (.text:strlen)
                  2000c060    00000014     release_pem4.oem4 (.text:ti_sysbios_family_arm_m3_Hwi_Object__get__S)
                  2000c074    00000004     --HOLE-- [fill = 0]
                  2000c078    00000014     sysbios.aem4 : BIOS.obj (.text:ti_sysbios_family_arm_m3_Hwi_switchFromBootStack__E)
                  2000c08c    00000014     release_pem4.oem4 (.text:ti_sysbios_heaps_HeapMem_Object__get__S)
                  2000c0a0    00000014     sysbios.aem4 : BIOS.obj (.text:ti_sysbios_knl_Clock_tickReconfig__E)
                  2000c0b4    00000014     release_pem4.oem4 (.text:ti_sysbios_knl_Swi_Object__get__S)
                  2000c0c8    00000012     drivers_cc32xx.aem4 : RingBuf.oem4 (.text:RingBuf_construct)
                  2000c0da    00000012     dpl_cc32xx.aem4 : SemaphoreP_tirtos.oem4 (.text:SemaphoreP_pend)
                  2000c0ec    00000012     driverlib.a : timer.obj (.text:TimerIntClear)
                  2000c0fe    00000002     --HOLE-- [fill = 0]
                  2000c100    00000012     sysbios.aem4 : BIOS.obj (.text:_pthread_runStub$41)
                  2000c112    00000006     --HOLE-- [fill = 0]
                  2000c118    00000012                  : BIOS.obj (.text:ti_sysbios_hal_Hwi_Module_startup__E)
                  2000c12a    00000012     rtsv7M4_T_le_eabi.lib : wcslen.c.obj (.text:wcslen)
                  2000c13c    00000012     release_pem4.oem4 (.text:xdc_runtime_Startup_exec__I)
                  2000c14e    00000010     ti_drivers_config.obj (.text:Board_init)
                  2000c15e    00000002     --HOLE-- [fill = 0]
                  2000c160    00000010     drivers_cc32xx.aem4 : Capture.oem4 (.text:Capture_Params_init)
                  2000c170    00000010     dpl_cc32xx.aem4 : HwiP_tirtos.oem4 (.text:HwiP_Params_init)
                  2000c180    00000010     drivers_cc32xx.aem4 : UARTCC32XX.oem4 (.text:readBlockingTimeout)
                  2000c190    00000010     sysbios.aem4 : BIOS.obj (.text:ti_sysbios_BIOS_getCpuFreq__E)
                  2000c1a0    00000010                  : BIOS.obj (.text:ti_sysbios_BIOS_setThreadType__E)
                  2000c1b0    00000010                  : BIOS.obj (.text:ti_sysbios_BIOS_start__E)
                  2000c1c0    00000010                  : m3_TaskSupport_asm.obj (.text:ti_sysbios_family_arm_m3_TaskSupport_glue)
                  2000c1d0    00000010                  : m3_TaskSupport_asm.obj (.text:ti_sysbios_family_arm_m3_TaskSupport_swap__E)
                  2000c1e0    00000010                  : BIOS.obj (.text:ti_sysbios_gates_GateMutex_Instance_finalize__E)
                  2000c1f0    00000010     release_pem4.oem4 (.text:ti_sysbios_knl_Mailbox_Object__get__S)
                  2000c200    00000010     sysbios.aem4 : BIOS.obj (.text:ti_sysbios_knl_Semaphore_Instance_finalize__E)
                  2000c210    00000010                  : BIOS.obj (.text:ti_sysbios_knl_Swi_disable__E)
                  2000c220    00000010     release_pem4.oem4 (.text:ti_sysbios_knl_Task_Object__get__S)
                  2000c230    00000010     sysbios.aem4 : BIOS.obj (.text:ti_sysbios_knl_Task_disable__E)
                  2000c240    00000010                  : BIOS.obj (.text:xdc_runtime_Memory_free__E)
                  2000c250    00000010                  : BIOS.obj (.text:xdc_runtime_SysCallback_abort__E)
                  2000c260    00000010                  : BIOS.obj (.text:xdc_runtime_SysCallback_exit__E)
                  2000c270    0000000e     drivers_cc32xx.aem4 : RingBuf.oem4 (.text:RingBuf_isFull)
                  2000c27e    0000000e     rtsv7M4_T_le_eabi.lib : copy_decompress_none.c.obj (.text:decompress:none:__TI_decompress_none)
                  2000c28c    00000004     --HOLE-- [fill = 0]
                  2000c290    0000000e     sysbios.aem4 : BIOS.obj (.text:pthread_attr_setdetachstate)
                  2000c29e    00000002     --HOLE-- [fill = 0]
                  2000c2a0    0000000e                  : BIOS.obj (.text:ti_sysbios_knl_Idle_loop__E)
                  2000c2ae    00000002     --HOLE-- [fill = 0]
                  2000c2b0    0000000e                  : BIOS.obj (.text:ti_sysbios_knl_Queue_empty__E)
                  2000c2be    0000000c     dpl_cc32xx.aem4 : ClockP_tirtos.oem4 (.text:ClockP_delete)
                  2000c2ca    0000000c                     : HwiP_tirtos.oem4 (.text:HwiP_delete)
                  2000c2d6    00000002     --HOLE-- [fill = 0]
                  2000c2d8    0000000c     drivers_cc32xx.aem4 : PowerCC32XX.oem4 (.text:Power_getConstraintMask)
                  2000c2e4    0000000c     dpl_cc32xx.aem4 : SemaphoreP_tirtos.oem4 (.text:SemaphoreP_delete)
                  2000c2f0    0000000c     rtsv7M4_T_le_eabi.lib : _lock.c.obj (.text:_register_lock)
                  2000c2fc    0000000c                           : _lock.c.obj (.text:_register_unlock)
                  2000c308    0000000c                           : s_copysign.c.obj (.text:copysign)
                  2000c314    0000000c                           : copy_zero_init.c.obj (.text:decompress:ZI:__TI_zero_init)
                  2000c320    0000000c     drivers_cc32xx.aem4 : CaptureCC32XX.oem4 (.text:postNotifyFxn)
                  2000c32c    0000000c                         : UARTCC32XX.oem4 (.text:postNotifyFxn)
                  2000c338    0000000c     release_pem4.oem4 (.text:ti_sysbios_family_arm_m3_Hwi_Params__init__S)
                  2000c344    00000004     --HOLE-- [fill = 0]
                  2000c348    0000000c     sysbios.aem4 : BIOS.obj (.text:ti_sysbios_family_arm_m3_Hwi_disableFxn__E)
                  2000c354    00000004     --HOLE-- [fill = 0]
                  2000c358    0000000c                  : BIOS.obj (.text:ti_sysbios_family_arm_m3_TaskSupport_getStackAlignment__E)
                  2000c364    00000004     --HOLE-- [fill = 0]
                  2000c368    0000000c                  : BIOS.obj (.text:ti_sysbios_gates_GateHwi_enter__E)
                  2000c374    0000000c     release_pem4.oem4 (.text:ti_sysbios_knl_Clock_Params__init__S)
                  2000c380    0000000c     sysbios.aem4 : BIOS.obj (.text:ti_sysbios_knl_Clock_getTicks__E)
                  2000c38c    00000004     --HOLE-- [fill = 0]
                  2000c390    0000000c                  : BIOS.obj (.text:ti_sysbios_knl_Clock_setTicks__E)
                  2000c39c    00000004     --HOLE-- [fill = 0]
                  2000c3a0    0000000c                  : BIOS.obj (.text:ti_sysbios_knl_Clock_tickStart__E)
                  2000c3ac    00000004     --HOLE-- [fill = 0]
                  2000c3b0    0000000c                  : BIOS.obj (.text:ti_sysbios_knl_Clock_tickStop__E)
                  2000c3bc    0000000c     release_pem4.oem4 (.text:ti_sysbios_knl_Queue_Object__get__S)
                  2000c3c8    0000000c     release_pem4.oem4 (.text:ti_sysbios_knl_Semaphore_Params__init__S)
                  2000c3d4    0000000c     release_pem4.oem4 (.text:ti_sysbios_knl_Task_Params__init__S)
                  2000c3e0    0000000c     sysbios.aem4 : BIOS.obj (.text:ti_sysbios_knl_Task_self__E)
                  2000c3ec    00000004     --HOLE-- [fill = 0]
                  2000c3f0    0000000c                  : BIOS.obj (.text:ti_sysbios_rts_ti_ReentSupport_taskRegHook__I)
                  2000c3fc    00000004     --HOLE-- [fill = 0]
                  2000c400    0000000c                  : BIOS.obj (.text:xdc_runtime_Startup_rtsDone__E)
                  2000c40c    0000000a     drivers_cc32xx.aem4 : Capture.oem4 (.text:Capture_close)
                  2000c416    0000000a                         : Capture.oem4 (.text:Capture_start)
                  2000c420    0000000a                         : Capture.oem4 (.text:Capture_stop)
                  2000c42a    0000000a     dpl_cc32xx.aem4 : ClockP_tirtos.oem4 (.text:ClockP_Params_init)
                  2000c434    0000000a     release_pem4.oem4 (.text:xdc_runtime_IHeap_alloc)
                  2000c43e    0000000a     release_pem4.oem4 (.text:xdc_runtime_IHeap_free)
                  2000c448    00000008     dpl_cc32xx.aem4 : SemaphoreP_tirtos.oem4 (.text:SemaphoreP_Params_init)
                  2000c450    00000008     sysbios.aem4 : BIOS.obj (.text:pthread_attr_setstacksize)
                  2000c458    00000008     drivers_cc32xx.aem4 : UARTCC32XX.oem4 (.text:readSemCallback)
                  2000c460    00000008     sysbios.aem4 : BIOS.obj (.text:ti_sysbios_family_arm_m3_Hwi_doSwiRestore__I)
                  2000c468    00000008                  : BIOS.obj (.text:ti_sysbios_family_arm_m3_Hwi_startup__E)
                  2000c470    00000008     drivers_cc32xx.aem4 : UARTCC32XX.oem4 (.text:writeSemCallback)
                  2000c478    00000006     sysbios.aem4 : BIOS.obj (.text:ti_sysbios_family_arm_m3_Hwi_doTaskRestore__I)
                  2000c47e    00000002     --HOLE-- [fill = 0]
                  2000c480    00000006                  : BIOS.obj (.text:ti_sysbios_family_arm_m3_Hwi_restoreFxn__E)
                  2000c486    00000002     --HOLE-- [fill = 0]
                  2000c488    00000006                  : BIOS.obj (.text:ti_sysbios_gates_GateHwi_leave__E)
                  2000c48e    00000002     --HOLE-- [fill = 0]
                  2000c490    00000006                  : BIOS.obj (.text:ti_sysbios_heaps_HeapMem_isBlocking__E)
                  2000c496    00000002     --HOLE-- [fill = 0]
                  2000c498    00000006                  : BIOS.obj (.text:ti_sysbios_knl_Clock_stop__E)
                  2000c49e    00000002     --HOLE-- [fill = 0]
                  2000c4a0    00000006                  : BIOS.obj (.text:ti_sysbios_knl_Queue_Instance_init__E)
                  2000c4a6    00000002     --HOLE-- [fill = 0]
                  2000c4a8    00000006                  : BIOS.obj (.text:ti_sysbios_knl_Swi_startup__E)
                  2000c4ae    00000002     --HOLE-- [fill = 0]
                  2000c4b0    00000006                  : BIOS.obj (.text:xdc_runtime_System_Module_startup__E)
                  2000c4b6    00000002     --HOLE-- [fill = 0]
                  2000c4b8    00000004                  : BIOS.obj (.text:__aeabi_errno_addr)
                  2000c4bc    00000004     --HOLE-- [fill = 0]
                  2000c4c0    00000004                  : BIOS.obj (.text:ti_sysbios_family_arm_m3_Timer_getMaxTicks__E)
                  2000c4c4    00000004     --HOLE-- [fill = 0]
                  2000c4c8    00000004                  : BIOS.obj (.text:ti_sysbios_gates_GateHwi_query__E)
                  2000c4cc    00000004     --HOLE-- [fill = 0]
                  2000c4d0    00000004                  : BIOS.obj (.text:ti_sysbios_gates_GateMutex_query__E)
                  2000c4d4    00000004     --HOLE-- [fill = 0]
                  2000c4d8    00000004                  : BIOS.obj (.text:ti_sysbios_knl_Clock_setTimeout__E)
                  2000c4dc    00000004     --HOLE-- [fill = 0]
                  2000c4e0    00000004                  : BIOS.obj (.text:ti_sysbios_knl_Task_startup__E)
                  2000c4e4    00000004     --HOLE-- [fill = 0]
                  2000c4e8    00000002                  : BIOS.obj (.text:ti_sysbios_BIOS_linkedWithIncorrectBootLibrary__E)
                  2000c4ea    00000006     --HOLE-- [fill = 0]
                  2000c4f0    00000002                  : BIOS.obj (.text:ti_sysbios_gates_GateHwi_Instance_init__E)
                  2000c4f2    00000006     --HOLE-- [fill = 0]
                  2000c4f8    00000002                  : BIOS.obj (.text:ti_sysbios_knl_Clock_logTick__E)
                  2000c4fa    00000006     --HOLE-- [fill = 0]
                  2000c500    00000002                  : BIOS.obj (.text:xdc_runtime_SysCallback_defaultAbort)
                  2000c502    00000006     --HOLE-- [fill = 0]
                  2000c508    00000002                  : BIOS.obj (.text:xdc_runtime_SysCallback_defaultExit)
                  2000c50a    00000006     --HOLE-- [fill = 0]
                  2000c510    00000002                  : BIOS.obj (.text:xdc_runtime_System_abortSpin__E)
                  2000c512    00000006     --HOLE-- [fill = 0]
                  2000c518    00000002                  : BIOS.obj (.text:xdc_runtime_System_exitSpin__E)

.bss       0    20014520    00000b39     UNINITIALIZED
                  20014520    0000030c     (.common:ti_sysbios_family_arm_m3_Hwi_dispatchTable)
                  2001482c    00000004     drivers_cc32xx.aem4 : GPIOCC32XX.oem4 (.bss)
                  20014830    00000200     release_pem4.oem4 (.bss:taskStackSection)
                  20014a30    00000144     (.common:data)
                  20014b74    0000012c     (.common:PowerCC32XX_contextSave)
                  20014ca0    00000120     rtsv7M4_T_le_eabi.lib : trgmsg.c.obj (.bss:_CIOBUF_)
                  20014dc0    000000a0     (.common:__TI_tmpnams)
                  20014e60    00000084     (.common:uartCC32XXObjects0)
                  20014ee4    00000084     (.common:uartCC32XXObjects1)
                  20014f68    00000030     (.common:captureCC32XXObjects)
                  20014f98    00000024     (.common:paramsCO2)
                  20014fbc    00000020     drivers_cc32xx.aem4 : GPIOCC32XX.oem4 (.bss:gpioCallbackInfo)
                  20014fdc    00000020     ti_drivers_config.obj (.bss:uartCC32XXRingBuffer0)
                  20014ffc    00000014     drivers_cc32xx.aem4 : GPIOCC32XX.oem4 (.bss:powerNotifyObj)
                  20015010    0000000c     ti_drivers_config.obj (.bss:uartCC32XXRingBuffer1)
                  2001501c    0000000c     (.common:DHT_Data)
                  20015028    0000000c     (.common:captParams)
                  20015034    00000008     drivers_cc32xx.aem4 : CaptureCC32XX.oem4 (.bss:clockFreq)
                  2001503c    00000008     (.common:parmbuf)
                  20015044    00000004                         : TimerCC32XX.oem4 (.bss:timerState)
                  20015048    00000004     (.common:ClockP_tickPeriod)
                  2001504c    00000004     (.common:captHandle)
                  20015050    00000004     (.common:ti_sysbios_knl_Task_Instance_State_0_hookEnv__A)
                  20015054    00000004     (.common:uartCO2)
                  20015058    00000001     (.common:TEMP)

.data      0    2001505c    00000899     UNINITIALIZED
                  2001505c    0000016c     drivers_cc32xx.aem4 : PowerCC32XX.oem4 (.data:PowerCC32XX_module)
                  200151c8    000000f8     ti_drivers_config.obj (.data:parkInfo)
                  200152c0    000000f0     rtsv7M4_T_le_eabi.lib : defs.c.obj (.data:_ftable)
                  200153b0    00000088     sysbios.aem4 : BIOS.obj (.data:$O1$$)
                  20015438    00000080     release_pem4.oem4 (.data:ti_sysbios_knl_Swi_Module_State_0_readyQ__A)
                  200154b8    00000080     release_pem4.oem4 (.data:ti_sysbios_knl_Task_Module_State_0_readyQ__A)
                  20015538    00000078     rtsv7M4_T_le_eabi.lib : host_device.c.obj (.data:_device)
                  200155b0    00000054     release_pem4.oem4 (.data:ti_sysbios_gates_GateMutex_Object__table__V)
                  20015604    00000050     rtsv7M4_T_le_eabi.lib : host_device.c.obj (.data:_stream)
                  20015654    0000004c     release_pem4.oem4 (.data:ti_sysbios_knl_Task_Object__table__V)
                  200156a0    00000044     release_pem4.oem4 (.data:ti_sysbios_knl_Task_Module__state__V)
                  200156e4    00000034     release_pem4.oem4 (.data:ti_sysbios_family_arm_m3_Hwi_Module__state__V)
                  20015718    00000030     release_pem4.oem4 (.data:ti_sysbios_family_arm_m3_Timer_Object__table__V)
                  20015748    00000030     release_pem4.oem4 (.data:ti_sysbios_knl_Swi_Object__table__V)
                  20015778    0000002c     release_pem4.oem4 (.data:ti_sysbios_knl_Clock_Module__state__V)
                  200157a4    00000024     release_pem4.oem4 (.data:ti_sysbios_BIOS_Module__state__V)
                  200157c8    00000020     release_pem4.oem4 (.data:xdc_runtime_Error_IgnoreBlock)
                  200157e8    0000001c     release_pem4.oem4 (.data:ti_sysbios_knl_Swi_Module__state__V)
                  20015804    00000018     release_pem4.oem4 (.data:ti_sysbios_family_arm_m3_Hwi_Object__table__V)
                  2001581c    00000018     release_pem4.oem4 (.data:ti_sysbios_heaps_HeapMem_Object__table__V)
                  20015834    00000010     rtsv7M4_T_le_eabi.lib : defs.c.obj (.data)
                  20015844    0000000c                           : exit.c.obj (.data:$O1$$)
                  20015850    0000000c     release_pem4.oem4 (.data:ti_sysbios_family_arm_m3_Timer_Module__state__V)
                  2001585c    00000009     drivers_cc32xx.aem4 : GPIOCC32XX.oem4 (.data)
                  20015865    00000001                         : Capture.oem4 (.data)
                  20015866    00000002     release_pem4.oem4 (.data:ti_sysbios_family_arm_m3_Hwi_Module_State_0_excActive__A)
                  20015868    00000008     rtsv7M4_T_le_eabi.lib : _lock.c.obj (.data:$O1$$)
                  20015870    00000008     dht22.obj (.data)
                  20015878    00000008     release_pem4.oem4 (.data:ti_sysbios_family_arm_m3_Hwi_Module__root__V)
                  20015880    00000008     release_pem4.oem4 (.data:ti_sysbios_gates_GateHwi_Module__root__V)
                  20015888    00000008     release_pem4.oem4 (.data:ti_sysbios_gates_GateMutex_Module__root__V)
                  20015890    00000008     release_pem4.oem4 (.data:ti_sysbios_heaps_HeapMem_Module__root__V)
                  20015898    00000008     release_pem4.oem4 (.data:ti_sysbios_knl_Clock_Module__root__V)
                  200158a0    00000008     release_pem4.oem4 (.data:ti_sysbios_knl_Queue_Module__root__V)
                  200158a8    00000008     release_pem4.oem4 (.data:ti_sysbios_knl_Semaphore_Module__root__V)
                  200158b0    00000008     release_pem4.oem4 (.data:ti_sysbios_knl_Task_Module__root__V)
                  200158b8    00000008     release_pem4.oem4 (.data:xdc_runtime_Startup_Module__state__V)
                  200158c0    00000008     release_pem4.oem4 (.data:xdc_runtime_System_Module_State_0_atexitHandlers__A)
                  200158c8    00000008     release_pem4.oem4 (.data:xdc_runtime_System_Module__state__V)
                  200158d0    00000004     ti_drivers_config.obj (.data:gpioCallbackFunctions)
                  200158d4    00000004     ti_drivers_config.obj (.data:gpioPinConfigs)
                  200158d8    00000004     rtsv7M4_T_le_eabi.lib : stkdepth_vars.c.obj (.data)
                  200158dc    00000004     release_pem4.oem4 (.data:ti_sysbios_family_arm_m3_Hwi_Module_State_0_excContext__A)
                  200158e0    00000004     release_pem4.oem4 (.data:ti_sysbios_family_arm_m3_Hwi_Module_State_0_excStack__A)
                  200158e4    00000004     release_pem4.oem4 (.data:ti_sysbios_gates_GateHwi_Object__table__V)
                  200158e8    00000004     release_pem4.oem4 (.data:ti_sysbios_knl_Task_Module_State_0_idleTask__A)
                  200158ec    00000004     release_pem4.oem4 (.data:ti_sysbios_rts_ti_ReentSupport_Module__state__V)
                  200158f0    00000004     release_pem4.oem4 (.data:xdc_runtime_Memory_Module__state__V)
                  200158f4    00000001     drivers_cc32xx.aem4 : UART.oem4 (.data)

.const     0    200158f8    00000876     
                  200158f8    00000101     rtsv7M4_T_le_eabi.lib : ctype.c.obj (.const:.string:_ctypes_)
                  200159f9    00000003     ti_drivers_config.obj (.const)
                  200159fc    00000100     driverlib.a : pin.obj (.const:g_ulPinToPadMap)
                  20015afc    000000a8                 : prcm.obj (.const:PRCM_PeriphRegsList)
                  20015ba4    00000040     ti_drivers_config.obj (.const:PowerCC32XX_config)
                  20015be4    0000003c     release_pem4.oem4 (.const:ti_sysbios_knl_Task_Object__PARAMS__C)
                  20015c20    00000030     release_pem4.oem4 (.const:ti_sysbios_family_arm_m3_Hwi_Object__PARAMS__C)
                  20015c50    00000028     drivers_cc32xx.aem4 : UARTCC32XX.oem4 (.const:UARTCC32XX_fxnTable)
                  20015c78    00000028     release_pem4.oem4 (.const:ti_sysbios_heaps_HeapMem_Module__FXNS__C)
                  20015ca0    00000024     drivers_cc32xx.aem4 : UART.oem4 (.const:UART_defaultParams)
                  20015cc4    00000024     release_pem4.oem4 (.const:ti_sysbios_gates_GateHwi_Module__FXNS__C)
                  20015ce8    00000024     release_pem4.oem4 (.const:ti_sysbios_gates_GateMutex_Module__FXNS__C)
                  20015d0c    00000024     release_pem4.oem4 (.const:ti_sysbios_heaps_HeapMem_Object__PARAMS__C)
                  20015d30    00000024     release_pem4.oem4 (.const:ti_sysbios_knl_Clock_Object__PARAMS__C)
                  20015d54    00000024     release_pem4.oem4 (.const:ti_sysbios_knl_Semaphore_Object__PARAMS__C)
                  20015d78    00000024     ti_drivers_config.obj (.const:uartCC32XXHWAttrs0)
                  20015d9c    00000024     ti_drivers_config.obj (.const:uartCC32XXHWAttrs1)
                  20015dc0    00000021     drivers_cc32xx.aem4 : GPIOCC32XX.oem4 (.const:.string:pinTable)
                  20015de1    00000001     release_pem4.oem4 (.const:ti_sysbios_knl_Clock_tickMode__C)
                  20015de2    00000002     release_pem4.oem4 (.const:ti_sysbios_family_arm_m3_Hwi_Module__id__C)
                  20015de4    00000020     drivers_cc32xx.aem4 : UARTCC32XX.oem4 (.const:staticFxnTable)
                  20015e04    00000020     release_pem4.oem4 (.const:ti_sysbios_family_arm_m3_Hwi_Object__DESC__C)
                  20015e24    00000020     release_pem4.oem4 (.const:ti_sysbios_gates_GateHwi_Object__DESC__C)
                  20015e44    00000020     release_pem4.oem4 (.const:ti_sysbios_gates_GateMutex_Object__DESC__C)
                  20015e64    00000020     release_pem4.oem4 (.const:ti_sysbios_heaps_HeapMem_Object__DESC__C)
                  20015e84    00000020     release_pem4.oem4 (.const:ti_sysbios_knl_Clock_Object__DESC__C)
                  20015ea4    00000020     release_pem4.oem4 (.const:ti_sysbios_knl_Queue_Object__DESC__C)
                  20015ec4    00000020     release_pem4.oem4 (.const:ti_sysbios_knl_Semaphore_Object__DESC__C)
                  20015ee4    00000020     release_pem4.oem4 (.const:ti_sysbios_knl_Task_Object__DESC__C)
                  20015f04    00000020     release_pem4.oem4 (.const:xdc_runtime_Startup_sfxnTab__A)
                  20015f24    00000018     drivers_cc32xx.aem4 : CaptureCC32XX.oem4 (.const:CaptureCC32XX_fxnTable)
                  20015f3c    00000018     ti_drivers_config.obj (.const:UART_config)
                  20015f54    00000018     release_pem4.oem4 (.const:ti_sysbios_gates_GateHwi_Object__PARAMS__C)
                  20015f6c    00000018     release_pem4.oem4 (.const:ti_sysbios_gates_GateMutex_Object__PARAMS__C)
                  20015f84    00000018     release_pem4.oem4 (.const:ti_sysbios_knl_Queue_Object__PARAMS__C)
                  20015f9c    00000018     release_pem4.oem4 (.const:ti_sysbios_knl_Task_hooks__A)
                  20015fb4    00000014     ti_drivers_config.obj (.const:GPIOCC32XX_config)
                  20015fc8    00000014     drivers_cc32xx.aem4 : GPIOCC32XX.oem4 (.const:gpioBaseAddresses)
                  20015fdc    00000014                         : UARTCC32XX.oem4 (.const:parityType)
                  20015ff0    00000014                         : GPIOCC32XX.oem4 (.const:powerResources)
                  20016004    00000010                         : UARTCC32XX.oem4 (.const:dataLength)
                  20016014    00000010     release_pem4.oem4 (.const:xdc_runtime_Startup_sfxnRts__A)
                  20016024    0000000c     ti_drivers_config.obj (.const:Capture_config)
                  20016030    0000000c     drivers_cc32xx.aem4 : Capture.oem4 (.const:defaultParams)
                  2001603c    0000000c     release_pem4.oem4 (.const:xdc_runtime_Startup_firstFxns__A)
                  20016048    00000008     ti_drivers_config.obj (.const:captureCC32XXHWAttrs)
                  20016050    00000008     drivers_cc32xx.aem4 : GPIOCC32XX.oem4 (.const:outPinTypes)
                  20016058    00000008                         : UARTCC32XX.oem4 (.const:stopBits)
                  20016060    00000008     release_pem4.oem4 (.const:ti_sysbios_knl_Idle_funcList__A)
                  20016068    00000008     release_pem4.oem4 (.const:ti_sysbios_knl_Idle_funcList__C)
                  20016070    00000008     release_pem4.oem4 (.const:ti_sysbios_knl_Task_hooks__C)
                  20016078    00000008     release_pem4.oem4 (.const:xdc_runtime_Startup_firstFxns__C)
                  20016080    00000008     release_pem4.oem4 (.const:xdc_runtime_Startup_lastFxns__C)
                  20016088    00000006     drivers_cc32xx.aem4 : GPIOCC32XX.oem4 (.const:.string:interruptType)
                  2001608e    00000006                         : GPIOCC32XX.oem4 (.const:inPinTypes)
                  20016094    00000006                         : GPIOCC32XX.oem4 (.const:outPinStrengths)
                  2001609a    00000004                         : GPIOCC32XX.oem4 (.const:.string:portInterruptIds)
                  2001609e    00000002     release_pem4.oem4 (.const:ti_sysbios_family_arm_m3_Timer_Module__id__C)
                  200160a0    00000004     release_pem4.oem4 (.const:ti_sysbios_family_arm_m3_Hwi_E_alreadyDefined__C)
                  200160a4    00000004     release_pem4.oem4 (.const:ti_sysbios_family_arm_m3_Hwi_E_badIntNum__C)
                  200160a8    00000004     release_pem4.oem4 (.const:ti_sysbios_family_arm_m3_Hwi_NUM_INTERRUPTS__C)
                  200160ac    00000004     release_pem4.oem4 (.const:ti_sysbios_family_arm_m3_Hwi_Object__count__C)
                  200160b0    00000004     release_pem4.oem4 (.const:ti_sysbios_family_arm_m3_Hwi_ccr__C)
                  200160b4    00000004     release_pem4.oem4 (.const:ti_sysbios_family_arm_m3_Hwi_excHandlerFunc__C)
                  200160b8    00000004     release_pem4.oem4 (.const:ti_sysbios_family_arm_m3_Hwi_nullIsrFunc__C)
                  200160bc    00000004     release_pem4.oem4 (.const:ti_sysbios_family_arm_m3_Hwi_priGroup__C)
                  200160c0    00000004     release_pem4.oem4 (.const:ti_sysbios_family_arm_m3_Hwi_swiDisable__C)
                  200160c4    00000004     release_pem4.oem4 (.const:ti_sysbios_family_arm_m3_Hwi_swiRestore__C)
                  200160c8    00000004     release_pem4.oem4 (.const:ti_sysbios_family_arm_m3_TaskSupport_stackAlignment__C)
                  200160cc    00000004     release_pem4.oem4 (.const:ti_sysbios_family_arm_m3_Timer_E_cannotSupport__C)
                  200160d0    00000004     release_pem4.oem4 (.const:ti_sysbios_family_arm_m3_Timer_startupNeeded__C)
                  200160d4    00000004     release_pem4.oem4 (.const:ti_sysbios_gates_GateMutex_Instance_State_sem__O)
                  200160d8    00000004     release_pem4.oem4 (.const:ti_sysbios_heaps_HeapMem_E_memory__C)
                  200160dc    00000004     release_pem4.oem4 (.const:ti_sysbios_heaps_HeapMem_Module__gateObj__C)
                  200160e0    00000004     release_pem4.oem4 (.const:ti_sysbios_heaps_HeapMem_Object__count__C)
                  200160e4    00000004     release_pem4.oem4 (.const:ti_sysbios_heaps_HeapMem_primaryHeapBaseAddr__C)
                  200160e8    00000004     release_pem4.oem4 (.const:ti_sysbios_heaps_HeapMem_primaryHeapEndAddr__C)
                  200160ec    00000004     release_pem4.oem4 (.const:ti_sysbios_heaps_HeapMem_reqAlign__C)
                  200160f0    00000004     release_pem4.oem4 (.const:ti_sysbios_knl_Clock_Module_State_clockQ__O)
                  200160f4    00000004     release_pem4.oem4 (.const:ti_sysbios_knl_Clock_tickPeriod__C)
                  200160f8    00000004     release_pem4.oem4 (.const:ti_sysbios_knl_Mailbox_Instance_State_freeQue__O)
                  200160fc    00000004     release_pem4.oem4 (.const:ti_sysbios_knl_Mailbox_Object__count__C)
                  20016100    00000004     release_pem4.oem4 (.const:ti_sysbios_knl_Mailbox_maxTypeAlign__C)
                  20016104    00000004     release_pem4.oem4 (.const:ti_sysbios_knl_Semaphore_Instance_State_pendQ__O)
                  20016108    00000004     release_pem4.oem4 (.const:ti_sysbios_knl_Swi_Object__count__C)
                  2001610c    00000004     release_pem4.oem4 (.const:ti_sysbios_knl_Task_Module_State_inactiveQ__O)
                  20016110    00000004     release_pem4.oem4 (.const:ti_sysbios_knl_Task_Object__count__C)
                  20016114    00000004     release_pem4.oem4 (.const:ti_sysbios_knl_Task_Object__heap__C)
                  20016118    00000004     release_pem4.oem4 (.const:ti_sysbios_knl_Task_allBlockedFunc__C)
                  2001611c    00000004     release_pem4.oem4 (.const:ti_sysbios_knl_Task_defaultStackHeap__C)
                  20016120    00000004     release_pem4.oem4 (.const:ti_sysbios_knl_Task_defaultStackSize__C)
                  20016124    00000004     release_pem4.oem4 (.const:ti_sysbios_knl_Task_numConstructedTasks__C)
                  20016128    00000004     release_pem4.oem4 (.const:xdc_runtime_Error_E_memory__C)
                  2001612c    00000004     release_pem4.oem4 (.const:xdc_runtime_Error_policyFxn__C)
                  20016130    00000004     release_pem4.oem4 (.const:xdc_runtime_IGateProvider_Interface__BASE__C)
                  20016134    00000004     release_pem4.oem4 (.const:xdc_runtime_IHeap_Interface__BASE__C)
                  20016138    00000004     release_pem4.oem4 (.const:xdc_runtime_IModule_Interface__BASE__C)
                  2001613c    00000004     release_pem4.oem4 (.const:xdc_runtime_Memory_defaultHeapInstance__C)
                  20016140    00000004     release_pem4.oem4 (.const:xdc_runtime_Startup_execImpl__C)
                  20016144    00000004     release_pem4.oem4 (.const:xdc_runtime_Startup_maxPasses__C)
                  20016148    00000004     release_pem4.oem4 (.const:xdc_runtime_Startup_sfxnRts__C)
                  2001614c    00000004     release_pem4.oem4 (.const:xdc_runtime_Startup_sfxnTab__C)
                  20016150    00000004     release_pem4.oem4 (.const:xdc_runtime_SysCallback_abortFxn__C)
                  20016154    00000004     release_pem4.oem4 (.const:xdc_runtime_SysCallback_exitFxn__C)
                  20016158    00000004     release_pem4.oem4 (.const:xdc_runtime_System_Module__gateObj__C)
                  2001615c    00000004     release_pem4.oem4 (.const:xdc_runtime_System_abortFxn__C)
                  20016160    00000004     release_pem4.oem4 (.const:xdc_runtime_System_exitFxn__C)
                  20016164    00000004     release_pem4.oem4 (.const:xdc_runtime_System_maxAtexitHandlers__C)
                  20016168    00000002     release_pem4.oem4 (.const:ti_sysbios_heaps_HeapMem_Module__id__C)
                  2001616a    00000002     release_pem4.oem4 (.const:xdc_runtime_Memory_Module__id__C)
                  2001616c    00000001     release_pem4.oem4 (.const:ti_sysbios_knl_Clock_tickSource__C)
                  2001616d    00000001     release_pem4.oem4 (.const:xdc_runtime_Error_policy__C)

.cinit     0    20016170    000002a8     
                  20016170    00000280     (.cinit..data.load) [load image, compression = lzss]
                  200163f0    0000000c     (__TI_handler_table)
                  200163fc    00000004     --HOLE-- [fill = 0]
                  20016400    00000008     (.cinit..bss.load) [load image, compression = zero_init]
                  20016408    00000010     (__TI_cinit_table)

.init_array 
*          0    20004000    00000000     UNINITIALIZED

.priheap   0    2000c520    00008000     UNINITIALIZED
                  2000c520    00008000     --HOLE--

.bootVecs 
*          0    00000000    00000008     DSECT
                  00000000    00000008     boot.aem4 : boot.oem4 (.bootVecs)

.resetVecs 
*          0    20004000    0000003c     
                  20004000    0000003c     release_pem4.oem4 (.resetVecs)

xdc.meta   0    00000000    0000010f     COPY SECTION
                  00000000    0000010f     release_pem4.oem4 (xdc.meta)

xdc.noload 
*          0    00000000    00000000     COPY SECTION

MODULE SUMMARY

       Module                       code    ro data   rw data
       ------                       ----    -------   -------
    .\
       dht22.obj                    924     0         361    
       MHZ16.obj                    172     0         40     
       pems.obj                     144     0         0      
       main_tirtos.obj              100     0         0      
    +--+----------------------------+-------+---------+---------+
       Total:                       1340    0         401    
                                                             
    .\syscfg\
       ti_drivers_config.obj        18      203       612    
    +--+----------------------------+-------+---------+---------+
       Total:                       18      203       612    
                                                             
    C:\Users\csant\EmbeddedWrkspace\tirtos_builds_CC3220S_LAUNCHXL_release_ccs_3_30_00_04\Debug\configPkg\package\cfg\
       release_pem4.oem4            1628    1051      3022   
    +--+----------------------------+-------+---------+---------+
       Total:                       1628    1051      3022   
                                                             
    C:/ti/simplelink_cc32xx_sdk_3_30_00_04/kernel/tirtos/packages/ti/dpl/lib/dpl_cc32xx.aem4
       PowerCC32XX_tirtos.oem4      430     0         0      
       SemaphoreP_tirtos.oem4       146     0         0      
       ClockP_tirtos.oem4           118     0         4      
       HwiP_tirtos.oem4             96      0         0      
    +--+----------------------------+-------+---------+---------+
       Total:                       790     0         4      
                                                             
    C:/ti/simplelink_cc32xx_sdk_3_30_00_04/source/ti/devices/cc32xx/driverlib/ccs/Release/driverlib.a
       prcm.obj                     1604    168       0      
       pin.obj                      280     256       0      
       timer.obj                    290     0         0      
       flash.obj                    72      0         0      
       uart.obj                     48      0         0      
       utils.obj                    6       0         0      
    +--+----------------------------+-------+---------+---------+
       Total:                       2300    424       0      
                                                             
    C:/ti/simplelink_cc32xx_sdk_3_30_00_04/source/ti/drivers/lib/drivers_cc32xx.aem4
       UARTCC32XX.oem4              3450    116       0      
       PowerCC32XX.oem4             2372    0         664    
       GPIOCC32XX.oem4              1160    103       65     
       CaptureCC32XX.oem4           894     24        8      
       RingBuf.oem4                 198     0         0      
       UART.oem4                    156     36        1      
       Capture.oem4                 178     12        1      
       TimerCC32XX.oem4             184     0         4      
       PowerCC32XX_asm.oem4         150     0         0      
       List.oem4                    76      0         0      
    +--+----------------------------+-------+---------+---------+
       Total:                       8818    291       743    
                                                             
    C:\Users\csant\EmbeddedWrkspace\tirtos_builds_CC3220S_LAUNCHXL_release_ccs_3_30_00_04\src\sysbios\sysbios.aem4
       BIOS.obj                     8300    0         136    
       m3_Hwi_asm.obj               270     0         0      
       m3_TaskSupport_asm.obj       108     0         0      
       m3_Hwi_asm_switch.obj        102     0         0      
    +--+----------------------------+-------+---------+---------+
       Total:                       8780    0         136    
                                                             
    C:\ti\ccs910\ccs\tools\compiler\ti-cgt-arm_18.12.3.LTS\lib\rtsv7M4_T_le_eabi.lib
       _printfi.c.obj               4835    0         0      
       fd_add_t2.asm.obj            438     0         0      
       defs.c.obj                   0       0         416    
       trgmsg.c.obj                 108     0         288    
       fd_div_t2.asm.obj            310     0         0      
       fputs.c.obj                  276     0         0      
       fd_cmp_t2.asm.obj            268     0         0      
       ctype.c.obj                  0       257       0      
       fd_mul_t2.asm.obj            252     0         0      
       setvbuf.c.obj                220     0         0      
       s_scalbn.c.obj               208     0         0      
       host_device.c.obj            0       0         200    
       memcpy_t2.asm.obj            156     0         0      
       ull_div_t2.asm.obj           150     0         0      
       fputc.c.obj                  140     0         0      
       memset_t2.asm.obj            122     0         0      
       fclose.c.obj                 116     0         0      
       getdevice.c.obj              116     0         0      
       printf.c.obj                 112     0         0      
       hostrename.c.obj             108     0         0      
       copy_decompress_lzss.c.obj   104     0         0      
       hostlseek.c.obj              104     0         0      
       hostopen.c.obj               96      0         8      
       fseek.c.obj                  100     0         0      
       _io_perm.c.obj               98      0         0      
       close.c.obj                  92      0         0      
       s_frexp.c.obj                92      0         0      
       hostread.c.obj               88      0         0      
       hostwrite.c.obj              88      0         0      
       ltoa.c.obj                   84      0         0      
       atoi.c.obj                   76      0         0      
       cpy_tbl.c.obj                76      0         0      
       fflush.c.obj                 76      0         0      
       fd_toi_t2.asm.obj            72      0         0      
       hostclose.c.obj              68      0         0      
       hostunlink.c.obj             68      0         0      
       strncpy.c.obj                54      0         0      
       fopen.c.obj                  52      0         0      
       i_tofd_t2.asm.obj            46      0         0      
       unlink.c.obj                 44      0         0      
       lseek.c.obj                  40      0         0      
       write.c.obj                  40      0         0      
       _lock.c.obj                  26      0         8      
       memchr.c.obj                 32      0         0      
       memccpy.c.obj                28      0         0      
       args_main.c.obj              24      0         0      
       ll_mul_t2.asm.obj            24      0         0      
       strcmp.c.obj                 24      0         0      
       strchr.c.obj                 22      0         0      
       strcpy.c.obj                 20      0         0      
       strlen.c.obj                 20      0         0      
       wcslen.c.obj                 18      0         0      
       copy_decompress_none.c.obj   14      0         0      
       copy_zero_init.c.obj         12      0         0      
       exit.c.obj                   0       0         12     
       s_copysign.c.obj             12      0         0      
       stkdepth_vars.c.obj          0       0         4      
       div0.asm.obj                 2       0         0      
    +--+----------------------------+-------+---------+---------+
       Total:                       9871    257       936    
                                                             
    C:\ti\simplelink_cc32xx_sdk_3_30_00_04\kernel\tirtos\packages\ti\targets\arm\rtsarm\lib\auto_init.aem4
       auto_init.oem4               160     0         0      
    +--+----------------------------+-------+---------+---------+
       Total:                       160     0         0      
                                                             
    C:\ti\simplelink_cc32xx_sdk_3_30_00_04\kernel\tirtos\packages\ti\targets\arm\rtsarm\lib\boot.aem4
       boot.oem4                    68      0         0      
    +--+----------------------------+-------+---------+---------+
[...]
2000c211  ti_sysbios_knl_Swi_disable__E                                   
2000c221  ti_sysbios_knl_Task_Object__get__S                              
2000c231  ti_sysbios_knl_Task_disable__E                                  
2000c241  xdc_runtime_Memory_free__E                                      
2000c251  xdc_runtime_SysCallback_abort__E                                
2000c251  xdc_runtime_System_SupportProxy_abort__E                        
2000c261  xdc_runtime_SysCallback_exit__E                                 
2000c261  xdc_runtime_System_SupportProxy_exit__E                         
2000c271  RingBuf_isFull                                                  
2000c27f  __TI_decompress_none                                            
2000c291  pthread_attr_setdetachstate                                     
2000c2a1  ti_sysbios_knl_Idle_loop__E                                     
2000c2b1  ti_sysbios_knl_Queue_empty__E                                   
2000c2bf  ClockP_delete                                                   
2000c2cb  HwiP_delete                                                     
2000c2d9  Power_getConstraintMask                                         
2000c2e5  SemaphoreP_delete                                               
2000c2f1  _register_lock                                                  
2000c2fd  _register_unlock                                                
2000c309  copysign                                                        
2000c309  copysignl                                                       
2000c315  __TI_zero_init                                                  
2000c339  ti_sysbios_family_arm_m3_Hwi_Params__init__S                    
2000c339  ti_sysbios_hal_Hwi_HwiProxy_Params__init__S                     
2000c349  ti_sysbios_family_arm_m3_Hwi_disableFxn__E                      
2000c349  ti_sysbios_hal_Hwi_HwiProxy_disable__E                          
2000c359  ti_sysbios_family_arm_m3_TaskSupport_getStackAlignment__E       
2000c359  ti_sysbios_knl_Task_SupportProxy_getStackAlignment__E           
2000c369  ti_sysbios_gates_GateHwi_enter__E                               
2000c375  ti_sysbios_knl_Clock_Params__init__S                            
2000c381  ClockP_getSystemTicks                                           
2000c381  ti_sysbios_knl_Clock_getTicks__E                                
2000c391  ti_sysbios_knl_Clock_setTicks__E                                
2000c3a1  ti_sysbios_knl_Clock_tickStart__E                               
2000c3b1  ti_sysbios_knl_Clock_tickStop__E                                
2000c3bd  ti_sysbios_knl_Queue_Object__get__S                             
2000c3c9  ti_sysbios_knl_Semaphore_Params__init__S                        
2000c3d5  ti_sysbios_knl_Task_Params__init__S                             
2000c3e1  ti_sysbios_knl_Task_self__E                                     
2000c3f1  ti_sysbios_rts_ti_ReentSupport_taskRegHook__I                   
2000c401  xdc_runtime_Startup_rtsDone__E                                  
2000c40d  Capture_close                                                   
2000c417  Capture_start                                                   
2000c421  Capture_stop                                                    
2000c42b  ClockP_Params_init                                              
2000c435  xdc_runtime_Memory_HeapProxy_alloc__E                           
2000c43f  xdc_runtime_Memory_HeapProxy_free__E                            
2000c449  SemaphoreP_Params_init                                          
2000c451  pthread_attr_setstacksize                                       
2000c461  ti_sysbios_family_arm_m3_Hwi_doSwiRestore__I                    
2000c469  ti_sysbios_family_arm_m3_Hwi_startup__E                         
2000c469  ti_sysbios_hal_Hwi_HwiProxy_startup__E                          
2000c469  ti_sysbios_hal_Hwi_startup__E                                   
2000c479  ti_sysbios_family_arm_m3_Hwi_doTaskRestore__I                   
2000c481  HwiP_restore                                                    
2000c481  ti_sysbios_family_arm_m3_Hwi_restoreFxn__E                      
2000c481  ti_sysbios_hal_Hwi_HwiProxy_restore__E                          
2000c489  ti_sysbios_gates_GateHwi_leave__E                               
2000c491  ti_sysbios_heaps_HeapMem_isBlocking__E                          
2000c499  ti_sysbios_knl_Clock_stop__E                                    
2000c4a1  ti_sysbios_knl_Queue_Instance_init__E                           
2000c4a9  ti_sysbios_knl_Swi_startup__E                                   
2000c4b1  xdc_runtime_System_Module_startup__E                            
2000c4b9  __aeabi_errno_addr                                              
2000c4c1  ti_sysbios_family_arm_m3_Timer_getMaxTicks__E                   
2000c4c9  ti_sysbios_gates_GateHwi_query__E                               
2000c4c9  xdc_runtime_Main_Module_GateProxy_query__E                      
2000c4c9  xdc_runtime_System_Module_GateProxy_query__E                    
2000c4d1  ti_sysbios_BIOS_RtsGateProxy_query__E                           
2000c4d1  ti_sysbios_gates_GateMutex_query__E                             
2000c4d1  ti_sysbios_heaps_HeapMem_Module_GateProxy_query__E              
2000c4d9  ti_sysbios_knl_Clock_setTimeout__E                              
2000c4e1  ti_sysbios_knl_Task_startup__E                                  
2000c4e9  ti_sysbios_BIOS_linkedWithIncorrectBootLibrary__E               
2000c4f1  ti_sysbios_gates_GateHwi_Instance_init__E                       
2000c4f9  ti_sysbios_knl_Clock_logTick__E                                 
2000c501  xdc_runtime_SysCallback_defaultAbort                            
2000c509  xdc_runtime_SysCallback_defaultExit                             
2000c511  xdc_runtime_System_abortSpin__E                                 
2000c519  xdc_runtime_System_exitSpin__E                                  
2000c520  __primary_heap_start__                                          
20014520  __primary_heap_end__                                            
20014520  ti_sysbios_family_arm_m3_Hwi_dispatchTable                      
20014830  ti_sysbios_knl_Task_Instance_State_0_stack__A                   
20014a30  data                                                            
20014b74  PowerCC32XX_contextSave                                         
20014ca0  __CIOBUF_                                                       
20014dc0  __TI_tmpnams                                                    
20014e60  uartCC32XXObjects0                                              
20014ee4  uartCC32XXObjects1                                              
20014f68  captureCC32XXObjects                                            
20014f98  paramsCO2                                                       
2001501c  DHT_Data                                                        
20015028  captParams                                                      
2001503c  parmbuf                                                         
20015048  ClockP_tickPeriod                                               
2001504c  captHandle                                                      
20015050  ti_sysbios_knl_Task_Instance_State_0_hookEnv__A                 
20015054  uartCO2                                                         
20015058  TEMP                                                            
2001505c  PowerCC32XX_module                                              
200151c8  parkInfo                                                        
200152c0  _ftable                                                         
20015438  ti_sysbios_knl_Swi_Module_State_0_readyQ__A                     
200154b8  ti_sysbios_knl_Task_Module_State_0_readyQ__A                    
20015538  _device                                                         
200155b0  ti_sysbios_gates_GateMutex_Object__table__V                     
20015604  _stream                                                         
20015654  ti_sysbios_knl_Task_Object__table__V                            
200156a0  ti_sysbios_knl_Task_Module__state__V                            
200156e4  ti_sysbios_family_arm_m3_Hwi_Module__state__V                   
20015718  ti_sysbios_family_arm_m3_Timer_Object__table__V                 
20015748  ti_sysbios_knl_Swi_Object__table__V                             
20015778  ti_sysbios_knl_Clock_Module__state__V                           
200157a4  ti_sysbios_BIOS_Module__state__V                                
200157c8  xdc_runtime_Error_IgnoreBlock                                   
200157e8  ti_sysbios_knl_Swi_Module__state__V                             
20015804  ti_sysbios_family_arm_m3_Hwi_Object__table__V                   
2001581c  ti_sysbios_heaps_HeapMem_Object__table__V                       
20015834  __TI_ft_end                                                     
20015838  __aeabi_stdin                                                   
2001583c  __aeabi_stdout                                                  
20015840  __aeabi_stderr                                                  
20015844  __TI_cleanup_ptr                                                
20015848  __TI_dtors_ptr                                                  
2001584c  __TI_enable_exit_profile_output                                 
20015850  ti_sysbios_family_arm_m3_Timer_Module__state__V                 
20015866  ti_sysbios_family_arm_m3_Hwi_Module_State_0_excActive__A        
20015868  _lock                                                           
2001586c  _unlock                                                         
20015870  countData                                                       
20015874  allDataCaptured                                                 
20015878  ti_sysbios_family_arm_m3_Hwi_Module__root__V                    
20015880  ti_sysbios_gates_GateHwi_Module__root__V                        
20015888  ti_sysbios_gates_GateMutex_Module__root__V                      
20015890  ti_sysbios_heaps_HeapMem_Module__root__V                        
20015898  ti_sysbios_knl_Clock_Module__root__V                            
200158a0  ti_sysbios_knl_Queue_Module__root__V                            
200158a8  ti_sysbios_knl_Semaphore_Module__root__V                        
200158b0  ti_sysbios_knl_Task_Module__root__V                             
200158b8  xdc_runtime_Startup_Module__state__V                            
200158c0  xdc_runtime_System_Module_State_0_atexitHandlers__A             
200158c8  xdc_runtime_System_Module__state__V                             
200158d0  gpioCallbackFunctions                                           
200158d4  gpioPinConfigs                                                  
200158d8  main_func_sp                                                    
200158dc  ti_sysbios_family_arm_m3_Hwi_Module_State_0_excContext__A       
200158e0  ti_sysbios_family_arm_m3_Hwi_Module_State_0_excStack__A         
200158e4  ti_sysbios_gates_GateHwi_Object__table__V                       
200158e8  ti_sysbios_knl_Task_Module_State_0_idleTask__A                  
200158ec  ti_sysbios_rts_ti_ReentSupport_Module__state__V                 
200158f0  xdc_runtime_Memory_Module__state__V                             
200158f8  _ctypes_                                                        
200159f9  Capture_count                                                   
200159fa  Timer_count                                                     
200159fb  UART_count                                                      
20015ba4  PowerCC32XX_config                                              
20015be4  ti_sysbios_knl_Task_Object__PARAMS__C                           
20015c20  ti_sysbios_family_arm_m3_Hwi_Object__PARAMS__C                  
20015c50  UARTCC32XX_fxnTable                                             
20015c78  ti_sysbios_heaps_HeapMem_Module__FXNS__C                        
20015ca0  UART_defaultParams                                              
20015cc4  ti_sysbios_gates_GateHwi_Module__FXNS__C                        
20015ce8  ti_sysbios_gates_GateMutex_Module__FXNS__C                      
20015d0c  ti_sysbios_heaps_HeapMem_Object__PARAMS__C                      
20015d30  ti_sysbios_knl_Clock_Object__PARAMS__C                          
20015d54  ti_sysbios_knl_Semaphore_Object__PARAMS__C                      
20015de1  ti_sysbios_knl_Clock_tickMode__C                                
20015de2  ti_sysbios_family_arm_m3_Hwi_Module__id__C                      
20015e04  ti_sysbios_family_arm_m3_Hwi_Object__DESC__C                    
20015e24  ti_sysbios_gates_GateHwi_Object__DESC__C                        
20015e44  ti_sysbios_gates_GateMutex_Object__DESC__C                      
20015e64  ti_sysbios_heaps_HeapMem_Object__DESC__C                        
20015e84  ti_sysbios_knl_Clock_Object__DESC__C                            
20015ea4  ti_sysbios_knl_Queue_Object__DESC__C                            
20015ec4  ti_sysbios_knl_Semaphore_Object__DESC__C                        
20015ee4  ti_sysbios_knl_Task_Object__DESC__C                             
20015f04  xdc_runtime_Startup_sfxnTab__A                                  
20015f24  CaptureCC32XX_fxnTable                                          
20015f3c  UART_config                                                     
20015f54  ti_sysbios_gates_GateHwi_Object__PARAMS__C                      
20015f6c  ti_sysbios_gates_GateMutex_Object__PARAMS__C                    
20015f84  ti_sysbios_knl_Queue_Object__PARAMS__C                          
20015f9c  ti_sysbios_knl_Task_hooks__A                                    
20015fb4  GPIOCC32XX_config                                               
20016014  xdc_runtime_Startup_sfxnRts__A                                  
20016024  Capture_config                                                  
2001603c  xdc_runtime_Startup_firstFxns__A                                
20016048  captureCC32XXHWAttrs                                            
20016050  outPinTypes                                                     
20016060  ti_sysbios_knl_Idle_funcList__A                                 
20016068  ti_sysbios_knl_Idle_funcList__C                                 
20016070  ti_sysbios_knl_Task_hooks__C                                    
20016078  xdc_runtime_Startup_firstFxns__C                                
20016080  xdc_runtime_Startup_lastFxns__C                                 
2001608e  inPinTypes                                                      
20016094  outPinStrengths                                                 
2001609e  ti_sysbios_family_arm_m3_Timer_Module__id__C                    
200160a0  ti_sysbios_family_arm_m3_Hwi_E_alreadyDefined__C                
200160a4  ti_sysbios_family_arm_m3_Hwi_E_badIntNum__C                     
200160a8  ti_sysbios_family_arm_m3_Hwi_NUM_INTERRUPTS__C                  
200160ac  ti_sysbios_family_arm_m3_Hwi_Object__count__C                   
200160b0  ti_sysbios_family_arm_m3_Hwi_ccr__C                             
200160b4  ti_sysbios_family_arm_m3_Hwi_excHandlerFunc__C                  
200160b8  ti_sysbios_family_arm_m3_Hwi_nullIsrFunc__C                     
200160bc  ti_sysbios_family_arm_m3_Hwi_priGroup__C                        
200160c0  ti_sysbios_family_arm_m3_Hwi_swiDisable__C                      
200160c4  ti_sysbios_family_arm_m3_Hwi_swiRestore__C                      
200160c8  ti_sysbios_family_arm_m3_TaskSupport_stackAlignment__C          
200160cc  ti_sysbios_family_arm_m3_Timer_E_cannotSupport__C               
200160d0  ti_sysbios_family_arm_m3_Timer_startupNeeded__C                 
200160d4  ti_sysbios_gates_GateMutex_Instance_State_sem__O                
200160d8  ti_sysbios_heaps_HeapMem_E_memory__C                            
200160dc  ti_sysbios_heaps_HeapMem_Module__gateObj__C                     
200160e0  ti_sysbios_heaps_HeapMem_Object__count__C                       
200160e4  ti_sysbios_heaps_HeapMem_primaryHeapBaseAddr__C                 
200160e8  ti_sysbios_heaps_HeapMem_primaryHeapEndAddr__C                  
200160ec  ti_sysbios_heaps_HeapMem_reqAlign__C                            
200160f0  ti_sysbios_knl_Clock_Module_State_clockQ__O                     
200160f4  ti_sysbios_knl_Clock_tickPeriod__C                              
200160f8  ti_sysbios_knl_Mailbox_Instance_State_freeQue__O                
200160fc  ti_sysbios_knl_Mailbox_Object__count__C                         
20016100  ti_sysbios_knl_Mailbox_maxTypeAlign__C                          
20016104  ti_sysbios_knl_Semaphore_Instance_State_pendQ__O                
20016108  ti_sysbios_knl_Swi_Object__count__C                             
2001610c  ti_sysbios_knl_Task_Module_State_inactiveQ__O                   
20016110  ti_sysbios_knl_Task_Object__count__C                            
20016114  ti_sysbios_knl_Task_Object__heap__C                             
20016118  ti_sysbios_knl_Task_allBlockedFunc__C                           
2001611c  ti_sysbios_knl_Task_defaultStackHeap__C                         
20016120  ti_sysbios_knl_Task_defaultStackSize__C                         
20016124  ti_sysbios_knl_Task_numConstructedTasks__C                      
20016128  xdc_runtime_Error_E_memory__C                                   
2001612c  xdc_runtime_Error_policyFxn__C                                  
20016130  xdc_runtime_IGateProvider_Interface__BASE__C                    
20016134  xdc_runtime_IHeap_Interface__BASE__C                            
20016138  xdc_runtime_IModule_Interface__BASE__C                          
2001613c  xdc_runtime_Memory_defaultHeapInstance__C                       
20016140  xdc_runtime_Startup_execImpl__C                                 
20016144  xdc_runtime_Startup_maxPasses__C                                
20016148  xdc_runtime_Startup_sfxnRts__C                                  
2001614c  xdc_runtime_Startup_sfxnTab__C                                  
20016150  xdc_runtime_SysCallback_abortFxn__C                             
20016154  xdc_runtime_SysCallback_exitFxn__C                              
20016158  xdc_runtime_System_Module__gateObj__C                           
2001615c  xdc_runtime_System_abortFxn__C                                  
20016160  xdc_runtime_System_exitFxn__C                                   
20016164  xdc_runtime_System_maxAtexitHandlers__C                         
20016168  ti_sysbios_heaps_HeapMem_Module__id__C                          
2001616a  xdc_runtime_Memory_Module__id__C                                
2001616c  ti_sysbios_knl_Clock_tickSource__C                              
2001616d  xdc_runtime_Error_policy__C                                     
20016170  __TI_static_base__                                              
200163f0  __TI_Handler_Table_Base                                         
200163fc  __TI_Handler_Table_Limit                                        
20016408  __TI_CINIT_Base                                                 
20016418  __TI_CINIT_Limit                                                
e000e000  ti_sysbios_family_arm_m3_Hwi_nvic                               
ffffffff  __TI_pprof_out_hndl                                             
ffffffff  __TI_prof_data_size                                             
ffffffff  __TI_prof_data_start                                            
ffffffff  __binit__                                                       
ffffffff  __c_args__                                                      
ffffffff  binit                                                           
UNDEFED   SHT$$INIT_ARRAY$$Base                                           
UNDEFED   SHT$$INIT_ARRAY$$Limit                                          

[649 symbols]
