******************************************************************************
                  TI ARM Linker PC v18.12.3                    
******************************************************************************
>> Linked Sat Nov  2 00:06:29 2019

OUTPUT FILE NAME:   <gpiointerrupt_CC3220S_LAUNCHXL_tirtos_ccs.out>
ENTRY POINT SYMBOL: "_c_int00"  address: 2000ac69


MEMORY CONFIGURATION

         name            origin    length      used     unused   attr    fill
----------------------  --------  ---------  --------  --------  ----  --------
  SRAM0                 20000000   00004000  0000070c  000038f4  RW X
  SRAM                  20004000   0003c000  00012c2b  000293d5  RW X


SEGMENT ALLOCATION MAP

run origin  load origin   length   init length attrs members
----------  ----------- ---------- ----------- ----- -------
20003c00    20003c00    00000400   00000000    rw-
  20003c00    20003c00    00000400   00000000    rw- .stack
20004000    20004000    00010bd8   00008bd2    r-x
  20004000    20004000    0000003c   0000003c    r-- .resetVecs
  20004040    20004040    00008b92   00008b92    r-x .text
  2000cbd8    2000cbd8    00008000   00000000    r-- .priheap
20014bd8    20014bd8    0000142e   00000000    rw-
  20014bd8    20014bd8    00000a28   00000000    rw- .bss
  20015600    20015600    00000a06   00000000    rw- .data
20016008    20016008    00000c30   00000c30    r--
  20016008    20016008    00000977   00000977    r-- .const
  20016980    20016980    000002b8   000002b8    r-- .cinit


SECTION ALLOCATION MAP

 output                                  attributes/
section   page    origin      length       input sections
--------  ----  ----------  ----------   ----------------
.vecs      0    20000000    0000030c     NOLOAD SECTION
                  20000000    0000030c     release_pem4.oem4 (.vecs)

.stack     0    20003c00    00000400     UNINITIALIZED
                  20003c00    00000400     --HOLE--

.text      0    20004040    00008b92     
                  20004040    00000a4e     rtsv7M4_T_le_eabi.lib : _printfi.c.obj (.text:__TI_printfi)
                  20004a8e    00000002     ti_drivers_config.obj (.text:Board_initHook)
                  20004a90    0000042c     driverlib.a : prcm.obj (.text:PRCMCC3200MCUInit)
                  20004ebc    00000280     drivers_cc32xx.aem4 : UARTCC32XX.oem4 (.text:UARTCC32XX_open)
                  2000513c    00000268     rtsv7M4_T_le_eabi.lib : _printfi.c.obj (.text:_pconv_a)
                  200053a4    000001d4     drivers_cc32xx.aem4 : GPIOCC32XX.oem4 (.text:GPIO_setConfig)
                  20005578    000001cc     rtsv7M4_T_le_eabi.lib : _printfi.c.obj (.text:_pconv_g)
                  20005744    000001c8     temp.obj (.text:translateData)
                  2000590c    000001b6     rtsv7M4_T_le_eabi.lib : fd_add_t2.asm.obj (.text)
                  20005ac2    00000002     drivers_cc32xx.aem4 : CaptureCC32XX.oem4 (.text:CaptureCC32XX_init)
                  20005ac4    0000014c     dpl_cc32xx.aem4 : PowerCC32XX_tirtos.oem4 (.text:PowerCC32XX_sleepPolicy)
                  20005c10    0000014c     temp.obj (.text:mainThread)
                  20005d5c    00000148     drivers_cc32xx.aem4 : PowerCC32XX.oem4 (.text:parkPins)
                  20005ea4    0000013c     rtsv7M4_T_le_eabi.lib : _printfi.c.obj (.text:_pconv_e)
                  20005fe0    00000138     drivers_cc32xx.aem4 : PowerCC32XX.oem4 (.text:Power_sleep)
                  20006118    00000136     rtsv7M4_T_le_eabi.lib : fd_div_t2.asm.obj (.text)
                  2000624e    00000002     drivers_cc32xx.aem4 : TimerCC32XX.oem4 (.text:TimerCC32XX_init)
                  20006250    00000130     sysbios.aem4 : BIOS.obj (.text:ti_sysbios_knl_Semaphore_pend__E)
                  20006380    00000128     drivers_cc32xx.aem4 : TimerCC32XX.oem4 (.text:TimerCC32XX_open)
                  200064a8    00000120                         : UARTCC32XX.oem4 (.text:UARTCC32XX_close)
                  200065c8    00000120     rtsv7M4_T_le_eabi.lib : _printfi.c.obj (.text:fcvt)
                  200066e8    00000120     sysbios.aem4 : BIOS.obj (.text:xdc_runtime_Startup_startMods__I)
                  20006808    00000114     rtsv7M4_T_le_eabi.lib : fputs.c.obj (.text:fputs)
                  2000691c    00000004     dpl_cc32xx.aem4 : ClockP_tirtos.oem4 (.text:ClockP_getCpuFreq)
                  20006920    00000110     sysbios.aem4 : BIOS.obj (.text:ti_sysbios_knl_Task_postInit__I)
                  20006a30    00000104                  : BIOS.obj (.text:ti_sysbios_knl_Task_Instance_finalize__E)
                  20006b34    000000fc     rtsv7M4_T_le_eabi.lib : fd_mul_t2.asm.obj (.text)
                  20006c30    000000f2     drivers_cc32xx.aem4 : UARTCC32XX.oem4 (.text:UARTCC32XX_control)
                  20006d22    00000006                         : CaptureCC32XX.oem4 (.text:CaptureCC32XX_control)
                  20006d28    000000f0     sysbios.aem4 : BIOS.obj (.text:pthread_create)
                  20006e18    000000f0                  : BIOS.obj (.text:ti_sysbios_knl_Task_Instance_init__E)
                  20006f08    000000e4     drivers_cc32xx.aem4 : CaptureCC32XX.oem4 (.text:CaptureCC32XX_open)
                  20006fec    000000dc     rtsv7M4_T_le_eabi.lib : setvbuf.c.obj (.text:setvbuf)
                  200070c8    000000d0                           : s_scalbn.c.obj (.text:scalbn)
                  20007198    000000d0     sysbios.aem4 : BIOS.obj (.text:ti_sysbios_heaps_HeapMem_alloc__E)
                  20007268    000000cc                  : m3_Hwi_asm.obj (.text:ti_sysbios_family_arm_m3_Hwi_dispatch__I)
                  20007334    000000ca     drivers_cc32xx.aem4 : UARTCC32XX.oem4 (.text:UARTCC32XX_write)
                  200073fe    00000002                         : UARTCC32XX.oem4 (.text:UARTCC32XX_init)
                  20007400    000000c4     temp.obj (.text:DHT_ReadData)
                  200074c4    000000c4     drivers_cc32xx.aem4 : GPIOCC32XX.oem4 (.text:GPIO_init)
                  20007588    000000c4     sysbios.aem4 : BIOS.obj (.text:ti_sysbios_knl_Task_sleep__E)
                  2000764c    000000c0     drivers_cc32xx.aem4 : PowerCC32XX.oem4 (.text:restoreParkedPins)
                  2000770c    00000004     dpl_cc32xx.aem4 : ClockP_tirtos.oem4 (.text:ClockP_setTimeout)
                  20007710    000000bc     sysbios.aem4 : BIOS.obj (.text:xdc_runtime_Core_createObject__I)
                  200077cc    000000ba     drivers_cc32xx.aem4 : UARTCC32XX.oem4 (.text:UARTCC32XX_readPolling)
                  20007886    00000002     rtsv7M4_T_le_eabi.lib : _lock.c.obj (.text:_nop)
                  20007888    000000b8     drivers_cc32xx.aem4 : UARTCC32XX.oem4 (.text:initHw)
                  20007940    000000b8     sysbios.aem4 : BIOS.obj (.text:ti_sysbios_family_arm_m3_Hwi_Instance_init__E)
                  200079f8    000000b6     drivers_cc32xx.aem4 : UARTCC32XX.oem4 (.text:readTaskCallback)
                  20007aae    00000002     rtsv7M4_T_le_eabi.lib : div0.asm.obj (.text)
                  20007ab0    000000b1                           : _printfi.c.obj (.text:_ltostr)
                  20007b61    00000001     --HOLE-- [fill = 0]
                  20007b62    000000ae     drivers_cc32xx.aem4 : UARTCC32XX.oem4 (.text:readIsrTextBlocking)
                  20007c10    000000a8                         : PowerCC32XX.oem4 (.text:PowerCC32XX_configureWakeup)
                  20007cb8    000000a8                         : UARTCC32XX.oem4 (.text:readTaskBlocking)
                  20007d60    000000a4     sysbios.aem4 : BIOS.obj (.text:ti_sysbios_knl_Task_setPri__E)
                  20007e04    000000a2     drivers_cc32xx.aem4 : UARTCC32XX.oem4 (.text:readIsrTextCallback)
                  20007ea6    000000a2                         : UARTCC32XX.oem4 (.text:writeData)
                  20007f48    000000a0     auto_init.aem4 : auto_init.oem4 (.text)
                  20007fe8    0000009c     sysbios.aem4 : BIOS.obj (.text:_pthread_removeThreadKeys)
                  20008084    0000009c     rtsv7M4_T_le_eabi.lib : memcpy_t2.asm.obj (.text)
                  20008120    00000098     drivers_cc32xx.aem4 : GPIOCC32XX.oem4 (.text:powerNotifyFxn)
                  200081b8    00000096     rtsv7M4_T_le_eabi.lib : ull_div_t2.asm.obj (.text)
                  2000824e    00000002     release_pem4.oem4 (.text:ti_sysbios_BIOS_nullFunc__I)
                  20008250    00000094     sysbios.aem4 : BIOS.obj (.text:ti_sysbios_knl_Task_exit__E)
                  200082e4    00000090     drivers_cc32xx.aem4 : CaptureCC32XX.oem4 (.text:CaptureCC32XX_hwiIntFunction)
                  20008374    00000090                         : PowerCC32XX.oem4 (.text:restoreNVICRegs)
                  20008404    00000004     dpl_cc32xx.aem4 : ClockP_tirtos.oem4 (.text:ClockP_start)
                  20008408    00000090     sysbios.aem4 : BIOS.obj (.text:ti_sysbios_knl_Task_Module_startup__E)
                  20008498    0000008c     rtsv7M4_T_le_eabi.lib : fputc.c.obj (.text:fputc)
                  20008524    00000004     dpl_cc32xx.aem4 : ClockP_tirtos.oem4 (.text:ClockP_stop)
                  20008528    0000008c     sysbios.aem4 : BIOS.obj (.text:xdc_runtime_Memory_alloc__E)
                  200085b4    00000088     driverlib.a : pin.obj (.text:PinConfigSet)
                  2000863c    00000088     drivers_cc32xx.aem4 : TimerCC32XX.oem4 (.text:TimerCC32XX_setPeriod)
                  200086c4    00000004     dpl_cc32xx.aem4 : HwiP_tirtos.oem4 (.text:HwiP_clearInterrupt)
                  200086c8    00000088     sysbios.aem4 : BIOS.obj (.text:ti_sysbios_family_arm_m3_Hwi_initNVIC__E)
                  20008750    00000086     rtsv7M4_T_le_eabi.lib : fd_cmp_t2.asm.obj (.text:__aeabi_cdcmple)
                  200087d6    00000086                           : fd_cmp_t2.asm.obj (.text:__aeabi_cdrcmple)
                  2000885c    00000004     dpl_cc32xx.aem4 : HwiP_tirtos.oem4 (.text:HwiP_disable)
                  20008860    00000086     sysbios.aem4 : BIOS.obj (.text:xdc_runtime_Core_constructObject__I)
                  200088e6    00000002     release_pem4.oem4 (.text:xdc_runtime_Startup_reset__I)
                  200088e8    00000084     drivers_cc32xx.aem4 : PowerCC32XX.oem4 (.text:Power_init)
                  2000896c    00000084     temp.obj (.text:initCapture)
                  200089f0    00000084     drivers_cc32xx.aem4 : PowerCC32XX.oem4 (.text:saveNVICRegs)
                  20008a74    00000004     dpl_cc32xx.aem4 : SemaphoreP_tirtos.oem4 (.text:SemaphoreP_post)
                  20008a78    00000084     sysbios.aem4 : BIOS.obj (.text:ti_sysbios_family_arm_m3_Hwi_postInit__I)
                  20008afc    00000004     rtsv7M4_T_le_eabi.lib : printf.c.obj (.text:_outc)
                  20008b00    00000084     sysbios.aem4 : BIOS.obj (.text:ti_sysbios_heaps_HeapMem_free__E)
                  20008b84    00000080     drivers_cc32xx.aem4 : PowerCC32XX.oem4 (.text:Power_setDependency)
                  20008c04    00000004     rtsv7M4_T_le_eabi.lib : printf.c.obj (.text:_outs)
                  20008c08    00000080     sysbios.aem4 : BIOS.obj (.text:ti_sysbios_knl_Clock_workFunc__E)
                  20008c88    0000007c     drivers_cc32xx.aem4 : CaptureCC32XX.oem4 (.text:CaptureCC32XX_start)
                  20008d04    0000007c                         : UARTCC32XX.oem4 (.text:readIsrBinaryBlocking)
                  20008d80    0000007a     rtsv7M4_T_le_eabi.lib : memset_t2.asm.obj (.text)
                  20008dfa    00000002     --HOLE-- [fill = 0]
                  20008dfc    00000078     drivers_cc32xx.aem4 : GPIOCC32XX.oem4 (.text:GPIO_hwiIntFxn)
                  20008e74    00000078                         : TimerCC32XX.oem4 (.text:TimerCC32XX_start)
                  20008eec    00000078                         : CaptureCC32XX.oem4 (.text:initHw)
                  20008f64    00000078                         : UARTCC32XX.oem4 (.text:readIsrBinaryCallback)
                  20008fdc    00000074                         : UARTCC32XX.oem4 (.text:UARTCC32XX_hwiIntFxn)
                  20009050    00000074     rtsv7M4_T_le_eabi.lib : fclose.c.obj (.text:__TI_closefile)
                  200090c4    00000004     release_pem4.oem4 (.text:ti_sysbios_BIOS_RtsGateProxy_enter__E)
                  200090c8    00000074     sysbios.aem4 : BIOS.obj (.text:xdc_runtime_Core_deleteObject__I)
                  2000913c    00000004     release_pem4.oem4 (.text:ti_sysbios_BIOS_RtsGateProxy_leave__E)
                  20009140    00000070     sysbios.aem4 : BIOS.obj (.text:ti_sysbios_heaps_HeapMem_initPrimary__I)
                  200091b0    0000006e     rtsv7M4_T_le_eabi.lib : _printfi.c.obj (.text:_mcpy)
                  2000921e    00000002     --HOLE-- [fill = 0]
                  20009220    0000006c     drivers_cc32xx.aem4 : CaptureCC32XX.oem4 (.text:CaptureCC32XX_close)
                  2000928c    0000006c     rtsv7M4_T_le_eabi.lib : hostrename.c.obj (.text:HOSTrename)
                  200092f8    0000006c     sysbios.aem4 : BIOS.obj (.text:ti_sysbios_knl_Swi_restoreHwi__E)
                  20009364    00000068     rtsv7M4_T_le_eabi.lib : hostlseek.c.obj (.text:HOSTlseek)
                  200093cc    00000068                           : copy_decompress_lzss.c.obj (.text:decompress:lzss:__TI_decompress_lzss)
                  20009434    00000068     temp.obj (.text:initUART)
                  2000949c    00000068     rtsv7M4_T_le_eabi.lib : printf.c.obj (.text:printf)
                  20009504    00000004     release_pem4.oem4 (.text:ti_sysbios_family_arm_m3_Hwi_delete)
                  20009508    00000068     sysbios.aem4 : BIOS.obj (.text:pthread_exit)
                  20009570    00000066     drivers_cc32xx.aem4 : UARTCC32XX.oem4 (.text:UARTCC32XX_writeCancel)
                  200095d6    00000002     --HOLE-- [fill = 0]
                  200095d8    00000064                         : PowerCC32XX.oem4 (.text:PowerCC32XX_setParkState)
                  2000963c    00000064     rtsv7M4_T_le_eabi.lib : fseek.c.obj (.text:fseek)
                  200096a0    00000064     main_tirtos.obj (.text:main)
                  20009704    00000004     release_pem4.oem4 (.text:ti_sysbios_family_arm_m3_TaskSupport_Module__startupDone__S)
                  20009708    00000064     sysbios.aem4 : BIOS.obj (.text:ti_sysbios_family_arm_cc32xx_Seconds_setTime__E)
                  2000976c    00000004     release_pem4.oem4 (.text:ti_sysbios_heaps_HeapMem_Module_GateProxy_enter__E)
                  20009770    00000064     sysbios.aem4 : BIOS.obj (.text:ti_sysbios_family_arm_m3_Hwi_dispatchC__I)
                  200097d4    00000062     drivers_cc32xx.aem4 : UARTCC32XX.oem4 (.text:UARTCC32XX_writePolling)
                  20009836    00000062     rtsv7M4_T_le_eabi.lib : _io_perm.c.obj (.text:__TI_wrt_ok)
                  20009898    00000060                           : hostopen.c.obj (.text:HOSTopen)
                  200098f8    00000060     driverlib.a : prcm.obj (.text:PRCMSysResetCauseGet)
                  20009958    00000060     sysbios.aem4 : BIOS.obj (.text:ti_sysbios_knl_Semaphore_post__E)
                  200099b8    00000060                  : BIOS.obj (.text:ti_sysbios_knl_Swi_run__I)
                  20009a18    0000005c     drivers_cc32xx.aem4 : CaptureCC32XX.oem4 (.text:CaptureCC32XX_stop)
                  20009a74    0000005c                         : GPIOCC32XX.oem4 (.text:GPIO_setCallback)
                  20009ad0    0000005c     rtsv7M4_T_le_eabi.lib : close.c.obj (.text:close)
                  20009b2c    0000005c                           : s_frexp.c.obj (.text:frexp)
                  20009b88    0000005c     sysbios.aem4 : BIOS.obj (.text:ti_sysbios_family_arm_m3_Timer_start__E)
                  20009be4    00000004     release_pem4.oem4 (.text:ti_sysbios_heaps_HeapMem_Module_GateProxy_leave__E)
                  20009be8    0000005c     sysbios.aem4 : BIOS.obj (.text:ti_sysbios_knl_Swi_schedule__I)
                  20009c44    00000004     release_pem4.oem4 (.text:ti_sysbios_knl_Clock_TimerProxy_getMaxTicks__E)
                  20009c48    0000005c     sysbios.aem4 : BIOS.obj (.text:ti_sysbios_knl_Task_startCore__E)
                  20009ca4    00000004     release_pem4.oem4 (.text:ti_sysbios_knl_Clock_TimerProxy_setPeriodMicroSecs__E)
                  20009ca8    0000005c     sysbios.aem4 : BIOS.obj (.text:xdc_runtime_Startup_exec__E)
                  20009d04    00000058     rtsv7M4_T_le_eabi.lib : hostread.c.obj (.text:HOSTread)
                  20009d5c    00000058                           : hostwrite.c.obj (.text:HOSTwrite)
                  20009db4    00000058     driverlib.a : prcm.obj (.text:PRCMPeripheralReset)
                  20009e0c    00000058     drivers_cc32xx.aem4 : PowerCC32XX.oem4 (.text:Power_releaseDependency)
                  20009e64    00000004     release_pem4.oem4 (.text:ti_sysbios_knl_Clock_TimerProxy_start__E)
                  20009e68    00000058     sysbios.aem4 : BIOS.obj (.text:ti_sysbios_family_arm_cc32xx_Seconds_getCount__I)
                  20009ec0    00000056     drivers_cc32xx.aem4 : TimerCC32XX.oem4 (.text:TimerCC32XX_stop)
                  20009f16    00000056     rtsv7M4_T_le_eabi.lib : _printfi.c.obj (.text:_pconv_f)
                  20009f6c    00000054                           : ltoa.c.obj (.text:ltoa)
                  20009fc0    00000054     drivers_cc32xx.aem4 : UARTCC32XX.oem4 (.text:ringBufGet)
                  2000a014    00000054     release_pem4.oem4 (.text:ti_sysbios_family_arm_m3_Hwi_create)
                  2000a068    00000054     sysbios.aem4 : BIOS.obj (.text:ti_sysbios_family_arm_m3_Timer_setPeriod__E)
                  2000a0bc    00000052     drivers_cc32xx.aem4 : PowerCC32XX_asm.oem4 (.text:PowerCC32XX_resumeLPDS)
                  2000a10e    00000052     rtsv7M4_T_le_eabi.lib : _printfi.c.obj (.text:_ecpy)
                  2000a160    00000052     drivers_cc32xx.aem4 : TimerCC32XX.oem4 (.text:initHw)
                  2000a1b2    00000002     --HOLE-- [fill = 0]
                  2000a1b4    00000050     dpl_cc32xx.aem4 : ClockP_tirtos.oem4 (.text:ClockP_create)
                  2000a204    00000050     drivers_cc32xx.aem4 : TimerCC32XX.oem4 (.text:TimerCC32XX_allocateTimerResource)
                  2000a254    00000004     release_pem4.oem4 (.text:ti_sysbios_knl_Clock_TimerProxy_stop__E)
                  2000a258    00000050     sysbios.aem4 : BIOS.obj (.text:ti_sysbios_family_arm_m3_Hwi_Module_startup__E)
                  2000a2a8    00000050                  : BIOS.obj (.text:ti_sysbios_knl_Clock_Instance_init__E)
                  2000a2f8    00000050     release_pem4.oem4 (.text:ti_sysbios_knl_Task_create)
                  2000a348    0000004c     drivers_cc32xx.aem4 : GPIOCC32XX.oem4 (.text:GPIO_enableInt)
                  2000a394    0000004c                         : PowerCC32XX.oem4 (.text:PowerCC32XX_parkPin)
                  2000a3e0    0000004c     rtsv7M4_T_le_eabi.lib : fflush.c.obj (.text:__TI_doflush)
                  2000a42c    0000004c                           : atoi.c.obj (.text:atoi)
                  2000a478    0000004c                           : cpy_tbl.c.obj (.text:copy_in)
                  2000a4c4    0000004c     drivers_cc32xx.aem4 : PowerCC32XX.oem4 (.text:restorePeriphClocks)
                  2000a510    0000004c     sysbios.aem4 : m3_TaskSupport_asm.obj (.text:ti_sysbios_family_arm_m3_TaskSupport_buildTaskStack)
                  2000a55c    00000004     release_pem4.oem4 (.text:ti_sysbios_knl_Clock_delete)
                  2000a560    0000004c     sysbios.aem4 : BIOS.obj (.text:ti_sysbios_heaps_HeapMem_getStats__E)
                  2000a5ac    00000004     release_pem4.oem4 (.text:ti_sysbios_knl_Semaphore_delete)
                  2000a5b0    0000004c     sysbios.aem4 : BIOS.obj (.text:ti_sysbios_knl_Swi_runLoop__I)
                  2000a5fc    00000004     release_pem4.oem4 (.text:ti_sysbios_knl_Task_delete)
                  2000a600    0000004c     sysbios.aem4 : BIOS.obj (.text:ti_sysbios_knl_Task_allBlockedFunction__I)
                  2000a64c    00000004     release_pem4.oem4 (.text:xdc_runtime_System_Module_GateProxy_enter__E)
                  2000a650    0000004c     sysbios.aem4 : BIOS.obj (.text:ti_sysbios_knl_Task_schedule__I)
                  2000a69c    00000048     driverlib.a : flash.obj (.text:FlashDisable)
                  2000a6e4    00000048                 : prcm.obj (.text:PRCMLPDSEnter)
                  2000a72c    00000048                 : prcm.obj (.text:PRCMPeripheralClkEnable)
                  2000a774    00000048     drivers_cc32xx.aem4 : PowerCC32XX.oem4 (.text:Power_releaseConstraint)
                  2000a7bc    00000048     temp.obj (.text:capture)
                  2000a804    00000048     rtsv7M4_T_le_eabi.lib : fd_toi_t2.asm.obj (.text)
                  2000a84c    00000004     release_pem4.oem4 (.text:xdc_runtime_System_Module_GateProxy_leave__E)
                  2000a850    00000048     sysbios.aem4 : BIOS.obj (.text:ti_sysbios_family_arm_m3_Hwi_disableInterrupt__E)
                  2000a898    00000048                  : BIOS.obj (.text:ti_sysbios_family_arm_m3_Hwi_enableInterrupt__E)
                  2000a8e0    00000048                  : m3_Hwi_asm_switch.obj (.text:ti_sysbios_family_arm_m3_Hwi_initStacks__E)
                  2000a928    00000048                  : BIOS.obj (.text:ti_sysbios_family_arm_m3_Timer_initDevice__I)
                  2000a970    00000048                  : BIOS.obj (.text:ti_sysbios_knl_Mailbox_Module_startup__E)
                  2000a9b8    00000048                  : BIOS.obj (.text:xdc_runtime_Core_assignParams__I)
                  2000aa00    00000046     drivers_cc32xx.aem4 : RingBuf.oem4 (.text:RingBuf_put)
                  2000aa46    00000046                         : TimerCC32XX.oem4 (.text:getPrescaler)
                  2000aa8c    00000044                         : Capture.oem4 (.text:Capture_init)
                  2000aad0    00000044     rtsv7M4_T_le_eabi.lib : hostclose.c.obj (.text:HOSTclose)
                  2000ab14    00000044                           : hostunlink.c.obj (.text:HOSTunlink)
                  2000ab58    00000044     driverlib.a : prcm.obj (.text:PRCMLPDSRestoreInfoSet)
                  2000ab9c    00000044     drivers_cc32xx.aem4 : PowerCC32XX_asm.oem4 (.text:PowerCC32XX_enterLPDS)
                  2000abe0    00000044                         : Timer.oem4 (.text:Timer_init)
                  2000ac24    00000044                         : UART.oem4 (.text:UART_init)
                  2000ac68    00000044     boot.aem4 : boot.oem4 (.text)
                  2000acac    00000044     rtsv7M4_T_le_eabi.lib : getdevice.c.obj (.text:getdevice)
                  2000acf0    00000044     sysbios.aem4 : BIOS.obj (.text:ti_sysbios_family_arm_m3_Hwi_getStackInfo__E)
                  2000ad34    00000004     --HOLE-- [fill = 0]
                  2000ad38    00000044                  : BIOS.obj (.text:ti_sysbios_knl_Mailbox_postInit__I)
                  2000ad7c    00000004     --HOLE-- [fill = 0]
                  2000ad80    00000044                  : BIOS.obj (.text:ti_sysbios_knl_Swi_post__E)
                  2000adc4    00000004     --HOLE-- [fill = 0]
                  2000adc8    00000044                  : BIOS.obj (.text:xdc_runtime_System_atexit__E)
                  2000ae0c    00000040     drivers_cc32xx.aem4 : Capture.oem4 (.text:Capture_open)
                  2000ae4c    00000040     dpl_cc32xx.aem4 : HwiP_tirtos.oem4 (.text:HwiP_create)
                  2000ae8c    00000040     driverlib.a : pin.obj (.text:PinModeSet)
                  2000aecc    00000040     drivers_cc32xx.aem4 : RingBuf.oem4 (.text:RingBuf_get)
                  2000af0c    00000040                         : UARTCC32XX.oem4 (.text:UARTCC32XX_read)
                  2000af4c    00000040                         : UART.oem4 (.text:UART_open)
                  2000af8c    00000040     rtsv7M4_T_le_eabi.lib : sprintf.c.obj (.text:sprintf)
                  2000afcc    00000004     --HOLE-- [fill = 0]
                  2000afd0    00000040     sysbios.aem4 : BIOS.obj (.text:ti_sysbios_heaps_HeapMem_Instance_init__E)
                  2000b010    0000003e     rtsv7M4_T_le_eabi.lib : _printfi.c.obj (.text:_fcpy)
                  2000b04e    00000002     --HOLE-- [fill = 0]
                  2000b050    0000003c     drivers_cc32xx.aem4 : PowerCC32XX.oem4 (.text:Power_setConstraint)
                  2000b08c    0000003c     dpl_cc32xx.aem4 : SemaphoreP_tirtos.oem4 (.text:SemaphoreP_create)
                  2000b0c8    0000003c     sysbios.aem4 : BIOS.obj (.text:clock_settime)
                  2000b104    00000004     --HOLE-- [fill = 0]
                  2000b108    0000003c                  : BIOS.obj (.text:sleep)
                  2000b144    00000004     --HOLE-- [fill = 0]
                  2000b148    0000003c                  : BIOS.obj (.text:ti_sysbios_family_arm_m3_Hwi_Instance_finalize__E)
                  2000b184    00000004     --HOLE-- [fill = 0]
                  2000b188    0000003c                  : BIOS.obj (.text:ti_sysbios_family_arm_m3_Timer_setPeriodMicroSecs__E)
                  2000b1c4    0000003c     release_pem4.oem4 (.text:ti_sysbios_knl_Clock_create)
                  2000b200    0000003c     sysbios.aem4 : BIOS.obj (.text:ti_sysbios_knl_Clock_walkQueuePeriodic__E)
                  2000b23c    00000004     --HOLE-- [fill = 0]
                  2000b240    0000003c                  : BIOS.obj (.text:ti_sysbios_knl_Swi_restore__E)
                  2000b27c    00000004     --HOLE-- [fill = 0]
                  2000b280    0000003c                  : BIOS.obj (.text:usleep)
                  2000b2bc    00000004     --HOLE-- [fill = 0]
                  2000b2c0    0000003c                  : BIOS.obj (.text:xdc_runtime_System_processAtExit__E)
                  2000b2fc    0000003a     drivers_cc32xx.aem4 : TimerCC32XX.oem4 (.text:TimerCC32XX_close)
                  2000b336    0000003a     dpl_cc32xx.aem4 : PowerCC32XX_tirtos.oem4 (.text:getCountsRTC)
                  2000b370    0000003a     drivers_cc32xx.aem4 : CaptureCC32XX.oem4 (.text:getPowerMgrId)
                  2000b3aa    00000002     --HOLE-- [fill = 0]
                  2000b3ac    00000038                         : GPIOCC32XX.oem4 (.text:GPIO_read)
                  2000b3e4    00000038     driverlib.a : prcm.obj (.text:PRCMLPDSEnterKeepDebugIf)
                  2000b41c    00000038     rtsv7M4_T_le_eabi.lib : trgmsg.c.obj (.text:__TI_writemsg)
                  2000b454    00000038     drivers_cc32xx.aem4 : PowerCC32XX.oem4 (.text:notify)
                  2000b48c    00000004     --HOLE-- [fill = 0]
                  2000b490    00000038     sysbios.aem4 : BIOS.obj (.text:ti_sysbios_knl_Task_processVitalTaskFlag__I)
                  2000b4c8    00000036     drivers_cc32xx.aem4 : TimerCC32XX.oem4 (.text:TimerCC32XX_hwiIntFunction)
                  2000b4fe    00000036     driverlib.a : timer.obj (.text:TimerControlStall)
                  2000b534    00000036     drivers_cc32xx.aem4 : UARTCC32XX.oem4 (.text:UARTCC32XX_readCancel)
                  2000b56a    00000036     rtsv7M4_T_le_eabi.lib : strncpy.c.obj (.text:strncpy)
                  2000b5a0    00000034     temp.obj (.text:CtoF)
                  2000b5d4    00000034     driverlib.a : pin.obj (.text:PinModeGet)
                  2000b608    00000034     drivers_cc32xx.aem4 : PowerCC32XX.oem4 (.text:PowerCC32XX_restoreParkState)
                  2000b63c    00000034                         : TimerCC32XX.oem4 (.text:TimerCC32XX_freeTimerResource)
                  2000b670    00000034     rtsv7M4_T_le_eabi.lib : fopen.c.obj (.text:__TI_cleanup)
                  2000b6a4    00000034                           : trgmsg.c.obj (.text:__TI_readmsg)
                  2000b6d8    00000034     sysbios.aem4 : BIOS.obj (.text:_pthread_delete$41)
                  2000b70c    00000034     drivers_cc32xx.aem4 : TimerCC32XX.oem4 (.text:getPowerMgrId)
                  2000b740    00000034     sysbios.aem4 : BIOS.obj (.text:ti_sysbios_family_arm_m3_Timer_periodicStub__I)
                  2000b774    00000034     release_pem4.oem4 (.text:ti_sysbios_knl_Semaphore_create)
                  2000b7a8    00000032     sysbios.aem4 : BIOS.obj (.text:ti_sysbios_hal_Hwi_initStack)
                  2000b7da    00000030     drivers_cc32xx.aem4 : PowerCC32XX.oem4 (.text:PowerCC32XX_restoreParkedPin)
                  2000b80a    00000002     --HOLE-- [fill = 0]
                  2000b80c    00000030     driverlib.a : timer.obj (.text:TimerControlEvent)
                  2000b83c    00000030     rtsv7M4_T_le_eabi.lib : getdevice.c.obj (.text:finddevice)
                  2000b86c    00000030     release_pem4.oem4 (.text:ti_sysbios_BIOS_atExitFunc__I)
                  2000b89c    00000030     release_pem4.oem4 (.text:ti_sysbios_BIOS_startFunc__I)
                  2000b8cc    00000004     --HOLE-- [fill = 0]
                  2000b8d0    00000030     sysbios.aem4 : BIOS.obj (.text:ti_sysbios_family_arm_m3_TaskSupport_start__E)
                  2000b900    00000030     release_pem4.oem4 (.text:ti_sysbios_gates_GateHwi_Object__create__S)
                  2000b930    00000030     release_pem4.oem4 (.text:ti_sysbios_gates_GateMutex_Object__create__S)
                  2000b960    00000030     sysbios.aem4 : BIOS.obj (.text:ti_sysbios_gates_GateMutex_enter__E)
                  2000b990    00000030     release_pem4.oem4 (.text:ti_sysbios_heaps_HeapMem_Object__create__S)
                  2000b9c0    00000030     release_pem4.oem4 (.text:ti_sysbios_knl_Semaphore_construct)
                  2000b9f0    00000030     sysbios.aem4 : BIOS.obj (.text:ti_sysbios_knl_Semaphore_pendTimeout__I)
                  2000ba20    00000030                  : BIOS.obj (.text:ti_sysbios_knl_Task_restore__E)
                  2000ba50    00000030                  : BIOS.obj (.text:ti_sysbios_knl_Task_unblockI__E)
                  2000ba80    0000002e     rtsv7M4_T_le_eabi.lib : i_tofd_t2.asm.obj (.text)
                  2000baae    0000002e     release_pem4.oem4 (.text:ti_sysbios_rts_MemAlloc_alloc)
                  2000badc    0000002c     drivers_cc32xx.aem4 : PowerCC32XX.oem4 (.text:PowerCC32XX_getParkState)
                  2000bb08    0000002c     dpl_cc32xx.aem4 : SemaphoreP_tirtos.oem4 (.text:SemaphoreP_createBinary)
                  2000bb34    00000004     --HOLE-- [fill = 0]
                  2000bb38    0000002c     sysbios.aem4 : BIOS.obj (.text:_pthread_cleanupFxn)
                  2000bb64    00000004     --HOLE-- [fill = 0]
                  2000bb68    0000002c                  : BIOS.obj (.text:getTime$20)
                  2000bb94    0000002c     release_pem4.oem4 (.text:ti_sysbios_gates_GateHwi_Handle__label__S)
                  2000bbc0    0000002c     release_pem4.oem4 (.text:ti_sysbios_gates_GateMutex_Handle__label__S)
                  2000bbec    0000002c     release_pem4.oem4 (.text:ti_sysbios_heaps_HeapMem_Handle__label__S)
                  2000bc18    0000002c     release_pem4.oem4 (.text:ti_sysbios_knl_Clock_doTick__I)
                  2000bc44    0000002c     release_pem4.oem4 (.text:ti_sysbios_knl_Queue_construct)
                  2000bc70    0000002c     rtsv7M4_T_le_eabi.lib : unlink.c.obj (.text:unlink)
                  2000bc9c    0000002a     driverlib.a : timer.obj (.text:TimerLoadSet)
                  2000bcc6    0000002a                 : timer.obj (.text:TimerPrescaleSet)
                  2000bcf0    00000028                 : prcm.obj (.text:PRCMPeripheralClkDisable)
                  2000bd18    00000028     dpl_cc32xx.aem4 : PowerCC32XX_tirtos.oem4 (.text:PowerCC32XX_initPolicy)
                  2000bd40    00000028     drivers_cc32xx.aem4 : PowerCC32XX.oem4 (.text:Power_registerNotify)
                  2000bd68    00000028     rtsv7M4_T_le_eabi.lib : lseek.c.obj (.text:lseek)
                  2000bd90    00000028     temp.obj (.text:restartCapture)
                  2000bdb8    00000028     sysbios.aem4 : m3_Hwi_asm.obj (.text:ti_sysbios_family_arm_m3_Hwi_excHandlerAsm__I)
                  2000bde0    00000028                  : BIOS.obj (.text:ti_sysbios_knl_Clock_addI__E)
                  2000be08    00000028                  : BIOS.obj (.text:ti_sysbios_knl_Swi_Module_startup__E)
                  2000be30    00000028     rtsv7M4_T_le_eabi.lib : write.c.obj (.text:write)
                  2000be58    00000026     drivers_cc32xx.aem4 : List.oem4 (.text:List_put)
                  2000be7e    00000026                         : List.oem4 (.text:List_remove)
                  2000bea4    00000024                         : PowerCC32XX.oem4 (.text:PowerCC32XX_reset)
                  2000bec8    00000024     sysbios.aem4 : BIOS.obj (.text:pthread_attr_init)
                  2000beec    00000024     release_pem4.oem4 (.text:ti_sysbios_BIOS_registerRTSLock__I)
                  2000bf10    00000024     release_pem4.oem4 (.text:ti_sysbios_BIOS_removeRTSLock__I)
                  2000bf34    00000004     --HOLE-- [fill = 0]
                  2000bf38    00000024     sysbios.aem4 : BIOS.obj (.text:ti_sysbios_family_arm_m3_Timer_postInit__I)
                  2000bf5c    00000004     --HOLE-- [fill = 0]
                  2000bf60    00000024                  : BIOS.obj (.text:ti_sysbios_family_arm_m3_Timer_startup__E)
                  2000bf84    00000024     release_pem4.oem4 (.text:ti_sysbios_gates_GateMutex_Object__delete__S)
                  2000bfa8    00000024     sysbios.aem4 : BIOS.obj (.text:ti_sysbios_knl_Clock_Module_startup__E)
                  2000bfcc    00000024     release_pem4.oem4 (.text:ti_sysbios_knl_Clock_Object__delete__S)
                  2000bff0    00000024     sysbios.aem4 : BIOS.obj (.text:ti_sysbios_knl_Clock_start__E)
                  2000c014    00000004     --HOLE-- [fill = 0]
                  2000c018    00000024                  : BIOS.obj (.text:ti_sysbios_knl_Semaphore_Instance_init__E)
                  2000c03c    00000024     release_pem4.oem4 (.text:ti_sysbios_knl_Semaphore_Object__delete__S)
                  2000c060    00000024     sysbios.aem4 : BIOS.obj (.text:ti_sysbios_knl_Task_restoreHwi__E)
                  2000c084    00000004     --HOLE-- [fill = 0]
                  2000c088    00000024                  : BIOS.obj (.text:xdc_runtime_Error_policyMin__E)
                  2000c0ac    00000022     driverlib.a : timer.obj (.text:TimerValueSet)
                  2000c0ce    00000002     --HOLE-- [fill = 0]
                  2000c0d0    00000020     drivers_cc32xx.aem4 : PowerCC32XX.oem4 (.text:Power_unregisterNotify)
                  2000c0f0    00000020                         : RingBuf.oem4 (.text:RingBuf_peek)
                  2000c110    00000020                         : UARTCC32XX.oem4 (.text:getPowerMgrId)
                  2000c130    00000020     rtsv7M4_T_le_eabi.lib : memchr.c.obj (.text:memchr)
                  2000c150    00000020     release_pem4.oem4 (.text:ti_sysbios_BIOS_rtsLock__I)
                  2000c170    00000020     release_pem4.oem4 (.text:ti_sysbios_family_arm_m3_Hwi_Object__delete__S)
                  2000c190    00000020     sysbios.aem4 : BIOS.obj (.text:ti_sysbios_family_arm_m3_Hwi_clearInterrupt__E)
                  2000c1b0    00000020     release_pem4.oem4 (.text:ti_sysbios_gates_GateHwi_Object__delete__S)
                  2000c1d0    00000020     release_pem4.oem4 (.text:ti_sysbios_heaps_HeapMem_Object__delete__S)
                  2000c1f0    00000020     sysbios.aem4 : BIOS.obj (.text:ti_sysbios_knl_Idle_run__E)
                  2000c210    00000020     release_pem4.oem4 (.text:ti_sysbios_knl_Semaphore_destruct)
                  2000c230    00000020     release_pem4.oem4 (.text:ti_sysbios_knl_Task_Object__delete__S)
                  2000c250    0000001e     driverlib.a : timer.obj (.text:TimerDisable)
                  2000c26e    0000001e                 : timer.obj (.text:TimerEnable)
                  2000c28c    0000001e     rtsv7M4_T_le_eabi.lib : strcat.c.obj (.text:strcat)
                  2000c2aa    0000001e     sysbios.aem4 : m3_Hwi_asm_switch.obj (.text:ti_sysbios_family_xxx_Hwi_switchAndRunFunc)
                  2000c2c8    0000001c     driverlib.a : pin.obj (.text:PinToPadGet)
                  2000c2e4    0000001c                 : timer.obj (.text:TimerValueGet)
                  2000c300    0000001c     rtsv7M4_T_le_eabi.lib : memccpy.c.obj (.text:memccpy)
                  2000c31c    00000004     --HOLE-- [fill = 0]
                  2000c320    0000001c     sysbios.aem4 : BIOS.obj (.text:ti_sysbios_family_arm_m3_Hwi_excHandler__I)
                  2000c33c    00000004     --HOLE-- [fill = 0]
                  2000c340    0000001c                  : BIOS.obj (.text:ti_sysbios_family_arm_m3_Timer_Module_startup__E)
                  2000c35c    00000004     --HOLE-- [fill = 0]
                  2000c360    0000001c                  : BIOS.obj (.text:ti_sysbios_family_arm_m3_Timer_stop__E)
                  2000c37c    00000004     --HOLE-- [fill = 0]
                  2000c380    0000001c                  : BIOS.obj (.text:ti_sysbios_gates_GateMutex_Instance_init__E)
                  2000c39c    00000004     --HOLE-- [fill = 0]
                  2000c3a0    0000001c                  : BIOS.obj (.text:ti_sysbios_knl_Clock_Instance_finalize__E)
                  2000c3bc    0000001c     release_pem4.oem4 (.text:ti_sysbios_knl_Queue_destruct)
                  2000c3d8    0000001c     sysbios.aem4 : BIOS.obj (.text:ti_sysbios_knl_Queue_put__E)
                  2000c3f4    00000004     --HOLE-- [fill = 0]
                  2000c3f8    0000001c                  : BIOS.obj (.text:ti_sysbios_knl_Task_enter__I)
                  2000c414    00000004     --HOLE-- [fill = 0]
                  2000c418    0000001c                  : BIOS.obj (.text:ti_sysbios_rts_ti_ReentSupport_getReent__F)
                  2000c434    0000001a     release_pem4.oem4 (.text:free)
                  2000c44e    0000001a     sysbios.aem4 : m3_Hwi_asm.obj (.text:ti_sysbios_family_arm_m3_Hwi_pendSV__I)
                  2000c468    00000018     drivers_cc32xx.aem4 : PowerCC32XX.oem4 (.text:Power_idleFunc)
                  2000c480    00000018                         : TimerCC32XX.oem4 (.text:TimerCC32XX_getCount)
                  2000c498    00000018     driverlib.a : timer.obj (.text:TimerIntDisable)
                  2000c4b0    00000018                 : timer.obj (.text:TimerIntEnable)
                  2000c4c8    00000018                 : uart.obj (.text:UARTBusy)
                  2000c4e0    00000018                 : uart.obj (.text:UARTIntEnable)
                  2000c4f8    00000018     drivers_cc32xx.aem4 : UART.oem4 (.text:UART_Params_init)
                  2000c510    00000018     rtsv7M4_T_le_eabi.lib : args_main.c.obj (.text:_args_main)
                  2000c528    00000018                           : sprintf.c.obj (.text:_outs)
                  2000c540    00000018                           : ll_mul_t2.asm.obj (.text)
                  2000c558    00000018                           : strcmp.c.obj (.text:strcmp)
                  2000c570    00000018     release_pem4.oem4 (.text:ti_sysbios_BIOS_rtsUnlock__I)
                  2000c588    00000018     release_pem4.oem4 (.text:ti_sysbios_family_arm_m3_Hwi_Module__startupDone__F)
                  2000c5a0    00000018     release_pem4.oem4 (.text:ti_sysbios_family_arm_m3_Timer_Module__startupDone__F)
                  2000c5b8    00000018     sysbios.aem4 : BIOS.obj (.text:ti_sysbios_gates_GateMutex_leave__E)
                  2000c5d0    00000018                  : BIOS.obj (.text:ti_sysbios_knl_Task_sleepTimeout__I)
                  2000c5e8    00000018     release_pem4.oem4 (.text:ti_sysbios_rts_ti_ReentSupport_getTlsAddr__I)
                  2000c600    00000018     sysbios.aem4 : BIOS.obj (.text:xdc_runtime_Error_init__E)
                  2000c618    00000018                  : BIOS.obj (.text:xdc_runtime_System_exit__E)
                  2000c630    00000016     driverlib.a : prcm.obj (.text:PRCMHIBRegRead)
                  2000c646    00000016                 : prcm.obj (.text:PRCMHIBRegWrite)
                  2000c65c    00000016     rtsv7M4_T_le_eabi.lib : strchr.c.obj (.text:strchr)
                  2000c672    00000016     release_pem4.oem4 (.text:ti_sysbios_BIOS_exitFunc__I)
                  2000c688    00000014     drivers_cc32xx.aem4 : PowerCC32XX.oem4 (.text:Power_getDependencyCount)
                  2000c69c    00000004     --HOLE-- [fill = 0]
                  2000c6a0    00000014     sysbios.aem4 : BIOS.obj (.text:pthread_attr_setschedparam)
                  2000c6b4    00000014     drivers_cc32xx.aem4 : UARTCC32XX.oem4 (.text:releasePowerConstraint)
                  2000c6c8    00000014     rtsv7M4_T_le_eabi.lib : strcpy.c.obj (.text:strcpy)
                  2000c6dc    00000014                           : strlen.c.obj (.text:strlen)
                  2000c6f0    00000014     release_pem4.oem4 (.text:ti_sysbios_family_arm_m3_Hwi_Object__get__S)
                  2000c704    00000004     --HOLE-- [fill = 0]
                  2000c708    00000014     sysbios.aem4 : BIOS.obj (.text:ti_sysbios_family_arm_m3_Hwi_switchFromBootStack__E)
                  2000c71c    00000014     release_pem4.oem4 (.text:ti_sysbios_heaps_HeapMem_Object__get__S)
                  2000c730    00000014     sysbios.aem4 : BIOS.obj (.text:ti_sysbios_knl_Clock_tickReconfig__E)
                  2000c744    00000014     release_pem4.oem4 (.text:ti_sysbios_knl_Swi_Object__get__S)
                  2000c758    00000012     drivers_cc32xx.aem4 : RingBuf.oem4 (.text:RingBuf_construct)
                  2000c76a    00000012     dpl_cc32xx.aem4 : SemaphoreP_tirtos.oem4 (.text:SemaphoreP_pend)
                  2000c77c    00000012     driverlib.a : timer.obj (.text:TimerIntClear)
                  2000c78e    00000002     --HOLE-- [fill = 0]
                  2000c790    00000012     sysbios.aem4 : BIOS.obj (.text:_pthread_runStub$41)
                  2000c7a2    00000006     drivers_cc32xx.aem4 : TimerCC32XX.oem4 (.text:TimerCC32XX_control)
                  2000c7a8    00000012     sysbios.aem4 : BIOS.obj (.text:ti_sysbios_hal_Hwi_Module_startup__E)
                  2000c7ba    00000012     rtsv7M4_T_le_eabi.lib : wcslen.c.obj (.text:wcslen)
                  2000c7cc    00000012     release_pem4.oem4 (.text:xdc_runtime_Startup_exec__I)
                  2000c7de    00000010     ti_drivers_config.obj (.text:Board_init)
                  2000c7ee    00000002     --HOLE-- [fill = 0]
                  2000c7f0    00000010     drivers_cc32xx.aem4 : Capture.oem4 (.text:Capture_Params_init)
                  2000c800    00000010     dpl_cc32xx.aem4 : HwiP_tirtos.oem4 (.text:HwiP_Params_init)
                  2000c810    00000010     drivers_cc32xx.aem4 : UARTCC32XX.oem4 (.text:readBlockingTimeout)
                  2000c820    00000010     sysbios.aem4 : BIOS.obj (.text:ti_sysbios_BIOS_getCpuFreq__E)
                  2000c830    00000010                  : BIOS.obj (.text:ti_sysbios_BIOS_setThreadType__E)
                  2000c840    00000010                  : BIOS.obj (.text:ti_sysbios_BIOS_start__E)
                  2000c850    00000010                  : m3_TaskSupport_asm.obj (.text:ti_sysbios_family_arm_m3_TaskSupport_glue)
                  2000c860    00000010                  : m3_TaskSupport_asm.obj (.text:ti_sysbios_family_arm_m3_TaskSupport_swap__E)
                  2000c870    00000010                  : BIOS.obj (.text:ti_sysbios_gates_GateMutex_Instance_finalize__E)
                  2000c880    00000010     release_pem4.oem4 (.text:ti_sysbios_knl_Mailbox_Object__get__S)
                  2000c890    00000010     sysbios.aem4 : BIOS.obj (.text:ti_sysbios_knl_Semaphore_Instance_finalize__E)
                  2000c8a0    00000010                  : BIOS.obj (.text:ti_sysbios_knl_Swi_disable__E)
                  2000c8b0    00000010     release_pem4.oem4 (.text:ti_sysbios_knl_Task_Object__get__S)
                  2000c8c0    00000010     sysbios.aem4 : BIOS.obj (.text:ti_sysbios_knl_Task_disable__E)
                  2000c8d0    00000010                  : BIOS.obj (.text:xdc_runtime_Memory_free__E)
                  2000c8e0    00000010                  : BIOS.obj (.text:xdc_runtime_SysCallback_abort__E)
                  2000c8f0    00000010                  : BIOS.obj (.text:xdc_runtime_SysCallback_exit__E)
                  2000c900    0000000e     drivers_cc32xx.aem4 : RingBuf.oem4 (.text:RingBuf_isFull)
                  2000c90e    0000000e     rtsv7M4_T_le_eabi.lib : copy_decompress_none.c.obj (.text:decompress:none:__TI_decompress_none)
                  2000c91c    00000004     --HOLE-- [fill = 0]
                  2000c920    0000000e     sysbios.aem4 : BIOS.obj (.text:pthread_attr_setdetachstate)
                  2000c92e    00000002     --HOLE-- [fill = 0]
                  2000c930    0000000e                  : BIOS.obj (.text:ti_sysbios_knl_Idle_loop__E)
                  2000c93e    00000002     --HOLE-- [fill = 0]
                  2000c940    0000000e                  : BIOS.obj (.text:ti_sysbios_knl_Queue_empty__E)
                  2000c94e    0000000c     dpl_cc32xx.aem4 : ClockP_tirtos.oem4 (.text:ClockP_delete)
                  2000c95a    0000000c                     : HwiP_tirtos.oem4 (.text:HwiP_delete)
                  2000c966    00000002     --HOLE-- [fill = 0]
                  2000c968    0000000c     drivers_cc32xx.aem4 : PowerCC32XX.oem4 (.text:Power_getConstraintMask)
                  2000c974    0000000c     dpl_cc32xx.aem4 : SemaphoreP_tirtos.oem4 (.text:SemaphoreP_delete)
                  2000c980    0000000c     rtsv7M4_T_le_eabi.lib : _lock.c.obj (.text:_register_lock)
                  2000c98c    0000000c                           : _lock.c.obj (.text:_register_unlock)
                  2000c998    0000000c                           : s_copysign.c.obj (.text:copysign)
                  2000c9a4    0000000c                           : copy_zero_init.c.obj (.text:decompress:ZI:__TI_zero_init)
                  2000c9b0    0000000c     drivers_cc32xx.aem4 : CaptureCC32XX.oem4 (.text:postNotifyFxn)
                  2000c9bc    0000000c                         : TimerCC32XX.oem4 (.text:postNotifyFxn)
                  2000c9c8    0000000c                         : UARTCC32XX.oem4 (.text:postNotifyFxn)
                  2000c9d4    0000000c     release_pem4.oem4 (.text:ti_sysbios_family_arm_m3_Hwi_Params__init__S)
                  2000c9e0    0000000c     sysbios.aem4 : BIOS.obj (.text:ti_sysbios_family_arm_m3_Hwi_disableFxn__E)
                  2000c9ec    00000004     --HOLE-- [fill = 0]
                  2000c9f0    0000000c                  : BIOS.obj (.text:ti_sysbios_family_arm_m3_TaskSupport_getStackAlignment__E)
                  2000c9fc    00000004     --HOLE-- [fill = 0]
                  2000ca00    0000000c                  : BIOS.obj (.text:ti_sysbios_gates_GateHwi_enter__E)
                  2000ca0c    0000000c     release_pem4.oem4 (.text:ti_sysbios_knl_Clock_Params__init__S)
                  2000ca18    0000000c     sysbios.aem4 : BIOS.obj (.text:ti_sysbios_knl_Clock_getTicks__E)
                  2000ca24    00000004     --HOLE-- [fill = 0]
                  2000ca28    0000000c                  : BIOS.obj (.text:ti_sysbios_knl_Clock_setTicks__E)
                  2000ca34    00000004     --HOLE-- [fill = 0]
                  2000ca38    0000000c                  : BIOS.obj (.text:ti_sysbios_knl_Clock_tickStart__E)
                  2000ca44    00000004     --HOLE-- [fill = 0]
                  2000ca48    0000000c                  : BIOS.obj (.text:ti_sysbios_knl_Clock_tickStop__E)
                  2000ca54    0000000c     release_pem4.oem4 (.text:ti_sysbios_knl_Queue_Object__get__S)
                  2000ca60    0000000c     release_pem4.oem4 (.text:ti_sysbios_knl_Semaphore_Params__init__S)
                  2000ca6c    0000000c     release_pem4.oem4 (.text:ti_sysbios_knl_Task_Params__init__S)
                  2000ca78    0000000c     sysbios.aem4 : BIOS.obj (.text:ti_sysbios_knl_Task_self__E)
                  2000ca84    00000004     --HOLE-- [fill = 0]
                  2000ca88    0000000c                  : BIOS.obj (.text:ti_sysbios_rts_ti_ReentSupport_taskRegHook__I)
                  2000ca94    00000004     --HOLE-- [fill = 0]
                  2000ca98    0000000c                  : BIOS.obj (.text:xdc_runtime_Startup_rtsDone__E)
                  2000caa4    0000000a     drivers_cc32xx.aem4 : Capture.oem4 (.text:Capture_close)
                  2000caae    0000000a                         : Capture.oem4 (.text:Capture_start)
                  2000cab8    0000000a                         : Capture.oem4 (.text:Capture_stop)
                  2000cac2    0000000a     dpl_cc32xx.aem4 : ClockP_tirtos.oem4 (.text:ClockP_Params_init)
                  2000cacc    0000000a     drivers_cc32xx.aem4 : UART.oem4 (.text:UART_write)
                  2000cad6    0000000a     rtsv7M4_T_le_eabi.lib : sprintf.c.obj (.text:_outc)
                  2000cae0    0000000a     release_pem4.oem4 (.text:xdc_runtime_IHeap_alloc)
                  2000caea    0000000a     release_pem4.oem4 (.text:xdc_runtime_IHeap_free)
                  2000caf4    00000008     dpl_cc32xx.aem4 : SemaphoreP_tirtos.oem4 (.text:SemaphoreP_Params_init)
                  2000cafc    00000004     --HOLE-- [fill = 0]
                  2000cb00    00000008     sysbios.aem4 : BIOS.obj (.text:pthread_attr_setstacksize)
                  2000cb08    00000008     drivers_cc32xx.aem4 : UARTCC32XX.oem4 (.text:readSemCallback)
                  2000cb10    00000008     sysbios.aem4 : BIOS.obj (.text:ti_sysbios_family_arm_m3_Hwi_doSwiRestore__I)
                  2000cb18    00000008                  : BIOS.obj (.text:ti_sysbios_family_arm_m3_Hwi_startup__E)
                  2000cb20    00000008     drivers_cc32xx.aem4 : UARTCC32XX.oem4 (.text:writeSemCallback)
                  2000cb28    00000006     driverlib.a : utils.obj (.text:UtilsDelay)
                  2000cb2e    00000002     --HOLE-- [fill = 0]
                  2000cb30    00000006     sysbios.aem4 : BIOS.obj (.text:ti_sysbios_family_arm_m3_Hwi_doTaskRestore__I)
                  2000cb36    00000002     --HOLE-- [fill = 0]
                  2000cb38    00000006                  : BIOS.obj (.text:ti_sysbios_family_arm_m3_Hwi_restoreFxn__E)
                  2000cb3e    00000002     --HOLE-- [fill = 0]
                  2000cb40    00000006                  : BIOS.obj (.text:ti_sysbios_gates_GateHwi_leave__E)
                  2000cb46    00000002     --HOLE-- [fill = 0]
                  2000cb48    00000006                  : BIOS.obj (.text:ti_sysbios_heaps_HeapMem_isBlocking__E)
                  2000cb4e    00000002     --HOLE-- [fill = 0]
                  2000cb50    00000006                  : BIOS.obj (.text:ti_sysbios_knl_Clock_stop__E)
                  2000cb56    00000002     --HOLE-- [fill = 0]
                  2000cb58    00000006                  : BIOS.obj (.text:ti_sysbios_knl_Queue_Instance_init__E)
                  2000cb5e    00000002     --HOLE-- [fill = 0]
                  2000cb60    00000006                  : BIOS.obj (.text:ti_sysbios_knl_Swi_startup__E)
                  2000cb66    00000002     --HOLE-- [fill = 0]
                  2000cb68    00000006                  : BIOS.obj (.text:xdc_runtime_System_Module_startup__E)
                  2000cb6e    00000002     --HOLE-- [fill = 0]
                  2000cb70    00000004                  : BIOS.obj (.text:__aeabi_errno_addr)
                  2000cb74    00000004     --HOLE-- [fill = 0]
                  2000cb78    00000004                  : BIOS.obj (.text:ti_sysbios_family_arm_m3_Timer_getMaxTicks__E)
                  2000cb7c    00000004     --HOLE-- [fill = 0]
                  2000cb80    00000004                  : BIOS.obj (.text:ti_sysbios_gates_GateHwi_query__E)
                  2000cb84    00000004     --HOLE-- [fill = 0]
                  2000cb88    00000004                  : BIOS.obj (.text:ti_sysbios_gates_GateMutex_query__E)
                  2000cb8c    00000004     --HOLE-- [fill = 0]
                  2000cb90    00000004                  : BIOS.obj (.text:ti_sysbios_knl_Clock_setTimeout__E)
                  2000cb94    00000004     --HOLE-- [fill = 0]
                  2000cb98    00000004                  : BIOS.obj (.text:ti_sysbios_knl_Task_startup__E)
                  2000cb9c    00000004     --HOLE-- [fill = 0]
                  2000cba0    00000002                  : BIOS.obj (.text:ti_sysbios_BIOS_linkedWithIncorrectBootLibrary__E)
                  2000cba2    00000006     --HOLE-- [fill = 0]
                  2000cba8    00000002                  : BIOS.obj (.text:ti_sysbios_gates_GateHwi_Instance_init__E)
                  2000cbaa    00000006     --HOLE-- [fill = 0]
                  2000cbb0    00000002                  : BIOS.obj (.text:ti_sysbios_knl_Clock_logTick__E)
                  2000cbb2    00000006     --HOLE-- [fill = 0]
                  2000cbb8    00000002                  : BIOS.obj (.text:xdc_runtime_SysCallback_defaultAbort)
                  2000cbba    00000006     --HOLE-- [fill = 0]
                  2000cbc0    00000002                  : BIOS.obj (.text:xdc_runtime_SysCallback_defaultExit)
                  2000cbc2    00000006     --HOLE-- [fill = 0]
                  2000cbc8    00000002                  : BIOS.obj (.text:xdc_runtime_System_abortSpin__E)
                  2000cbca    00000006     --HOLE-- [fill = 0]
                  2000cbd0    00000002                  : BIOS.obj (.text:xdc_runtime_System_exitSpin__E)

.bss       0    20014bd8    00000a28     UNINITIALIZED
                  20014bd8    0000030c     (.common:ti_sysbios_family_arm_m3_Hwi_dispatchTable)
                  20014ee4    00000004     drivers_cc32xx.aem4 : GPIOCC32XX.oem4 (.bss)
                  20014ee8    00000200     release_pem4.oem4 (.bss:taskStackSection)
                  200150e8    0000012c     (.common:PowerCC32XX_contextSave)
                  20015214    00000120     rtsv7M4_T_le_eabi.lib : trgmsg.c.obj (.bss:_CIOBUF_)
                  20015334    000000a0     (.common:__TI_tmpnams)
                  200153d4    00000084     (.common:uartCC32XXObjects0)
                  20015458    00000084     (.common:uartCC32XXObjects1)
                  200154dc    00000034     (.common:timerCC32XXObjects)
                  20015510    00000030     (.common:captureCC32XXObjects)
                  20015540    00000024     (.common:uartParams)
                  20015564    00000020     drivers_cc32xx.aem4 : GPIOCC32XX.oem4 (.bss:gpioCallbackInfo)
                  20015584    00000020     ti_drivers_config.obj (.bss:uartCC32XXRingBuffer0)
                  200155a4    00000014     drivers_cc32xx.aem4 : GPIOCC32XX.oem4 (.bss:powerNotifyObj)
                  200155b8    0000000c     ti_drivers_config.obj (.bss:uartCC32XXRingBuffer1)
                  200155c4    0000000c     (.common:DHT_Data)
                  200155d0    0000000c     (.common:captParams)
                  200155dc    00000008     drivers_cc32xx.aem4 : CaptureCC32XX.oem4 (.bss:clockFreq)
                  200155e4    00000008     (.common:parmbuf)
                  200155ec    00000004                         : TimerCC32XX.oem4 (.bss:timerState)
                  200155f0    00000004     (.common:ClockP_tickPeriod)
                  200155f4    00000004     (.common:captHandle)
                  200155f8    00000004     (.common:ti_sysbios_knl_Task_Instance_State_0_hookEnv__A)
                  200155fc    00000004     (.common:uartHandle)

.data      0    20015600    00000a06     UNINITIALIZED
                  20015600    0000016c     drivers_cc32xx.aem4 : PowerCC32XX.oem4 (.data:PowerCC32XX_module)
                  2001576c    00000144     temp.obj (.data:data)
                  200158b0    000000f8     ti_drivers_config.obj (.data:parkInfo)
                  200159a8    000000f0     rtsv7M4_T_le_eabi.lib : defs.c.obj (.data:_ftable)
                  20015a98    00000088     sysbios.aem4 : BIOS.obj (.data:$O1$$)
                  20015b20    00000080     release_pem4.oem4 (.data:ti_sysbios_knl_Swi_Module_State_0_readyQ__A)
                  20015ba0    00000080     release_pem4.oem4 (.data:ti_sysbios_knl_Task_Module_State_0_readyQ__A)
                  20015c20    00000078     rtsv7M4_T_le_eabi.lib : host_device.c.obj (.data:_device)
                  20015c98    00000054     release_pem4.oem4 (.data:ti_sysbios_gates_GateMutex_Object__table__V)
                  20015cec    00000050     rtsv7M4_T_le_eabi.lib : host_device.c.obj (.data:_stream)
                  20015d3c    0000004c     release_pem4.oem4 (.data:ti_sysbios_knl_Task_Object__table__V)
                  20015d88    00000044     release_pem4.oem4 (.data:ti_sysbios_knl_Task_Module__state__V)
                  20015dcc    00000034     release_pem4.oem4 (.data:ti_sysbios_family_arm_m3_Hwi_Module__state__V)
                  20015e00    00000030     release_pem4.oem4 (.data:ti_sysbios_family_arm_m3_Timer_Object__table__V)
                  20015e30    00000030     release_pem4.oem4 (.data:ti_sysbios_knl_Swi_Object__table__V)
                  20015e60    0000002c     release_pem4.oem4 (.data:ti_sysbios_knl_Clock_Module__state__V)
                  20015e8c    00000024     release_pem4.oem4 (.data:ti_sysbios_BIOS_Module__state__V)
                  20015eb0    00000020     release_pem4.oem4 (.data:xdc_runtime_Error_IgnoreBlock)
                  20015ed0    0000001c     release_pem4.oem4 (.data:ti_sysbios_knl_Swi_Module__state__V)
                  20015eec    00000018     release_pem4.oem4 (.data:ti_sysbios_family_arm_m3_Hwi_Object__table__V)
                  20015f04    00000018     release_pem4.oem4 (.data:ti_sysbios_heaps_HeapMem_Object__table__V)
                  20015f1c    00000010     ti_drivers_config.obj (.data:gpioCallbackFunctions)
                  20015f2c    00000010     ti_drivers_config.obj (.data:gpioPinConfigs)
                  20015f3c    00000010     rtsv7M4_T_le_eabi.lib : defs.c.obj (.data)
                  20015f4c    00000010     release_pem4.oem4 (.data:ti_sysbios_family_arm_cc32xx_Seconds_Module__state__V)
                  20015f5c    0000000c     rtsv7M4_T_le_eabi.lib : exit.c.obj (.data:$O1$$)
                  20015f68    0000000c     release_pem4.oem4 (.data:ti_sysbios_family_arm_m3_Timer_Module__state__V)
                  20015f74    00000009     drivers_cc32xx.aem4 : GPIOCC32XX.oem4 (.data)
                  20015f7d    00000001                         : Capture.oem4 (.data)
                  20015f7e    00000002     release_pem4.oem4 (.data:ti_sysbios_family_arm_m3_Hwi_Module_State_0_excActive__A)
                  20015f80    00000008     rtsv7M4_T_le_eabi.lib : _lock.c.obj (.data:$O1$$)
                  20015f88    00000008     temp.obj (.data)
                  20015f90    00000008     release_pem4.oem4 (.data:ti_sysbios_family_arm_m3_Hwi_Module__root__V)
                  20015f98    00000008     release_pem4.oem4 (.data:ti_sysbios_gates_GateHwi_Module__root__V)
                  20015fa0    00000008     release_pem4.oem4 (.data:ti_sysbios_gates_GateMutex_Module__root__V)
                  20015fa8    00000008     release_pem4.oem4 (.data:ti_sysbios_heaps_HeapMem_Module__root__V)
                  20015fb0    00000008     release_pem4.oem4 (.data:ti_sysbios_knl_Clock_Module__root__V)
                  20015fb8    00000008     release_pem4.oem4 (.data:ti_sysbios_knl_Queue_Module__root__V)
                  20015fc0    00000008     release_pem4.oem4 (.data:ti_sysbios_knl_Semaphore_Module__root__V)
                  20015fc8    00000008     release_pem4.oem4 (.data:ti_sysbios_knl_Task_Module__root__V)
                  20015fd0    00000008     release_pem4.oem4 (.data:xdc_runtime_Startup_Module__state__V)
                  20015fd8    00000008     release_pem4.oem4 (.data:xdc_runtime_System_Module_State_0_atexitHandlers__A)
                  20015fe0    00000008     release_pem4.oem4 (.data:xdc_runtime_System_Module__state__V)
                  20015fe8    00000004     rtsv7M4_T_le_eabi.lib : stkdepth_vars.c.obj (.data)
                  20015fec    00000004     release_pem4.oem4 (.data:ti_sysbios_family_arm_m3_Hwi_Module_State_0_excContext__A)
                  20015ff0    00000004     release_pem4.oem4 (.data:ti_sysbios_family_arm_m3_Hwi_Module_State_0_excStack__A)
                  20015ff4    00000004     release_pem4.oem4 (.data:ti_sysbios_gates_GateHwi_Object__table__V)
                  20015ff8    00000004     release_pem4.oem4 (.data:ti_sysbios_knl_Task_Module_State_0_idleTask__A)
                  20015ffc    00000004     release_pem4.oem4 (.data:ti_sysbios_rts_ti_ReentSupport_Module__state__V)
                  20016000    00000004     release_pem4.oem4 (.data:xdc_runtime_Memory_Module__state__V)
                  20016004    00000001     drivers_cc32xx.aem4 : Timer.oem4 (.data)
                  20016005    00000001                         : UART.oem4 (.data)

.const     0    20016008    00000977     
                  20016008    00000101     rtsv7M4_T_le_eabi.lib : ctype.c.obj (.const:.string:_ctypes_)
                  20016109    00000003     ti_drivers_config.obj (.const)
                  2001610c    00000100     driverlib.a : pin.obj (.const:g_ulPinToPadMap)
                  2001620c    000000a8                 : prcm.obj (.const:PRCM_PeriphRegsList)
                  200162b4    00000040     ti_drivers_config.obj (.const:PowerCC32XX_config)
                  200162f4    0000003c     release_pem4.oem4 (.const:ti_sysbios_knl_Task_Object__PARAMS__C)
                  20016330    00000030     release_pem4.oem4 (.const:ti_sysbios_family_arm_m3_Hwi_Object__PARAMS__C)
                  20016360    00000028     drivers_cc32xx.aem4 : UARTCC32XX.oem4 (.const:UARTCC32XX_fxnTable)
                  20016388    00000028     release_pem4.oem4 (.const:ti_sysbios_heaps_HeapMem_Module__FXNS__C)
                  200163b0    00000024     drivers_cc32xx.aem4 : UART.oem4 (.const:UART_defaultParams)
                  200163d4    00000024     release_pem4.oem4 (.const:ti_sysbios_gates_GateHwi_Module__FXNS__C)
                  200163f8    00000024     release_pem4.oem4 (.const:ti_sysbios_gates_GateMutex_Module__FXNS__C)
                  2001641c    00000024     release_pem4.oem4 (.const:ti_sysbios_heaps_HeapMem_Object__PARAMS__C)
                  20016440    00000024     release_pem4.oem4 (.const:ti_sysbios_knl_Clock_Object__PARAMS__C)
                  20016464    00000024     release_pem4.oem4 (.const:ti_sysbios_knl_Semaphore_Object__PARAMS__C)
                  20016488    00000024     ti_drivers_config.obj (.const:uartCC32XXHWAttrs0)
                  200164ac    00000024     ti_drivers_config.obj (.const:uartCC32XXHWAttrs1)
                  200164d0    00000021     drivers_cc32xx.aem4 : GPIOCC32XX.oem4 (.const:.string:pinTable)
                  200164f1    00000020     temp.obj (.const:.string:$P$T1$2)
                  20016511    00000020     temp.obj (.const:.string:$P$T2$3)
                  20016531    00000020     temp.obj (.const:.string:$P$T4$5)
                  20016551    00000020     temp.obj (.const:.string:$P$T5$6)
                  20016571    00000020     temp.obj (.const:.string:$P$T6$7)
                  20016591    00000001     release_pem4.oem4 (.const:ti_sysbios_knl_Clock_tickMode__C)
                  20016592    00000002     release_pem4.oem4 (.const:ti_sysbios_family_arm_m3_Hwi_Module__id__C)
                  20016594    00000020     drivers_cc32xx.aem4 : TimerCC32XX.oem4 (.const:TimerCC32XX_fxnTable)
                  200165b4    00000020                         : UARTCC32XX.oem4 (.const:staticFxnTable)
                  200165d4    00000020     release_pem4.oem4 (.const:ti_sysbios_family_arm_m3_Hwi_Object__DESC__C)
                  200165f4    00000020     release_pem4.oem4 (.const:ti_sysbios_gates_GateHwi_Object__DESC__C)
                  20016614    00000020     release_pem4.oem4 (.const:ti_sysbios_gates_GateMutex_Object__DESC__C)
                  20016634    00000020     release_pem4.oem4 (.const:ti_sysbios_heaps_HeapMem_Object__DESC__C)
                  20016654    00000020     release_pem4.oem4 (.const:ti_sysbios_knl_Clock_Object__DESC__C)
                  20016674    00000020     release_pem4.oem4 (.const:ti_sysbios_knl_Queue_Object__DESC__C)
                  20016694    00000020     release_pem4.oem4 (.const:ti_sysbios_knl_Semaphore_Object__DESC__C)
                  200166b4    00000020     release_pem4.oem4 (.const:ti_sysbios_knl_Task_Object__DESC__C)
                  200166d4    00000020     release_pem4.oem4 (.const:xdc_runtime_Startup_sfxnTab__A)
                  200166f4    0000001d     temp.obj (.const:.string:$P$T0$1)
                  20016711    00000001     release_pem4.oem4 (.const:ti_sysbios_knl_Clock_tickSource__C)
                  20016712    00000002     release_pem4.oem4 (.const:ti_sysbios_family_arm_m3_Timer_Module__id__C)
                  20016714    00000018     drivers_cc32xx.aem4 : CaptureCC32XX.oem4 (.const:CaptureCC32XX_fxnTable)
                  2001672c    00000018     ti_drivers_config.obj (.const:UART_config)
                  20016744    00000018     release_pem4.oem4 (.const:ti_sysbios_gates_GateHwi_Object__PARAMS__C)
                  2001675c    00000018     release_pem4.oem4 (.const:ti_sysbios_gates_GateMutex_Object__PARAMS__C)
                  20016774    00000018     release_pem4.oem4 (.const:ti_sysbios_knl_Queue_Object__PARAMS__C)
                  2001678c    00000018     release_pem4.oem4 (.const:ti_sysbios_knl_Task_hooks__A)
                  200167a4    00000014     ti_drivers_config.obj (.const:GPIOCC32XX_config)
                  200167b8    00000014     drivers_cc32xx.aem4 : GPIOCC32XX.oem4 (.const:gpioBaseAddresses)
                  200167cc    00000014                         : UARTCC32XX.oem4 (.const:parityType)
                  200167e0    00000014                         : GPIOCC32XX.oem4 (.const:powerResources)
                  200167f4    00000010                         : UARTCC32XX.oem4 (.const:dataLength)
                  20016804    00000010     ti_drivers_config.obj (.const:timerCC32XXHWAttrs)
                  20016814    00000010     release_pem4.oem4 (.const:xdc_runtime_Startup_sfxnRts__A)
                  20016824    0000000c     ti_drivers_config.obj (.const:Capture_config)
                  20016830    0000000c     ti_drivers_config.obj (.const:Timer_config)
                  2001683c    0000000c     drivers_cc32xx.aem4 : Capture.oem4 (.const:defaultParams)
                  20016848    0000000c     release_pem4.oem4 (.const:xdc_runtime_Startup_firstFxns__A)
                  20016854    00000008     temp.obj (.const:$P$T3$4)
                  2001685c    00000008     ti_drivers_config.obj (.const:captureCC32XXHWAttrs)
                  20016864    00000008     drivers_cc32xx.aem4 : GPIOCC32XX.oem4 (.const:outPinTypes)
                  2001686c    00000008                         : UARTCC32XX.oem4 (.const:stopBits)
                  20016874    00000008     release_pem4.oem4 (.const:ti_sysbios_knl_Idle_funcList__A)
                  2001687c    00000008     release_pem4.oem4 (.const:ti_sysbios_knl_Idle_funcList__C)
                  20016884    00000008     release_pem4.oem4 (.const:ti_sysbios_knl_Task_hooks__C)
                  2001688c    00000008     release_pem4.oem4 (.const:xdc_runtime_Startup_firstFxns__C)
                  20016894    00000008     release_pem4.oem4 (.const:xdc_runtime_Startup_lastFxns__C)
                  2001689c    00000006     drivers_cc32xx.aem4 : GPIOCC32XX.oem4 (.const:.string:interruptType)
                  200168a2    00000006                         : GPIOCC32XX.oem4 (.const:inPinTypes)
                  200168a8    00000006                         : GPIOCC32XX.oem4 (.const:outPinStrengths)
                  200168ae    00000004                         : GPIOCC32XX.oem4 (.const:.string:portInterruptIds)
                  200168b2    00000002     release_pem4.oem4 (.const:ti_sysbios_heaps_HeapMem_Module__id__C)
                  200168b4    00000004     release_pem4.oem4 (.const:ti_sysbios_family_arm_m3_Hwi_E_alreadyDefined__C)
                  200168b8    00000004     release_pem4.oem4 (.const:ti_sysbios_family_arm_m3_Hwi_E_badIntNum__C)
                  200168bc    00000004     release_pem4.oem4 (.const:ti_sysbios_family_arm_m3_Hwi_NUM_INTERRUPTS__C)
                  200168c0    00000004     release_pem4.oem4 (.const:ti_sysbios_family_arm_m3_Hwi_Object__count__C)
                  200168c4    00000004     release_pem4.oem4 (.const:ti_sysbios_family_arm_m3_Hwi_ccr__C)
                  200168c8    00000004     release_pem4.oem4 (.const:ti_sysbios_family_arm_m3_Hwi_excHandlerFunc__C)
                  200168cc    00000004     release_pem4.oem4 (.const:ti_sysbios_family_arm_m3_Hwi_nullIsrFunc__C)
                  200168d0    00000004     release_pem4.oem4 (.const:ti_sysbios_family_arm_m3_Hwi_priGroup__C)
                  200168d4    00000004     release_pem4.oem4 (.const:ti_sysbios_family_arm_m3_Hwi_swiDisable__C)
                  200168d8    00000004     release_pem4.oem4 (.const:ti_sysbios_family_arm_m3_Hwi_swiRestore__C)
                  200168dc    00000004     release_pem4.oem4 (.const:ti_sysbios_family_arm_m3_TaskSupport_stackAlignment__C)
                  200168e0    00000004     release_pem4.oem4 (.const:ti_sysbios_family_arm_m3_Timer_E_cannotSupport__C)
                  200168e4    00000004     release_pem4.oem4 (.const:ti_sysbios_family_arm_m3_Timer_startupNeeded__C)
                  200168e8    00000004     release_pem4.oem4 (.const:ti_sysbios_gates_GateMutex_Instance_State_sem__O)
                  200168ec    00000004     release_pem4.oem4 (.const:ti_sysbios_heaps_HeapMem_E_memory__C)
                  200168f0    00000004     release_pem4.oem4 (.const:ti_sysbios_heaps_HeapMem_Module__gateObj__C)
                  200168f4    00000004     release_pem4.oem4 (.const:ti_sysbios_heaps_HeapMem_Object__count__C)
                  200168f8    00000004     release_pem4.oem4 (.const:ti_sysbios_heaps_HeapMem_primaryHeapBaseAddr__C)
                  200168fc    00000004     release_pem4.oem4 (.const:ti_sysbios_heaps_HeapMem_primaryHeapEndAddr__C)
                  20016900    00000004     release_pem4.oem4 (.const:ti_sysbios_heaps_HeapMem_reqAlign__C)
                  20016904    00000004     release_pem4.oem4 (.const:ti_sysbios_knl_Clock_Module_State_clockQ__O)
                  20016908    00000004     release_pem4.oem4 (.const:ti_sysbios_knl_Clock_tickPeriod__C)
                  2001690c    00000004     release_pem4.oem4 (.const:ti_sysbios_knl_Mailbox_Instance_State_freeQue__O)
                  20016910    00000004     release_pem4.oem4 (.const:ti_sysbios_knl_Mailbox_Object__count__C)
                  20016914    00000004     release_pem4.oem4 (.const:ti_sysbios_knl_Mailbox_maxTypeAlign__C)
                  20016918    00000004     release_pem4.oem4 (.const:ti_sysbios_knl_Semaphore_Instance_State_pendQ__O)
                  2001691c    00000004     release_pem4.oem4 (.const:ti_sysbios_knl_Swi_Object__count__C)
                  20016920    00000004     release_pem4.oem4 (.const:ti_sysbios_knl_Task_Module_State_inactiveQ__O)
                  20016924    00000004     release_pem4.oem4 (.const:ti_sysbios_knl_Task_Object__count__C)
                  20016928    00000004     release_pem4.oem4 (.const:ti_sysbios_knl_Task_Object__heap__C)
                  2001692c    00000004     release_pem4.oem4 (.const:ti_sysbios_knl_Task_allBlockedFunc__C)
                  20016930    00000004     release_pem4.oem4 (.const:ti_sysbios_knl_Task_defaultStackHeap__C)
                  20016934    00000004     release_pem4.oem4 (.const:ti_sysbios_knl_Task_defaultStackSize__C)
                  20016938    00000004     release_pem4.oem4 (.const:ti_sysbios_knl_Task_numConstructedTasks__C)
                  2001693c    00000004     release_pem4.oem4 (.const:xdc_runtime_Error_E_memory__C)
                  20016940    00000004     release_pem4.oem4 (.const:xdc_runtime_Error_policyFxn__C)
                  20016944    00000004     release_pem4.oem4 (.const:xdc_runtime_IGateProvider_Interface__BASE__C)
                  20016948    00000004     release_pem4.oem4 (.const:xdc_runtime_IHeap_Interface__BASE__C)
                  2001694c    00000004     release_pem4.oem4 (.const:xdc_runtime_IModule_Interface__BASE__C)
                  20016950    00000004     release_pem4.oem4 (.const:xdc_runtime_Memory_defaultHeapInstance__C)
                  20016954    00000004     release_pem4.oem4 (.const:xdc_runtime_Startup_execImpl__C)
                  20016958    00000004     release_pem4.oem4 (.const:xdc_runtime_Startup_maxPasses__C)
                  2001695c    00000004     release_pem4.oem4 (.const:xdc_runtime_Startup_sfxnRts__C)
                  20016960    00000004     release_pem4.oem4 (.const:xdc_runtime_Startup_sfxnTab__C)
                  20016964    00000004     release_pem4.oem4 (.const:xdc_runtime_SysCallback_abortFxn__C)
                  20016968    00000004     release_pem4.oem4 (.const:xdc_runtime_SysCallback_exitFxn__C)
                  2001696c    00000004     release_pem4.oem4 (.const:xdc_runtime_System_Module__gateObj__C)
                  20016970    00000004     release_pem4.oem4 (.const:xdc_runtime_System_abortFxn__C)
                  20016974    00000004     release_pem4.oem4 (.const:xdc_runtime_System_exitFxn__C)
                  20016978    00000004     release_pem4.oem4 (.const:xdc_runtime_System_maxAtexitHandlers__C)
                  2001697c    00000002     release_pem4.oem4 (.const:xdc_runtime_Memory_Module__id__C)
                  2001697e    00000001     release_pem4.oem4 (.const:xdc_runtime_Error_policy__C)

.cinit     0    20016980    000002b8     
                  20016980    00000290     (.cinit..data.load) [load image, compression = lzss]
                  20016c10    0000000c     (__TI_handler_table)
                  20016c1c    00000004     --HOLE-- [fill = 0]
                  20016c20    00000008     (.cinit..bss.load) [load image, compression = zero_init]
                  20016c28    00000010     (__TI_cinit_table)

.init_array 
*          0    20004000    00000000     UNINITIALIZED

.priheap   0    2000cbd8    00008000     UNINITIALIZED
                  2000cbd8    00008000     --HOLE--

.bootVecs 
*          0    00000000    00000008     DSECT
                  00000000    00000008     boot.aem4 : boot.oem4 (.bootVecs)

.resetVecs 
*          0    20004000    0000003c     
                  20004000    0000003c     release_pem4.oem4 (.resetVecs)

xdc.meta   0    00000000    0000010f     COPY SECTION
                  00000000    0000010f     release_pem4.oem4 (xdc.meta)

xdc.noload 
*          0    00000000    00000000     COPY SECTION

MODULE SUMMARY

       Module                       code    ro data   rw data
       ------                       ----    -------   -------
    .\
       temp.obj                     1384    197       400    
       main_tirtos.obj              100     0         0      
    +--+----------------------------+-------+---------+---------+
       Total:                       1484    197       400    
                                                             
    .\syscfg\
       ti_drivers_config.obj        18      231       688    
    +--+----------------------------+-------+---------+---------+
       Total:                       18      231       688    
                                                             
    C:\Users\csant\EmbeddedWrkspace\tirtos_builds_CC3220S_LAUNCHXL_release_ccs_3_30_00_04\Debug\configPkg\package\cfg\
       release_pem4.oem4            1628    1051      3038   
    +--+----------------------------+-------+---------+---------+
       Total:                       1628    1051      3038   
                                                             
    C:/ti/simplelink_cc32xx_sdk_3_30_00_04/kernel/tirtos/packages/ti/dpl/lib/dpl_cc32xx.aem4
       PowerCC32XX_tirtos.oem4      430     0         0      
       SemaphoreP_tirtos.oem4       146     0         0      
       ClockP_tirtos.oem4           118     0         4      
       HwiP_tirtos.oem4             100     0         0      
    +--+----------------------------+-------+---------+---------+
       Total:                       794     0         4      
                                                             
    C:/ti/simplelink_cc32xx_sdk_3_30_00_04/source/ti/devices/cc32xx/driverlib/ccs/Release/driverlib.a
       prcm.obj                     1604    168       0      
       pin.obj                      280     256       0      
       timer.obj                    374     0         0      
       flash.obj                    72      0         0      
       uart.obj                     48      0         0      
       utils.obj                    6       0         0      
    +--+----------------------------+-------+---------+---------+
       Total:                       2384    424       0      
                                                             
    C:/ti/simplelink_cc32xx_sdk_3_30_00_04/source/ti/drivers/lib/drivers_cc32xx.aem4
       UARTCC32XX.oem4              3450    116       0      
       PowerCC32XX.oem4             2372    0         664    
       GPIOCC32XX.oem4              1160    103       65     
       TimerCC32XX.oem4             1130    32        4      
       CaptureCC32XX.oem4           894     24        8      
       UART.oem4                    166     36        1      
       RingBuf.oem4                 198     0         0      
       Capture.oem4                 178     12        1      
       PowerCC32XX_asm.oem4         150     0         0      
       List.oem4                    76      0         0      
       Timer.oem4                   68      0         1      
    +--+----------------------------+-------+---------+---------+
       Total:                       9842    323       744    
                                                             
    C:\Users\csant\EmbeddedWrkspace\tirtos_builds_CC3220S_LAUNCHXL_release_ccs_3_30_00_04\src\sysbios\sysbios.aem4
       BIOS.obj                     8624    0         136    
       m3_Hwi_asm.obj               270     0         0      
       m3_TaskSupport_asm.obj       108     0         0      
       m3_Hwi_asm_switch.obj        102     0         0      
    +--+----------------------------+-------+---------+---------+
       Total:                       9104    0         136    
                                                             
    C:\ti\ccs910\ccs\tools\compiler\ti-cgt-arm_18.12.3.LTS\lib\rtsv7M4_T_le_eabi.lib
       _printfi.c.obj               4835    0         0      
       fd_add_t2.asm.obj            438     0         0      
       defs.c.obj                   0       0         416    
       trgmsg.c.obj                 108     0         288    
       fd_div_t2.asm.obj            310     0         0      
       fputs.c.obj                  276     0         0      
       fd_cmp_t2.asm.obj            268     0         0      
       ctype.c.obj                  0       257       0      
       fd_mul_t2.asm.obj            252     0         0      
[...]
2000c8f1  xdc_runtime_SysCallback_exit__E                                 
2000c8f1  xdc_runtime_System_SupportProxy_exit__E                         
2000c901  RingBuf_isFull                                                  
2000c90f  __TI_decompress_none                                            
2000c921  pthread_attr_setdetachstate                                     
2000c931  ti_sysbios_knl_Idle_loop__E                                     
2000c941  ti_sysbios_knl_Queue_empty__E                                   
2000c94f  ClockP_delete                                                   
2000c95b  HwiP_delete                                                     
2000c969  Power_getConstraintMask                                         
2000c975  SemaphoreP_delete                                               
2000c981  _register_lock                                                  
2000c98d  _register_unlock                                                
2000c999  copysign                                                        
2000c999  copysignl                                                       
2000c9a5  __TI_zero_init                                                  
2000c9d5  ti_sysbios_family_arm_m3_Hwi_Params__init__S                    
2000c9d5  ti_sysbios_hal_Hwi_HwiProxy_Params__init__S                     
2000c9e1  ti_sysbios_family_arm_m3_Hwi_disableFxn__E                      
2000c9e1  ti_sysbios_hal_Hwi_HwiProxy_disable__E                          
2000c9f1  ti_sysbios_family_arm_m3_TaskSupport_getStackAlignment__E       
2000c9f1  ti_sysbios_knl_Task_SupportProxy_getStackAlignment__E           
2000ca01  ti_sysbios_gates_GateHwi_enter__E                               
2000ca0d  ti_sysbios_knl_Clock_Params__init__S                            
2000ca19  ClockP_getSystemTicks                                           
2000ca19  ti_sysbios_knl_Clock_getTicks__E                                
2000ca29  ti_sysbios_knl_Clock_setTicks__E                                
2000ca39  ti_sysbios_knl_Clock_tickStart__E                               
2000ca49  ti_sysbios_knl_Clock_tickStop__E                                
2000ca55  ti_sysbios_knl_Queue_Object__get__S                             
2000ca61  ti_sysbios_knl_Semaphore_Params__init__S                        
2000ca6d  ti_sysbios_knl_Task_Params__init__S                             
2000ca79  ti_sysbios_knl_Task_self__E                                     
2000ca89  ti_sysbios_rts_ti_ReentSupport_taskRegHook__I                   
2000ca99  xdc_runtime_Startup_rtsDone__E                                  
2000caa5  Capture_close                                                   
2000caaf  Capture_start                                                   
2000cab9  Capture_stop                                                    
2000cac3  ClockP_Params_init                                              
2000cacd  UART_write                                                      
2000cae1  xdc_runtime_Memory_HeapProxy_alloc__E                           
2000caeb  xdc_runtime_Memory_HeapProxy_free__E                            
2000caf5  SemaphoreP_Params_init                                          
2000cb01  pthread_attr_setstacksize                                       
2000cb11  ti_sysbios_family_arm_m3_Hwi_doSwiRestore__I                    
2000cb19  ti_sysbios_family_arm_m3_Hwi_startup__E                         
2000cb19  ti_sysbios_hal_Hwi_HwiProxy_startup__E                          
2000cb19  ti_sysbios_hal_Hwi_startup__E                                   
2000cb29  UtilsDelay                                                      
2000cb31  ti_sysbios_family_arm_m3_Hwi_doTaskRestore__I                   
2000cb39  HwiP_restore                                                    
2000cb39  ti_sysbios_family_arm_m3_Hwi_restoreFxn__E                      
2000cb39  ti_sysbios_hal_Hwi_HwiProxy_restore__E                          
2000cb41  ti_sysbios_gates_GateHwi_leave__E                               
2000cb49  ti_sysbios_heaps_HeapMem_isBlocking__E                          
2000cb51  ti_sysbios_knl_Clock_stop__E                                    
2000cb59  ti_sysbios_knl_Queue_Instance_init__E                           
2000cb61  ti_sysbios_knl_Swi_startup__E                                   
2000cb69  xdc_runtime_System_Module_startup__E                            
2000cb71  __aeabi_errno_addr                                              
2000cb79  ti_sysbios_family_arm_m3_Timer_getMaxTicks__E                   
2000cb81  ti_sysbios_gates_GateHwi_query__E                               
2000cb81  xdc_runtime_Main_Module_GateProxy_query__E                      
2000cb81  xdc_runtime_System_Module_GateProxy_query__E                    
2000cb89  ti_sysbios_BIOS_RtsGateProxy_query__E                           
2000cb89  ti_sysbios_gates_GateMutex_query__E                             
2000cb89  ti_sysbios_heaps_HeapMem_Module_GateProxy_query__E              
2000cb91  ti_sysbios_knl_Clock_setTimeout__E                              
2000cb99  ti_sysbios_knl_Task_startup__E                                  
2000cba1  ti_sysbios_BIOS_linkedWithIncorrectBootLibrary__E               
2000cba9  ti_sysbios_gates_GateHwi_Instance_init__E                       
2000cbb1  ti_sysbios_knl_Clock_logTick__E                                 
2000cbb9  xdc_runtime_SysCallback_defaultAbort                            
2000cbc1  xdc_runtime_SysCallback_defaultExit                             
2000cbc9  xdc_runtime_System_abortSpin__E                                 
2000cbd1  xdc_runtime_System_exitSpin__E                                  
2000cbd8  __primary_heap_start__                                          
20014bd8  __primary_heap_end__                                            
20014bd8  ti_sysbios_family_arm_m3_Hwi_dispatchTable                      
20014ee8  ti_sysbios_knl_Task_Instance_State_0_stack__A                   
200150e8  PowerCC32XX_contextSave                                         
20015214  __CIOBUF_                                                       
20015334  __TI_tmpnams                                                    
200153d4  uartCC32XXObjects0                                              
20015458  uartCC32XXObjects1                                              
200154dc  timerCC32XXObjects                                              
20015510  captureCC32XXObjects                                            
20015540  uartParams                                                      
200155c4  DHT_Data                                                        
200155d0  captParams                                                      
200155e4  parmbuf                                                         
200155f0  ClockP_tickPeriod                                               
200155f4  captHandle                                                      
200155f8  ti_sysbios_knl_Task_Instance_State_0_hookEnv__A                 
200155fc  uartHandle                                                      
20015600  PowerCC32XX_module                                              
2001576c  data                                                            
200158b0  parkInfo                                                        
200159a8  _ftable                                                         
20015b20  ti_sysbios_knl_Swi_Module_State_0_readyQ__A                     
20015ba0  ti_sysbios_knl_Task_Module_State_0_readyQ__A                    
20015c20  _device                                                         
20015c98  ti_sysbios_gates_GateMutex_Object__table__V                     
20015cec  _stream                                                         
20015d3c  ti_sysbios_knl_Task_Object__table__V                            
20015d88  ti_sysbios_knl_Task_Module__state__V                            
20015dcc  ti_sysbios_family_arm_m3_Hwi_Module__state__V                   
20015e00  ti_sysbios_family_arm_m3_Timer_Object__table__V                 
20015e30  ti_sysbios_knl_Swi_Object__table__V                             
20015e60  ti_sysbios_knl_Clock_Module__state__V                           
20015e8c  ti_sysbios_BIOS_Module__state__V                                
20015eb0  xdc_runtime_Error_IgnoreBlock                                   
20015ed0  ti_sysbios_knl_Swi_Module__state__V                             
20015eec  ti_sysbios_family_arm_m3_Hwi_Object__table__V                   
20015f04  ti_sysbios_heaps_HeapMem_Object__table__V                       
20015f1c  gpioCallbackFunctions                                           
20015f2c  gpioPinConfigs                                                  
20015f3c  __TI_ft_end                                                     
20015f40  __aeabi_stdin                                                   
20015f44  __aeabi_stdout                                                  
20015f48  __aeabi_stderr                                                  
20015f4c  ti_sysbios_family_arm_cc32xx_Seconds_Module__state__V           
20015f5c  __TI_cleanup_ptr                                                
20015f60  __TI_dtors_ptr                                                  
20015f64  __TI_enable_exit_profile_output                                 
20015f68  ti_sysbios_family_arm_m3_Timer_Module__state__V                 
20015f7e  ti_sysbios_family_arm_m3_Hwi_Module_State_0_excActive__A        
20015f80  _lock                                                           
20015f84  _unlock                                                         
20015f88  countData                                                       
20015f8c  allDataCaptured                                                 
20015f90  ti_sysbios_family_arm_m3_Hwi_Module__root__V                    
20015f98  ti_sysbios_gates_GateHwi_Module__root__V                        
20015fa0  ti_sysbios_gates_GateMutex_Module__root__V                      
20015fa8  ti_sysbios_heaps_HeapMem_Module__root__V                        
20015fb0  ti_sysbios_knl_Clock_Module__root__V                            
20015fb8  ti_sysbios_knl_Queue_Module__root__V                            
20015fc0  ti_sysbios_knl_Semaphore_Module__root__V                        
20015fc8  ti_sysbios_knl_Task_Module__root__V                             
20015fd0  xdc_runtime_Startup_Module__state__V                            
20015fd8  xdc_runtime_System_Module_State_0_atexitHandlers__A             
20015fe0  xdc_runtime_System_Module__state__V                             
20015fe8  main_func_sp                                                    
20015fec  ti_sysbios_family_arm_m3_Hwi_Module_State_0_excContext__A       
20015ff0  ti_sysbios_family_arm_m3_Hwi_Module_State_0_excStack__A         
20015ff4  ti_sysbios_gates_GateHwi_Object__table__V                       
20015ff8  ti_sysbios_knl_Task_Module_State_0_idleTask__A                  
20015ffc  ti_sysbios_rts_ti_ReentSupport_Module__state__V                 
20016000  xdc_runtime_Memory_Module__state__V                             
20016008  _ctypes_                                                        
20016109  Capture_count                                                   
2001610a  Timer_count                                                     
2001610b  UART_count                                                      
200162b4  PowerCC32XX_config                                              
200162f4  ti_sysbios_knl_Task_Object__PARAMS__C                           
20016330  ti_sysbios_family_arm_m3_Hwi_Object__PARAMS__C                  
20016360  UARTCC32XX_fxnTable                                             
20016388  ti_sysbios_heaps_HeapMem_Module__FXNS__C                        
200163b0  UART_defaultParams                                              
200163d4  ti_sysbios_gates_GateHwi_Module__FXNS__C                        
200163f8  ti_sysbios_gates_GateMutex_Module__FXNS__C                      
2001641c  ti_sysbios_heaps_HeapMem_Object__PARAMS__C                      
20016440  ti_sysbios_knl_Clock_Object__PARAMS__C                          
20016464  ti_sysbios_knl_Semaphore_Object__PARAMS__C                      
20016591  ti_sysbios_knl_Clock_tickMode__C                                
20016592  ti_sysbios_family_arm_m3_Hwi_Module__id__C                      
20016594  TimerCC32XX_fxnTable                                            
200165d4  ti_sysbios_family_arm_m3_Hwi_Object__DESC__C                    
200165f4  ti_sysbios_gates_GateHwi_Object__DESC__C                        
20016614  ti_sysbios_gates_GateMutex_Object__DESC__C                      
20016634  ti_sysbios_heaps_HeapMem_Object__DESC__C                        
20016654  ti_sysbios_knl_Clock_Object__DESC__C                            
20016674  ti_sysbios_knl_Queue_Object__DESC__C                            
20016694  ti_sysbios_knl_Semaphore_Object__DESC__C                        
200166b4  ti_sysbios_knl_Task_Object__DESC__C                             
200166d4  xdc_runtime_Startup_sfxnTab__A                                  
20016711  ti_sysbios_knl_Clock_tickSource__C                              
20016712  ti_sysbios_family_arm_m3_Timer_Module__id__C                    
20016714  CaptureCC32XX_fxnTable                                          
2001672c  UART_config                                                     
20016744  ti_sysbios_gates_GateHwi_Object__PARAMS__C                      
2001675c  ti_sysbios_gates_GateMutex_Object__PARAMS__C                    
20016774  ti_sysbios_knl_Queue_Object__PARAMS__C                          
2001678c  ti_sysbios_knl_Task_hooks__A                                    
200167a4  GPIOCC32XX_config                                               
20016804  timerCC32XXHWAttrs                                              
20016814  xdc_runtime_Startup_sfxnRts__A                                  
20016824  Capture_config                                                  
20016830  Timer_config                                                    
20016848  xdc_runtime_Startup_firstFxns__A                                
2001685c  captureCC32XXHWAttrs                                            
20016864  outPinTypes                                                     
20016874  ti_sysbios_knl_Idle_funcList__A                                 
2001687c  ti_sysbios_knl_Idle_funcList__C                                 
20016884  ti_sysbios_knl_Task_hooks__C                                    
2001688c  xdc_runtime_Startup_firstFxns__C                                
20016894  xdc_runtime_Startup_lastFxns__C                                 
200168a2  inPinTypes                                                      
200168a8  outPinStrengths                                                 
200168b2  ti_sysbios_heaps_HeapMem_Module__id__C                          
200168b4  ti_sysbios_family_arm_m3_Hwi_E_alreadyDefined__C                
200168b8  ti_sysbios_family_arm_m3_Hwi_E_badIntNum__C                     
200168bc  ti_sysbios_family_arm_m3_Hwi_NUM_INTERRUPTS__C                  
200168c0  ti_sysbios_family_arm_m3_Hwi_Object__count__C                   
200168c4  ti_sysbios_family_arm_m3_Hwi_ccr__C                             
200168c8  ti_sysbios_family_arm_m3_Hwi_excHandlerFunc__C                  
200168cc  ti_sysbios_family_arm_m3_Hwi_nullIsrFunc__C                     
200168d0  ti_sysbios_family_arm_m3_Hwi_priGroup__C                        
200168d4  ti_sysbios_family_arm_m3_Hwi_swiDisable__C                      
200168d8  ti_sysbios_family_arm_m3_Hwi_swiRestore__C                      
200168dc  ti_sysbios_family_arm_m3_TaskSupport_stackAlignment__C          
200168e0  ti_sysbios_family_arm_m3_Timer_E_cannotSupport__C               
200168e4  ti_sysbios_family_arm_m3_Timer_startupNeeded__C                 
200168e8  ti_sysbios_gates_GateMutex_Instance_State_sem__O                
200168ec  ti_sysbios_heaps_HeapMem_E_memory__C                            
200168f0  ti_sysbios_heaps_HeapMem_Module__gateObj__C                     
200168f4  ti_sysbios_heaps_HeapMem_Object__count__C                       
200168f8  ti_sysbios_heaps_HeapMem_primaryHeapBaseAddr__C                 
200168fc  ti_sysbios_heaps_HeapMem_primaryHeapEndAddr__C                  
20016900  ti_sysbios_heaps_HeapMem_reqAlign__C                            
20016904  ti_sysbios_knl_Clock_Module_State_clockQ__O                     
20016908  ti_sysbios_knl_Clock_tickPeriod__C                              
2001690c  ti_sysbios_knl_Mailbox_Instance_State_freeQue__O                
20016910  ti_sysbios_knl_Mailbox_Object__count__C                         
20016914  ti_sysbios_knl_Mailbox_maxTypeAlign__C                          
20016918  ti_sysbios_knl_Semaphore_Instance_State_pendQ__O                
2001691c  ti_sysbios_knl_Swi_Object__count__C                             
20016920  ti_sysbios_knl_Task_Module_State_inactiveQ__O                   
20016924  ti_sysbios_knl_Task_Object__count__C                            
20016928  ti_sysbios_knl_Task_Object__heap__C                             
2001692c  ti_sysbios_knl_Task_allBlockedFunc__C                           
20016930  ti_sysbios_knl_Task_defaultStackHeap__C                         
20016934  ti_sysbios_knl_Task_defaultStackSize__C                         
20016938  ti_sysbios_knl_Task_numConstructedTasks__C                      
2001693c  xdc_runtime_Error_E_memory__C                                   
20016940  xdc_runtime_Error_policyFxn__C                                  
20016944  xdc_runtime_IGateProvider_Interface__BASE__C                    
20016948  xdc_runtime_IHeap_Interface__BASE__C                            
2001694c  xdc_runtime_IModule_Interface__BASE__C                          
20016950  xdc_runtime_Memory_defaultHeapInstance__C                       
20016954  xdc_runtime_Startup_execImpl__C                                 
20016958  xdc_runtime_Startup_maxPasses__C                                
2001695c  xdc_runtime_Startup_sfxnRts__C                                  
20016960  xdc_runtime_Startup_sfxnTab__C                                  
20016964  xdc_runtime_SysCallback_abortFxn__C                             
20016968  xdc_runtime_SysCallback_exitFxn__C                              
2001696c  xdc_runtime_System_Module__gateObj__C                           
20016970  xdc_runtime_System_abortFxn__C                                  
20016974  xdc_runtime_System_exitFxn__C                                   
20016978  xdc_runtime_System_maxAtexitHandlers__C                         
2001697c  xdc_runtime_Memory_Module__id__C                                
2001697e  xdc_runtime_Error_policy__C                                     
20016980  __TI_static_base__                                              
20016c10  __TI_Handler_Table_Base                                         
20016c1c  __TI_Handler_Table_Limit                                        
20016c28  __TI_CINIT_Base                                                 
20016c38  __TI_CINIT_Limit                                                
e000e000  ti_sysbios_family_arm_m3_Hwi_nvic                               
ffffffff  __TI_pprof_out_hndl                                             
ffffffff  __TI_prof_data_size                                             
ffffffff  __TI_prof_data_start                                            
ffffffff  __binit__                                                       
ffffffff  __c_args__                                                      
ffffffff  binit                                                           
UNDEFED   SHT$$INIT_ARRAY$$Base                                           
UNDEFED   SHT$$INIT_ARRAY$$Limit                                          

[675 symbols]
